  Identification des projets à restaurer...
  Restauration effectuée de C:\ISLAMU\GitHub\Event\Explore.Blazor.Client\Explore.Blazor.Client.csproj (en 330 ms).
C:\Program Files\dotnet\sdk\10.0.200-preview.0.26103.119\Sdks\Microsoft.NET.Sdk\targets\Microsoft.NET.RuntimeIdentifierInference.targets(383,5): message NETSDK1057: vous utilisez une version d'aperçu de .NET. Voir : https://aka.ms/dotnet-support-policy [C:\ISLAMU\GitHub\Event\Explore.Blazor.Client\Explore.Blazor.Client.csproj]
C:\Users\AM5\.nuget\packages\microsoft.extensions.apidescription.client\10.0.1\build\Microsoft.Extensions.ApiDescription.Client.props(9,5): warning ASPDEPR001: The 'Microsoft.Extensions.ApiDescription.Client' package is deprecated and will be removed in a future release. [C:\ISLAMU\GitHub\Event\Explore.Blazor.Client\Explore.Blazor.Client.csproj]
C:\ISLAMU\GitHub\Event\Explore.Blazor.Client\Pages\Events\Components\SessionEditorPanel.razor(44,21): warning RZ10012: Found markup element with unexpected name 'ActivatorContent'. If this is intended to be a component, add a @using directive for its namespace. [C:\ISLAMU\GitHub\Event\Explore.Blazor.Client\Explore.Blazor.Client.csproj]
C:\ISLAMU\GitHub\Event\Explore.Blazor.Client\Shared\ReviewDialog.razor(19,45): warning CS8618: Le propriété « MudDialog » non-nullable doit contenir une valeur autre que Null lors de la fermeture du constructeur. Envisagez d’ajouter le modificateur « required » ou de déclarer le propriété comme pouvant accepter la valeur Null. [C:\ISLAMU\GitHub\Event\Explore.Blazor.Client\Explore.Blazor.Client.csproj]
C:\ISLAMU\GitHub\Event\Explore.Blazor.Client\Shared\LoginPromptDialog.razor(108,41): warning CS8602: Déréférencement d'une éventuelle référence null. [C:\ISLAMU\GitHub\Event\Explore.Blazor.Client\Explore.Blazor.Client.csproj]
C:\ISLAMU\GitHub\Event\Explore.Blazor.Client\Pages\Admin\Tenant\Navigation.razor(144,26): warning CS0168: La variable 'ex' est déclarée, mais jamais utilisée [C:\ISLAMU\GitHub\Event\Explore.Blazor.Client\Explore.Blazor.Client.csproj]
C:\ISLAMU\GitHub\Event\Explore.Blazor.Client\Pages\Admin\Tenant\Navigation.razor(159,14): warning CS8602: Déréférencement d'une éventuelle référence null. [C:\ISLAMU\GitHub\Event\Explore.Blazor.Client\Explore.Blazor.Client.csproj]
C:\ISLAMU\GitHub\Event\Explore.Blazor.Client\Pages\Admin\Tenant\Navigation.razor(175,14): warning CS8602: Déréférencement d'une éventuelle référence null. [C:\ISLAMU\GitHub\Event\Explore.Blazor.Client\Explore.Blazor.Client.csproj]
C:\ISLAMU\GitHub\Event\Explore.Blazor.Client\Pages\Admin\Tenant\Navigation.razor(196,26): warning CS0168: La variable 'ex' est déclarée, mais jamais utilisée [C:\ISLAMU\GitHub\Event\Explore.Blazor.Client\Explore.Blazor.Client.csproj]
C:\ISLAMU\GitHub\Event\Explore.Blazor.Client\Pages\Admin\Tenant\Navigation.razor(206,79): warning CS8629: Le type valeur Nullable peut avoir une valeur null. [C:\ISLAMU\GitHub\Event\Explore.Blazor.Client\Explore.Blazor.Client.csproj]
C:\ISLAMU\GitHub\Event\Explore.Blazor.Client\Pages\Admin\Tenant\Navigation.razor(217,26): warning CS0168: La variable 'ex' est déclarée, mais jamais utilisée [C:\ISLAMU\GitHub\Event\Explore.Blazor.Client\Explore.Blazor.Client.csproj]
C:\ISLAMU\GitHub\Event\Explore.Blazor.Client\Pages\Admin\Dialogs\EditTagDialog.razor(29,31): warning CS8618: Le propriété « ExistingTag » non-nullable doit contenir une valeur autre que Null lors de la fermeture du constructeur. Envisagez d’ajouter le modificateur « required » ou de déclarer le propriété comme pouvant accepter la valeur Null. [C:\ISLAMU\GitHub\Event\Explore.Blazor.Client\Explore.Blazor.Client.csproj]
C:\ISLAMU\GitHub\Event\Explore.Blazor.Client\Pages\Admin\Dialogs\EditTagDialog.razor(32,21): warning CS8618: Le champ « form » non-nullable doit contenir une valeur autre que Null lors de la fermeture du constructeur. Envisagez d’ajouter le modificateur « required » ou de déclarer le champ comme pouvant accepter la valeur Null. [C:\ISLAMU\GitHub\Event\Explore.Blazor.Client\Explore.Blazor.Client.csproj]
C:\ISLAMU\GitHub\Event\Explore.Blazor.Client\Pages\Admin\Tenant\Navigation.razor(235,83): warning CS8629: Le type valeur Nullable peut avoir une valeur null. [C:\ISLAMU\GitHub\Event\Explore.Blazor.Client\Explore.Blazor.Client.csproj]
C:\ISLAMU\GitHub\Event\Explore.Blazor.Client\Pages\Admin\Tenant\Navigation.razor(246,30): warning CS0168: La variable 'ex' est déclarée, mais jamais utilisée [C:\ISLAMU\GitHub\Event\Explore.Blazor.Client\Explore.Blazor.Client.csproj]
C:\ISLAMU\GitHub\Event\Explore.Blazor.Client\Pages\Admin\Dialogs\CreateCategoryDialog.razor(30,21): warning CS8618: Le champ « form » non-nullable doit contenir une valeur autre que Null lors de la fermeture du constructeur. Envisagez d’ajouter le modificateur « required » ou de déclarer le champ comme pouvant accepter la valeur Null. [C:\ISLAMU\GitHub\Event\Explore.Blazor.Client\Explore.Blazor.Client.csproj]
C:\ISLAMU\GitHub\Event\Explore.Blazor.Client\Pages\Admin\Tenant\Navigation.razor(301,26): warning CS0168: La variable 'ex' est déclarée, mais jamais utilisée [C:\ISLAMU\GitHub\Event\Explore.Blazor.Client\Explore.Blazor.Client.csproj]
C:\ISLAMU\GitHub\Event\Explore.Blazor.Client\Pages\Admin\Dialogs\EditLocationDialog.razor(35,36): warning CS8618: Le propriété « ExistingLocation » non-nullable doit contenir une valeur autre que Null lors de la fermeture du constructeur. Envisagez d’ajouter le modificateur « required » ou de déclarer le propriété comme pouvant accepter la valeur Null. [C:\ISLAMU\GitHub\Event\Explore.Blazor.Client\Explore.Blazor.Client.csproj]
C:\ISLAMU\GitHub\Event\Explore.Blazor.Client\Pages\Admin\Dialogs\EditLocationDialog.razor(38,21): warning CS8618: Le champ « form » non-nullable doit contenir une valeur autre que Null lors de la fermeture du constructeur. Envisagez d’ajouter le modificateur « required » ou de déclarer le champ comme pouvant accepter la valeur Null. [C:\ISLAMU\GitHub\Event\Explore.Blazor.Client\Explore.Blazor.Client.csproj]
C:\ISLAMU\GitHub\Event\Explore.Blazor.Client\Pages\Admin\Components\AdminOrganizationTable.razor(24,64): warning CS8602: Déréférencement d'une éventuelle référence null. [C:\ISLAMU\GitHub\Event\Explore.Blazor.Client\Explore.Blazor.Client.csproj]
C:\ISLAMU\GitHub\Event\Explore.Blazor.Client\Pages\Admin\Components\AdminOrganizationTable.razor(46,42): warning CS8629: Le type valeur Nullable peut avoir une valeur null. [C:\ISLAMU\GitHub\Event\Explore.Blazor.Client\Explore.Blazor.Client.csproj]
C:\ISLAMU\GitHub\Event\Explore.Blazor.Client\Pages\Admin\AdminListDetails.razor(33,43): warning CS8602: Déréférencement d'une éventuelle référence null. [C:\ISLAMU\GitHub\Event\Explore.Blazor.Client\Explore.Blazor.Client.csproj]
C:\ISLAMU\GitHub\Event\Explore.Blazor.Client\Pages\Admin\Dialogs\EditCategoryDialog.razor(29,40): warning CS8618: Le propriété « ExistingCategory » non-nullable doit contenir une valeur autre que Null lors de la fermeture du constructeur. Envisagez d’ajouter le modificateur « required » ou de déclarer le propriété comme pouvant accepter la valeur Null. [C:\ISLAMU\GitHub\Event\Explore.Blazor.Client\Explore.Blazor.Client.csproj]
C:\ISLAMU\GitHub\Event\Explore.Blazor.Client\Pages\Admin\Dialogs\EditCategoryDialog.razor(32,21): warning CS8618: Le champ « form » non-nullable doit contenir une valeur autre que Null lors de la fermeture du constructeur. Envisagez d’ajouter le modificateur « required » ou de déclarer le champ comme pouvant accepter la valeur Null. [C:\ISLAMU\GitHub\Event\Explore.Blazor.Client\Explore.Blazor.Client.csproj]
C:\ISLAMU\GitHub\Event\Explore.Blazor.Client\Pages\Admin\Dialogs\CreateTagDialog.razor(30,21): warning CS8618: Le champ « form » non-nullable doit contenir une valeur autre que Null lors de la fermeture du constructeur. Envisagez d’ajouter le modificateur « required » ou de déclarer le champ comme pouvant accepter la valeur Null. [C:\ISLAMU\GitHub\Event\Explore.Blazor.Client\Explore.Blazor.Client.csproj]
C:\ISLAMU\GitHub\Event\Explore.Blazor.Client\Pages\Admin\Dialogs\CreateLocationDialog.razor(36,21): warning CS8618: Le champ « form » non-nullable doit contenir une valeur autre que Null lors de la fermeture du constructeur. Envisagez d’ajouter le modificateur « required » ou de déclarer le champ comme pouvant accepter la valeur Null. [C:\ISLAMU\GitHub\Event\Explore.Blazor.Client\Explore.Blazor.Client.csproj]
C:\ISLAMU\GitHub\Event\Explore.Blazor.Client\Pages\Admin\Organization\Components\OrganizationMembersSection.razor(181,14): warning CS8602: Déréférencement d'une éventuelle référence null. [C:\ISLAMU\GitHub\Event\Explore.Blazor.Client\Explore.Blazor.Client.csproj]
C:\ISLAMU\GitHub\Event\Explore.Blazor.Client\Pages\Admin\Organization\Components\OrganizationMembersSection.razor(203,14): warning CS8602: Déréférencement d'une éventuelle référence null. [C:\ISLAMU\GitHub\Event\Explore.Blazor.Client\Explore.Blazor.Client.csproj]
C:\ISLAMU\GitHub\Event\Explore.Blazor.Client\Pages\Events\Components\OnlineEventDialog.razor(25,45): warning CS8618: Le propriété « MudDialog » non-nullable doit contenir une valeur autre que Null lors de la fermeture du constructeur. Envisagez d’ajouter le modificateur « required » ou de déclarer le propriété comme pouvant accepter la valeur Null. [C:\ISLAMU\GitHub\Event\Explore.Blazor.Client\Explore.Blazor.Client.csproj]
C:\ISLAMU\GitHub\Event\Explore.Blazor.Client\Pages\Organizations\Dialogs\InviteMemberDialog.razor(23,55): warning CS8618: Le propriété « MudDialog » non-nullable doit contenir une valeur autre que Null lors de la fermeture du constructeur. Envisagez d’ajouter le modificateur « required » ou de déclarer le propriété comme pouvant accepter la valeur Null. [C:\ISLAMU\GitHub\Event\Explore.Blazor.Client\Explore.Blazor.Client.csproj]
C:\ISLAMU\GitHub\Event\Explore.Blazor.Client\Pages\Organizations\OrganizationDetails.razor.cs(93,54): warning CS8602: Déréférencement d'une éventuelle référence null. [C:\ISLAMU\GitHub\Event\Explore.Blazor.Client\Explore.Blazor.Client.csproj]
C:\ISLAMU\GitHub\Event\Explore.Blazor.Client\Pages\Events\MyEvents.razor(70,115): warning CS8604: Existence possible d'un argument de référence null pour le paramètre 'value' dans 'void MyEvents.OnCategoryChanged(string value)'. [C:\ISLAMU\GitHub\Event\Explore.Blazor.Client\Explore.Blazor.Client.csproj]
C:\ISLAMU\GitHub\Event\Explore.Blazor.Client\Pages\Organizations\OrganizationMembers.razor.cs(59,50): warning CS8602: Déréférencement d'une éventuelle référence null. [C:\ISLAMU\GitHub\Event\Explore.Blazor.Client\Explore.Blazor.Client.csproj]
C:\ISLAMU\GitHub\Event\Explore.Blazor.Client\Pages\Organizations\OrganizationMembers.razor.cs(102,14): warning CS8602: Déréférencement d'une éventuelle référence null. [C:\ISLAMU\GitHub\Event\Explore.Blazor.Client\Explore.Blazor.Client.csproj]
C:\ISLAMU\GitHub\Event\Explore.Blazor.Client\Pages\Organizations\OrganizationMembers.razor.cs(114,14): warning CS8602: Déréférencement d'une éventuelle référence null. [C:\ISLAMU\GitHub\Event\Explore.Blazor.Client\Explore.Blazor.Client.csproj]
C:\ISLAMU\GitHub\Event\Explore.Blazor.Client\Pages\Events\EventList.razor.cs(245,82): warning CS8629: Le type valeur Nullable peut avoir une valeur null. [C:\ISLAMU\GitHub\Event\Explore.Blazor.Client\Explore.Blazor.Client.csproj]
C:\ISLAMU\GitHub\Event\Explore.Blazor.Client\Pages\Events\EventList.razor.cs(246,86): warning CS8629: Le type valeur Nullable peut avoir une valeur null. [C:\ISLAMU\GitHub\Event\Explore.Blazor.Client\Explore.Blazor.Client.csproj]
C:\ISLAMU\GitHub\Event\Explore.Blazor.Client\Pages\Organizations\OrganizationSharedContacts.razor.cs(51,26): warning CS0168: La variable 'ex' est déclarée, mais jamais utilisée [C:\ISLAMU\GitHub\Event\Explore.Blazor.Client\Explore.Blazor.Client.csproj]
C:\ISLAMU\GitHub\Event\Explore.Blazor.Client\Pages\Organizations\OrganizationSharedContacts.razor.cs(83,26): warning CS0168: La variable 'ex' est déclarée, mais jamais utilisée [C:\ISLAMU\GitHub\Event\Explore.Blazor.Client\Explore.Blazor.Client.csproj]
C:\ISLAMU\GitHub\Event\Explore.Blazor.Client\Pages\Organizations\Dialogs\EditMemberRoleDialog.razor(25,55): warning CS8618: Le propriété « MudDialog » non-nullable doit contenir une valeur autre que Null lors de la fermeture du constructeur. Envisagez d’ajouter le modificateur « required » ou de déclarer le propriété comme pouvant accepter la valeur Null. [C:\ISLAMU\GitHub\Event\Explore.Blazor.Client\Explore.Blazor.Client.csproj]
C:\ISLAMU\GitHub\Event\Explore.Blazor.Client\Pages\Organizations\Dialogs\EditMemberRoleDialog.razor(26,46): warning CS8618: Le propriété « Member » non-nullable doit contenir une valeur autre que Null lors de la fermeture du constructeur. Envisagez d’ajouter le modificateur « required » ou de déclarer le propriété comme pouvant accepter la valeur Null. [C:\ISLAMU\GitHub\Event\Explore.Blazor.Client\Explore.Blazor.Client.csproj]
C:\ISLAMU\GitHub\Event\Explore.Blazor.Client\Pages\Landing\LandingPageForNonUsers.razor(143,131): warning CS8604: Existence possible d'un argument de référence null pour le paramètre 'text' dans 'string LandingPageForNonUsers.TruncateText(string text, int maxLength)'. [C:\ISLAMU\GitHub\Event\Explore.Blazor.Client\Explore.Blazor.Client.csproj]
C:\ISLAMU\GitHub\Event\Explore.Blazor.Client\Pages\User\Components\SettingsPersonalInfo.razor(178,29): warning CS8601: Existence possible d'une assignation de référence null. [C:\ISLAMU\GitHub\Event\Explore.Blazor.Client\Explore.Blazor.Client.csproj]
C:\ISLAMU\GitHub\Event\Explore.Blazor.Client\Pages\User\Components\SettingsPersonalInfo.razor(179,28): warning CS8601: Existence possible d'une assignation de référence null. [C:\ISLAMU\GitHub\Event\Explore.Blazor.Client\Explore.Blazor.Client.csproj]
C:\ISLAMU\GitHub\Event\Explore.Blazor.Client\Pages\User\Components\SettingsPersonalInfo.razor(180,25): warning CS8601: Existence possible d'une assignation de référence null. [C:\ISLAMU\GitHub\Event\Explore.Blazor.Client\Explore.Blazor.Client.csproj]
C:\ISLAMU\GitHub\Event\Explore.Blazor.Client\Pages\User\Components\SettingsConnectedApps.razor(141,26): warning CS0168: La variable 'ex' est déclarée, mais jamais utilisée [C:\ISLAMU\GitHub\Event\Explore.Blazor.Client\Explore.Blazor.Client.csproj]
C:\ISLAMU\GitHub\Event\Explore.Blazor.Client\Pages\User\Components\SettingsConnectedApps.razor(181,26): warning CS0168: La variable 'ex' est déclarée, mais jamais utilisée [C:\ISLAMU\GitHub\Event\Explore.Blazor.Client\Explore.Blazor.Client.csproj]
C:\ISLAMU\GitHub\Event\Explore.Blazor.Client\Pages\Events\Dialogs\CreateSessionDialog.razor(59,33): warning CS8629: Le type valeur Nullable peut avoir une valeur null. [C:\ISLAMU\GitHub\Event\Explore.Blazor.Client\Explore.Blazor.Client.csproj]
C:\ISLAMU\GitHub\Event\Explore.Blazor.Client\Pages\Events\Dialogs\CreateSessionDialog.razor(59,56): warning CS8629: Le type valeur Nullable peut avoir une valeur null. [C:\ISLAMU\GitHub\Event\Explore.Blazor.Client\Explore.Blazor.Client.csproj]
C:\ISLAMU\GitHub\Event\Explore.Blazor.Client\Pages\Events\Dialogs\CreateSessionDialog.razor(60,31): warning CS8629: Le type valeur Nullable peut avoir une valeur null. [C:\ISLAMU\GitHub\Event\Explore.Blazor.Client\Explore.Blazor.Client.csproj]
C:\ISLAMU\GitHub\Event\Explore.Blazor.Client\Pages\Events\Dialogs\CreateSessionDialog.razor(60,52): warning CS8629: Le type valeur Nullable peut avoir une valeur null. [C:\ISLAMU\GitHub\Event\Explore.Blazor.Client\Explore.Blazor.Client.csproj]
C:\ISLAMU\GitHub\Event\Explore.Blazor.Client\Pages\Events\Dialogs\CreateSessionDialog.razor(38,21): warning CS8618: Le champ « form » non-nullable doit contenir une valeur autre que Null lors de la fermeture du constructeur. Envisagez d’ajouter le modificateur « required » ou de déclarer le champ comme pouvant accepter la valeur Null. [C:\ISLAMU\GitHub\Event\Explore.Blazor.Client\Explore.Blazor.Client.csproj]
C:\ISLAMU\GitHub\Event\Explore.Blazor.Client\Pages\Events\Dialogs\EditSessionDialog.razor(77,33): warning CS8629: Le type valeur Nullable peut avoir une valeur null. [C:\ISLAMU\GitHub\Event\Explore.Blazor.Client\Explore.Blazor.Client.csproj]
C:\ISLAMU\GitHub\Event\Explore.Blazor.Client\Pages\Events\Dialogs\EditSessionDialog.razor(77,56): warning CS8629: Le type valeur Nullable peut avoir une valeur null. [C:\ISLAMU\GitHub\Event\Explore.Blazor.Client\Explore.Blazor.Client.csproj]
C:\ISLAMU\GitHub\Event\Explore.Blazor.Client\Pages\Events\Dialogs\EditSessionDialog.razor(78,31): warning CS8629: Le type valeur Nullable peut avoir une valeur null. [C:\ISLAMU\GitHub\Event\Explore.Blazor.Client\Explore.Blazor.Client.csproj]
C:\ISLAMU\GitHub\Event\Explore.Blazor.Client\Pages\Events\Dialogs\EditSessionDialog.razor(78,52): warning CS8629: Le type valeur Nullable peut avoir une valeur null. [C:\ISLAMU\GitHub\Event\Explore.Blazor.Client\Explore.Blazor.Client.csproj]
C:\ISLAMU\GitHub\Event\Explore.Blazor.Client\Pages\Events\Dialogs\EditSessionDialog.razor(35,40): warning CS8618: Le propriété « ExistingSession » non-nullable doit contenir une valeur autre que Null lors de la fermeture du constructeur. Envisagez d’ajouter le modificateur « required » ou de déclarer le propriété comme pouvant accepter la valeur Null. [C:\ISLAMU\GitHub\Event\Explore.Blazor.Client\Explore.Blazor.Client.csproj]
C:\ISLAMU\GitHub\Event\Explore.Blazor.Client\Pages\Events\Dialogs\EditSessionDialog.razor(38,21): warning CS8618: Le champ « form » non-nullable doit contenir une valeur autre que Null lors de la fermeture du constructeur. Envisagez d’ajouter le modificateur « required » ou de déclarer le champ comme pouvant accepter la valeur Null. [C:\ISLAMU\GitHub\Event\Explore.Blazor.Client\Explore.Blazor.Client.csproj]
C:\ISLAMU\GitHub\Event\Explore.Blazor.Client\Services\EventService.cs(343,98): warning CS8619: La nullabilité des types référence dans la valeur de type 'Task<BaseCommandResponseOfGuid>' ne correspond pas au type cible 'Task<BaseCommandResponseOfGuid?>'. [C:\ISLAMU\GitHub\Event\Explore.Blazor.Client\Explore.Blazor.Client.csproj]
C:\ISLAMU\GitHub\Event\Explore.Blazor.Client\Services\EventService.cs(345,98): warning CS8619: La nullabilité des types référence dans la valeur de type 'Task<BaseCommandResponseOfGuid>' ne correspond pas au type cible 'Task<BaseCommandResponseOfGuid?>'. [C:\ISLAMU\GitHub\Event\Explore.Blazor.Client\Explore.Blazor.Client.csproj]
C:\ISLAMU\GitHub\Event\Explore.Blazor.Client\Services\EventService.cs(352,118): warning CS8619: La nullabilité des types référence dans la valeur de type 'Task<BaseCommandResponseOfGuid>' ne correspond pas au type cible 'Task<BaseCommandResponseOfGuid?>'. [C:\ISLAMU\GitHub\Event\Explore.Blazor.Client\Explore.Blazor.Client.csproj]
C:\ISLAMU\GitHub\Event\Explore.Blazor.Client\Services\EventService.cs(358,113): warning CS8619: La nullabilité des types référence dans la valeur de type 'Task<BaseCommandResponseOfGuid>' ne correspond pas au type cible 'Task<BaseCommandResponseOfGuid?>'. [C:\ISLAMU\GitHub\Event\Explore.Blazor.Client\Explore.Blazor.Client.csproj]
C:\ISLAMU\GitHub\Event\Explore.Blazor.Client\Pages\Events\Dialogs\ManageSpeakersDialog.razor(68,37): warning CS8602: Déréférencement d'une éventuelle référence null. [C:\ISLAMU\GitHub\Event\Explore.Blazor.Client\Explore.Blazor.Client.csproj]
C:\ISLAMU\GitHub\Event\Explore.Blazor.Client\Pages\Events\EventList.razor.cs(41,18): warning CS0169: Le champ 'EventList._filtersOpen' n'est jamais utilisé [C:\ISLAMU\GitHub\Event\Explore.Blazor.Client\Explore.Blazor.Client.csproj]
C:\ISLAMU\GitHub\Event\Explore.Blazor.Client\Pages\Events\EventList.razor.cs(40,21): warning CS0169: Le champ 'EventList._searchTerm' n'est jamais utilisé [C:\ISLAMU\GitHub\Event\Explore.Blazor.Client\Explore.Blazor.Client.csproj]
C:\ISLAMU\GitHub\Event\Explore.Blazor.Client\Layout\MainLayout.razor.cs(20,18): warning CS0414: Le champ 'MainLayout._isInitialized' est assigné, mais sa valeur n'est jamais utilisée [C:\ISLAMU\GitHub\Event\Explore.Blazor.Client\Explore.Blazor.Client.csproj]
C:\ISLAMU\GitHub\Event\Explore.Blazor.Client\Shared\ImageUpload.razor(96,18): warning CS0414: Le champ 'ImageUpload._isReadingFile' est assigné, mais sa valeur n'est jamais utilisée [C:\ISLAMU\GitHub\Event\Explore.Blazor.Client\Explore.Blazor.Client.csproj]
C:\ISLAMU\GitHub\Event\Explore.Blazor.Client\Pages\Events\EventList.razor.cs(92,18): warning CS0414: Le champ 'EventList._isCancellingRegistration' est assigné, mais sa valeur n'est jamais utilisée [C:\ISLAMU\GitHub\Event\Explore.Blazor.Client\Explore.Blazor.Client.csproj]
C:\ISLAMU\GitHub\Event\Explore.Blazor.Client\Configuration\TenantConfiguration.cs(40,39): warning CA1805: Le membre 'Enabled' est explicitement initialisé en fonction de sa valeur par défaut (https://learn.microsoft.com/dotnet/fundamentals/code-analysis/quality-rules/ca1805) [C:\ISLAMU\GitHub\Event\Explore.Blazor.Client\Explore.Blazor.Client.csproj]
C:\ISLAMU\GitHub\Event\Explore.Blazor.Client\Models\CategoryFilterChangedEventArgs.cs(6,14): warning CA1711: Renommez le nom de type CategoryFilterChangedEventArgs pour qu'il ne finisse pas par 'EventArgs' (https://learn.microsoft.com/dotnet/fundamentals/code-analysis/quality-rules/ca1711) [C:\ISLAMU\GitHub\Event\Explore.Blazor.Client\Explore.Blazor.Client.csproj]
C:\ISLAMU\GitHub\Event\Explore.Blazor.Client\Models\TagFilterChangedEventArgs.cs(6,14): warning CA1711: Renommez le nom de type TagFilterChangedEventArgs pour qu'il ne finisse pas par 'EventArgs' (https://learn.microsoft.com/dotnet/fundamentals/code-analysis/quality-rules/ca1711) [C:\ISLAMU\GitHub\Event\Explore.Blazor.Client\Explore.Blazor.Client.csproj]
C:\ISLAMU\GitHub\Event\Explore.Blazor.Client\Layout\MainLayout.razor.cs(19,30): warning CA1805: Le membre '_isDarkMode' est explicitement initialisé en fonction de sa valeur par défaut (https://learn.microsoft.com/dotnet/fundamentals/code-analysis/quality-rules/ca1805) [C:\ISLAMU\GitHub\Event\Explore.Blazor.Client\Explore.Blazor.Client.csproj]
C:\ISLAMU\GitHub\Event\Explore.Blazor.Client\Layout\MainLayout.razor.cs(20,33): warning CA1805: Le membre '_isInitialized' est explicitement initialisé en fonction de sa valeur par défaut (https://learn.microsoft.com/dotnet/fundamentals/code-analysis/quality-rules/ca1805) [C:\ISLAMU\GitHub\Event\Explore.Blazor.Client\Explore.Blazor.Client.csproj]
C:\ISLAMU\GitHub\Event\Explore.Blazor.Client\Layout\NavMenu.razor.cs(53,32): warning CA1805: Le membre '_dropdownOpen' est explicitement initialisé en fonction de sa valeur par défaut (https://learn.microsoft.com/dotnet/fundamentals/code-analysis/quality-rules/ca1805) [C:\ISLAMU\GitHub\Event\Explore.Blazor.Client\Explore.Blazor.Client.csproj]
C:\ISLAMU\GitHub\Event\Explore.Blazor.Client\Layout\NavMenu.razor.cs(55,30): warning CA1805: Le membre '_userLoaded' est explicitement initialisé en fonction de sa valeur par défaut (https://learn.microsoft.com/dotnet/fundamentals/code-analysis/quality-rules/ca1805) [C:\ISLAMU\GitHub\Event\Explore.Blazor.Client\Explore.Blazor.Client.csproj]
C:\ISLAMU\GitHub\Event\Explore.Blazor.Client\Services\PublicExperienceService.cs(122,69): warning CA1805: Le membre 'DisallowInteractiveServerOnOnboarding' est explicitement initialisé en fonction de sa valeur par défaut (https://learn.microsoft.com/dotnet/fundamentals/code-analysis/quality-rules/ca1805) [C:\ISLAMU\GitHub\Event\Explore.Blazor.Client\Explore.Blazor.Client.csproj]
C:\ISLAMU\GitHub\Event\Explore.Blazor.Client\Pages\Organizations\CreateOrganization.razor.cs(22,37): warning CA1805: Le membre 'confirmInformation' est explicitement initialisé en fonction de sa valeur par défaut (https://learn.microsoft.com/dotnet/fundamentals/code-analysis/quality-rules/ca1805) [C:\ISLAMU\GitHub\Event\Explore.Blazor.Client\Explore.Blazor.Client.csproj]
C:\ISLAMU\GitHub\Event\Explore.Blazor.Client\Pages\Organizations\CreateOrganization.razor.cs(21,30): warning CA1805: Le membre 'acceptTerms' est explicitement initialisé en fonction de sa valeur par défaut (https://learn.microsoft.com/dotnet/fundamentals/code-analysis/quality-rules/ca1805) [C:\ISLAMU\GitHub\Event\Explore.Blazor.Client\Explore.Blazor.Client.csproj]
C:\ISLAMU\GitHub\Event\Explore.Blazor.Client\Pages\Organizations\CreateOrganization.razor.cs(23,31): warning CA1805: Le membre 'isSubmitting' est explicitement initialisé en fonction de sa valeur par défaut (https://learn.microsoft.com/dotnet/fundamentals/code-analysis/quality-rules/ca1805) [C:\ISLAMU\GitHub\Event\Explore.Blazor.Client\Explore.Blazor.Client.csproj]
C:\ISLAMU\GitHub\Event\Explore.Blazor.Client\Pages\Organizations\CreateOrganization.razor.cs(28,35): warning CA1805: Le membre '_isUploadingLogo' est explicitement initialisé en fonction de sa valeur par défaut (https://learn.microsoft.com/dotnet/fundamentals/code-analysis/quality-rules/ca1805) [C:\ISLAMU\GitHub\Event\Explore.Blazor.Client\Explore.Blazor.Client.csproj]
C:\ISLAMU\GitHub\Event\Explore.Blazor.Client\Pages\Organizations\CreateOrganization.razor.cs(29,48): warning CA1805: Le membre '_uploadedLogoStorageObjectId' est explicitement initialisé en fonction de sa valeur par défaut (https://learn.microsoft.com/dotnet/fundamentals/code-analysis/quality-rules/ca1805) [C:\ISLAMU\GitHub\Event\Explore.Blazor.Client\Explore.Blazor.Client.csproj]
C:\ISLAMU\GitHub\Event\Explore.Blazor.Client\Pages\Organizations\CreateOrganization.razor.cs(33,32): warning CA1805: Le membre 'submitSuccess' est explicitement initialisé en fonction de sa valeur par défaut (https://learn.microsoft.com/dotnet/fundamentals/code-analysis/quality-rules/ca1805) [C:\ISLAMU\GitHub\Event\Explore.Blazor.Client\Explore.Blazor.Client.csproj]
C:\ISLAMU\GitHub\Event\Explore.Blazor.Client\Pages\Landing\LandingPageForNonUsers.razor.cs(21,30): warning CA1805: Le membre '_eventsCount' est explicitement initialisé en fonction de sa valeur par défaut (https://learn.microsoft.com/dotnet/fundamentals/code-analysis/quality-rules/ca1805) [C:\ISLAMU\GitHub\Event\Explore.Blazor.Client\Explore.Blazor.Client.csproj]
C:\ISLAMU\GitHub\Event\Explore.Blazor.Client\Pages\Organizations\OrganizationDetails.razor.cs(27,26): warning CA1805: Le membre 'canEdit' est explicitement initialisé en fonction de sa valeur par défaut (https://learn.microsoft.com/dotnet/fundamentals/code-analysis/quality-rules/ca1805) [C:\ISLAMU\GitHub\Event\Explore.Blazor.Client\Explore.Blazor.Client.csproj]
C:\ISLAMU\GitHub\Event\Explore.Blazor.Client\Pages\Organizations\OrganizationDetails.razor.cs(26,27): warning CA1805: Le membre 'isSaving' est explicitement initialisé en fonction de sa valeur par défaut (https://learn.microsoft.com/dotnet/fundamentals/code-analysis/quality-rules/ca1805) [C:\ISLAMU\GitHub\Event\Explore.Blazor.Client\Explore.Blazor.Client.csproj]
C:\ISLAMU\GitHub\Event\Explore.Blazor.Client\Pages\Organizations\OrganizationDetails.razor.cs(25,29): warning CA1805: Le membre 'isEditMode' est explicitement initialisé en fonction de sa valeur par défaut (https://learn.microsoft.com/dotnet/fundamentals/code-analysis/quality-rules/ca1805) [C:\ISLAMU\GitHub\Event\Explore.Blazor.Client\Explore.Blazor.Client.csproj]
C:\ISLAMU\GitHub\Event\Explore.Blazor.Client\Pages\Organizations\OrganizationSharedContacts.razor.cs(23,31): warning CA1805: Le membre '_isExporting' est explicitement initialisé en fonction de sa valeur par défaut (https://learn.microsoft.com/dotnet/fundamentals/code-analysis/quality-rules/ca1805) [C:\ISLAMU\GitHub\Event\Explore.Blazor.Client\Explore.Blazor.Client.csproj]
C:\ISLAMU\GitHub\Event\Explore.Blazor.Client\Pages\Organizations\OrganizationSharedContacts.razor.cs(22,37): warning CA1805: Le membre '_isLoadingContacts' est explicitement initialisé en fonction de sa valeur par défaut (https://learn.microsoft.com/dotnet/fundamentals/code-analysis/quality-rules/ca1805) [C:\ISLAMU\GitHub\Event\Explore.Blazor.Client\Explore.Blazor.Client.csproj]
C:\ISLAMU\GitHub\Event\Explore.Blazor.Client\Pages\Events\EventDetail.razor.cs(49,44): warning CA1805: Le membre '_isCancellingRegistration' est explicitement initialisé en fonction de sa valeur par défaut (https://learn.microsoft.com/dotnet/fundamentals/code-analysis/quality-rules/ca1805) [C:\ISLAMU\GitHub\Event\Explore.Blazor.Client\Explore.Blazor.Client.csproj]
C:\ISLAMU\GitHub\Event\Explore.Blazor.Client\Pages\Events\EventDetail.razor.cs(52,27): warning CA1805: Le membre '_canEdit' est explicitement initialisé en fonction de sa valeur par défaut (https://learn.microsoft.com/dotnet/fundamentals/code-analysis/quality-rules/ca1805) [C:\ISLAMU\GitHub\Event\Explore.Blazor.Client\Explore.Blazor.Client.csproj]
C:\ISLAMU\GitHub\Event\Explore.Blazor.Client\Pages\Events\EventDetail.razor.cs(51,29): warning CA1805: Le membre '_canDelete' est explicitement initialisé en fonction de sa valeur par défaut (https://learn.microsoft.com/dotnet/fundamentals/code-analysis/quality-rules/ca1805) [C:\ISLAMU\GitHub\Event\Explore.Blazor.Client\Explore.Blazor.Client.csproj]
C:\ISLAMU\GitHub\Event\Explore.Blazor.Client\Pages\Events\CreateEvent.razor.cs(64,30): warning CA1805: Le membre '_dataLoaded' est explicitement initialisé en fonction de sa valeur par défaut (https://learn.microsoft.com/dotnet/fundamentals/code-analysis/quality-rules/ca1805) [C:\ISLAMU\GitHub\Event\Explore.Blazor.Client\Explore.Blazor.Client.csproj]
C:\ISLAMU\GitHub\Event\Explore.Blazor.Client\Pages\Events\CreateEvent.razor.cs(65,35): warning CA1805: Le membre 'selectedMadhabId' est explicitement initialisé en fonction de sa valeur par défaut (https://learn.microsoft.com/dotnet/fundamentals/code-analysis/quality-rules/ca1805) [C:\ISLAMU\GitHub\Event\Explore.Blazor.Client\Explore.Blazor.Client.csproj]
C:\ISLAMU\GitHub\Event\Explore.Blazor.Client\Pages\Events\CreateEvent.razor.cs(70,36): warning CA1805: Le membre '_isUploadingImage' est explicitement initialisé en fonction de sa valeur par défaut (https://learn.microsoft.com/dotnet/fundamentals/code-analysis/quality-rules/ca1805) [C:\ISLAMU\GitHub\Event\Explore.Blazor.Client\Explore.Blazor.Client.csproj]
C:\ISLAMU\GitHub\Event\Explore.Blazor.Client\Pages\Events\CreateEvent.razor.cs(88,44): warning CA1805: Le membre '_showFirstSessionLocation' est explicitement initialisé en fonction de sa valeur par défaut (https://learn.microsoft.com/dotnet/fundamentals/code-analysis/quality-rules/ca1805) [C:\ISLAMU\GitHub\Event\Explore.Blazor.Client\Explore.Blazor.Client.csproj]
C:\ISLAMU\GitHub\Event\Explore.Blazor.Client\Pages\Events\CreateEvent.razor.cs(89,40): warning CA1805: Le membre '_showTimezoneSelector' est explicitement initialisé en fonction de sa valeur par défaut (https://learn.microsoft.com/dotnet/fundamentals/code-analysis/quality-rules/ca1805) [C:\ISLAMU\GitHub\Event\Explore.Blazor.Client\Explore.Blazor.Client.csproj]
C:\ISLAMU\GitHub\Event\Explore.Blazor.Client\Pages\Events\CreateEvent.razor.cs(95,31): warning CA1805: Le membre 'isProcessing' est explicitement initialisé en fonction de sa valeur par défaut (https://learn.microsoft.com/dotnet/fundamentals/code-analysis/quality-rules/ca1805) [C:\ISLAMU\GitHub\Event\Explore.Blazor.Client\Explore.Blazor.Client.csproj]
C:\ISLAMU\GitHub\Event\Explore.Blazor.Client\Pages\Events\EventEdit.razor.cs(55,49): warning CA1805: Le membre '_uploadedImageStorageObjectId' est explicitement initialisé en fonction de sa valeur par défaut (https://learn.microsoft.com/dotnet/fundamentals/code-analysis/quality-rules/ca1805) [C:\ISLAMU\GitHub\Event\Explore.Blazor.Client\Explore.Blazor.Client.csproj]
C:\ISLAMU\GitHub\Event\Explore.Blazor.Client\Pages\Events\EventEdit.razor.cs(72,44): warning CA1805: Le membre '_showFirstSessionLocation' est explicitement initialisé en fonction de sa valeur par défaut (https://learn.microsoft.com/dotnet/fundamentals/code-analysis/quality-rules/ca1805) [C:\ISLAMU\GitHub\Event\Explore.Blazor.Client\Explore.Blazor.Client.csproj]
C:\ISLAMU\GitHub\Event\Explore.Blazor.Client\Pages\Events\EventEdit.razor.cs(73,40): warning CA1805: Le membre '_showTimezoneSelector' est explicitement initialisé en fonction de sa valeur par défaut (https://learn.microsoft.com/dotnet/fundamentals/code-analysis/quality-rules/ca1805) [C:\ISLAMU\GitHub\Event\Explore.Blazor.Client\Explore.Blazor.Client.csproj]
C:\ISLAMU\GitHub\Event\Explore.Blazor.Client\Pages\Events\EventEdit.razor.cs(79,31): warning CA1805: Le membre 'isProcessing' est explicitement initialisé en fonction de sa valeur par défaut (https://learn.microsoft.com/dotnet/fundamentals/code-analysis/quality-rules/ca1805) [C:\ISLAMU\GitHub\Event\Explore.Blazor.Client\Explore.Blazor.Client.csproj]
C:\ISLAMU\GitHub\Event\Explore.Blazor.Client\Pages\Events\EventEdit.razor.cs(54,36): warning CA1805: Le membre '_isUploadingImage' est explicitement initialisé en fonction de sa valeur par défaut (https://learn.microsoft.com/dotnet/fundamentals/code-analysis/quality-rules/ca1805) [C:\ISLAMU\GitHub\Event\Explore.Blazor.Client\Explore.Blazor.Client.csproj]
C:\ISLAMU\GitHub\Event\Explore.Blazor.Client\Pages\Events\CreateEvent.razor.cs(71,49): warning CA1805: Le membre '_uploadedImageStorageObjectId' est explicitement initialisé en fonction de sa valeur par défaut (https://learn.microsoft.com/dotnet/fundamentals/code-analysis/quality-rules/ca1805) [C:\ISLAMU\GitHub\Event\Explore.Blazor.Client\Explore.Blazor.Client.csproj]
C:\ISLAMU\GitHub\Event\Explore.Blazor.Client\Pages\Events\EventList.razor.cs(57,32): warning CA1805: Le membre '_eventsLoaded' est explicitement initialisé en fonction de sa valeur par défaut (https://learn.microsoft.com/dotnet/fundamentals/code-analysis/quality-rules/ca1805) [C:\ISLAMU\GitHub\Event\Explore.Blazor.Client\Explore.Blazor.Client.csproj]
C:\ISLAMU\GitHub\Event\Explore.Blazor.Client\Pages\Events\EventList.razor.cs(60,39): warning CA1805: Le membre '_virtualizeRefreshed' est explicitement initialisé en fonction de sa valeur par défaut (https://learn.microsoft.com/dotnet/fundamentals/code-analysis/quality-rules/ca1805) [C:\ISLAMU\GitHub\Event\Explore.Blazor.Client\Explore.Blazor.Client.csproj]
C:\ISLAMU\GitHub\Event\Explore.Blazor.Client\Pages\Events\EventList.razor.cs(61,35): warning CA1805: Le membre '_useInitialBatch' est explicitement initialisé en fonction de sa valeur par défaut (https://learn.microsoft.com/dotnet/fundamentals/code-analysis/quality-rules/ca1805) [C:\ISLAMU\GitHub\Event\Explore.Blazor.Client\Explore.Blazor.Client.csproj]
C:\ISLAMU\GitHub\Event\Explore.Blazor.Client\Pages\Events\EventList.razor.cs(58,30): warning CA1805: Le membre '_dataLoaded' est explicitement initialisé en fonction de sa valeur par défaut (https://learn.microsoft.com/dotnet/fundamentals/code-analysis/quality-rules/ca1805) [C:\ISLAMU\GitHub\Event\Explore.Blazor.Client\Explore.Blazor.Client.csproj]
C:\ISLAMU\GitHub\Event\Explore.Blazor.Client\Pages\Events\EventList.razor.cs(92,44): warning CA1805: Le membre '_isCancellingRegistration' est explicitement initialisé en fonction de sa valeur par défaut (https://learn.microsoft.com/dotnet/fundamentals/code-analysis/quality-rules/ca1805) [C:\ISLAMU\GitHub\Event\Explore.Blazor.Client\Explore.Blazor.Client.csproj]
C:\ISLAMU\GitHub\Event\Explore.Blazor.Client\Pages\Events\EventList.razor.cs(59,38): warning CA1805: Le membre '_usePersistedEvents' est explicitement initialisé en fonction de sa valeur par défaut (https://learn.microsoft.com/dotnet/fundamentals/code-analysis/quality-rules/ca1805) [C:\ISLAMU\GitHub\Event\Explore.Blazor.Client\Explore.Blazor.Client.csproj]
C:\ISLAMU\GitHub\Event\Explore.Blazor.Client\Exceptions\ApiProblemException.cs(184,58): warning CA1859: Modifier le type de retour de méthode « ReadValidationErrors » de « System.Collections.Generic.IReadOnlyDictionary<string, string[]> » en « System.Collections.Generic.Dictionary<string, string[]> » pour améliorer les performances (https://learn.microsoft.com/dotnet/fundamentals/code-analysis/quality-rules/ca1859) [C:\ISLAMU\GitHub\Event\Explore.Blazor.Client\Explore.Blazor.Client.csproj]
C:\ISLAMU\GitHub\Event\Explore.Blazor.Client\Models\Responses\ServiceResult.cs(32,36): warning CA1000: Ne pas déclarer de membres comme étant static sur les types génériques (https://learn.microsoft.com/dotnet/fundamentals/code-analysis/quality-rules/ca1000) [C:\ISLAMU\GitHub\Event\Explore.Blazor.Client\Explore.Blazor.Client.csproj]
C:\ISLAMU\GitHub\Event\Explore.Blazor.Client\Models\Responses\ServiceResult.cs(39,36): warning CA1000: Ne pas déclarer de membres comme étant static sur les types génériques (https://learn.microsoft.com/dotnet/fundamentals/code-analysis/quality-rules/ca1000) [C:\ISLAMU\GitHub\Event\Explore.Blazor.Client\Explore.Blazor.Client.csproj]
C:\ISLAMU\GitHub\Event\Explore.Blazor.Client\Models\Responses\ServiceResult.cs(47,36): warning CA1000: Ne pas déclarer de membres comme étant static sur les types génériques (https://learn.microsoft.com/dotnet/fundamentals/code-analysis/quality-rules/ca1000) [C:\ISLAMU\GitHub\Event\Explore.Blazor.Client\Explore.Blazor.Client.csproj]
C:\ISLAMU\GitHub\Event\Explore.Blazor.Client\Models\Responses\ServiceResult.cs(64,36): warning CA1000: Ne pas déclarer de membres comme étant static sur les types génériques (https://learn.microsoft.com/dotnet/fundamentals/code-analysis/quality-rules/ca1000) [C:\ISLAMU\GitHub\Event\Explore.Blazor.Client\Explore.Blazor.Client.csproj]
C:\ISLAMU\GitHub\Event\Explore.Blazor.Client\Layout\NotificationBell.razor.cs(29,64): warning CA1305: Le comportement de 'int.ToString()' peut varier en fonction des paramètres régionaux de l'utilisateur actuel. Remplacez cet appel dans 'NotificationBell.BadgeContent.get' par un appel à 'int.ToString(IFormatProvider)'. (https://learn.microsoft.com/dotnet/fundamentals/code-analysis/quality-rules/ca1305) [C:\ISLAMU\GitHub\Event\Explore.Blazor.Client\Explore.Blazor.Client.csproj]
C:\ISLAMU\GitHub\Event\Explore.Blazor.Client\Models\PaginatedResult.cs(51,38): warning CA1000: Ne pas déclarer de membres comme étant static sur les types génériques (https://learn.microsoft.com/dotnet/fundamentals/code-analysis/quality-rules/ca1000) [C:\ISLAMU\GitHub\Event\Explore.Blazor.Client\Explore.Blazor.Client.csproj]
C:\ISLAMU\GitHub\Event\Explore.Blazor.Client\Layout\NotificationItem.razor.cs(69,18): warning CA1305: Le comportement de 'DateTimeOffset.ToString(string)' peut varier en fonction des paramètres régionaux de l'utilisateur actuel. Remplacez cet appel dans 'NotificationItem.FormatRelativeTime(DateTimeOffset?)' par un appel à 'DateTimeOffset.ToString(string, IFormatProvider)'. (https://learn.microsoft.com/dotnet/fundamentals/code-analysis/quality-rules/ca1305) [C:\ISLAMU\GitHub\Event\Explore.Blazor.Client\Explore.Blazor.Client.csproj]
C:\ISLAMU\GitHub\Event\Explore.Blazor.Client\Layout\Footer.razor(1,1): warning MUD0002: Illegal Attribute 'AriaLabel' on 'MudIconButton' using pattern 'LowerCase' source location '(510,16)-(510,77)' (https://mudblazor.com/features/analyzers) [C:\ISLAMU\GitHub\Event\Explore.Blazor.Client\Explore.Blazor.Client.csproj]
C:\ISLAMU\GitHub\Event\Explore.Blazor.Client\Layout\Footer.razor(1,1): warning MUD0002: Illegal Attribute 'Title' on 'MudIconButton' using pattern 'LowerCase' source location '(511,16)-(511,88)' (https://mudblazor.com/features/analyzers) [C:\ISLAMU\GitHub\Event\Explore.Blazor.Client\Explore.Blazor.Client.csproj]
C:\ISLAMU\GitHub\Event\Explore.Blazor.Client\Layout\Footer.razor(1,1): warning MUD0002: Illegal Attribute 'AriaLabel' on 'MudIconButton' using pattern 'LowerCase' source location '(558,16)-(558,76)' (https://mudblazor.com/features/analyzers) [C:\ISLAMU\GitHub\Event\Explore.Blazor.Client\Explore.Blazor.Client.csproj]
C:\ISLAMU\GitHub\Event\Explore.Blazor.Client\Layout\Footer.razor(1,1): warning MUD0002: Illegal Attribute 'Title' on 'MudIconButton' using pattern 'LowerCase' source location '(559,16)-(559,87)' (https://mudblazor.com/features/analyzers) [C:\ISLAMU\GitHub\Event\Explore.Blazor.Client\Explore.Blazor.Client.csproj]
C:\ISLAMU\GitHub\Event\Explore.Blazor.Client\Layout\Footer.razor(1,1): warning MUD0002: Illegal Attribute 'AriaLabel' on 'MudIconButton' using pattern 'LowerCase' source location '(606,16)-(606,78)' (https://mudblazor.com/features/analyzers) [C:\ISLAMU\GitHub\Event\Explore.Blazor.Client\Explore.Blazor.Client.csproj]
C:\ISLAMU\GitHub\Event\Explore.Blazor.Client\Layout\Footer.razor(1,1): warning MUD0002: Illegal Attribute 'Title' on 'MudIconButton' using pattern 'LowerCase' source location '(607,16)-(607,89)' (https://mudblazor.com/features/analyzers) [C:\ISLAMU\GitHub\Event\Explore.Blazor.Client\Explore.Blazor.Client.csproj]
C:\ISLAMU\GitHub\Event\Explore.Blazor.Client\Layout\Footer.razor(1,1): warning MUD0002: Illegal Attribute 'AriaLabel' on 'MudIconButton' using pattern 'LowerCase' source location '(654,16)-(654,77)' (https://mudblazor.com/features/analyzers) [C:\ISLAMU\GitHub\Event\Explore.Blazor.Client\Explore.Blazor.Client.csproj]
C:\ISLAMU\GitHub\Event\Explore.Blazor.Client\Layout\Footer.razor(1,1): warning MUD0002: Illegal Attribute 'Title' on 'MudIconButton' using pattern 'LowerCase' source location '(655,16)-(655,89)' (https://mudblazor.com/features/analyzers) [C:\ISLAMU\GitHub\Event\Explore.Blazor.Client\Explore.Blazor.Client.csproj]
C:\ISLAMU\GitHub\Event\Explore.Blazor.Client\Layout\NotificationBell.razor.cs(146,17): warning CA1816: Changez NotificationBell.Dispose() pour appeler GC.SuppressFinalize(object). Cette opération empêche les types dérivés qui introduisent un finaliseur d'avoir à réimplémenter 'IDisposable' pour l'appeler. (https://learn.microsoft.com/dotnet/fundamentals/code-analysis/quality-rules/ca1816) [C:\ISLAMU\GitHub\Event\Explore.Blazor.Client\Explore.Blazor.Client.csproj]
C:\ISLAMU\GitHub\Event\Explore.Blazor.Client\Layout\MainLayout.razor.cs(274,17): warning CA1816: Changez MainLayout.Dispose() pour appeler GC.SuppressFinalize(object). Cette opération empêche les types dérivés qui introduisent un finaliseur d'avoir à réimplémenter 'IDisposable' pour l'appeler. (https://learn.microsoft.com/dotnet/fundamentals/code-analysis/quality-rules/ca1816) [C:\ISLAMU\GitHub\Event\Explore.Blazor.Client\Explore.Blazor.Client.csproj]
C:\ISLAMU\GitHub\Event\Explore.Blazor.Client\Layout\NavMenu.razor.cs(292,17): warning CA1816: Changez NavMenu.Dispose() pour appeler GC.SuppressFinalize(object). Cette opération empêche les types dérivés qui introduisent un finaliseur d'avoir à réimplémenter 'IDisposable' pour l'appeler. (https://learn.microsoft.com/dotnet/fundamentals/code-analysis/quality-rules/ca1816) [C:\ISLAMU\GitHub\Event\Explore.Blazor.Client\Explore.Blazor.Client.csproj]
C:\ISLAMU\GitHub\Event\Explore.Blazor.Client\Helpers\HalResourceExtensions.cs(500,35): warning CA1859: Modifier le type de retour de méthode « DeserializeItems » de « System.Collections.Generic.ICollection<T> » en « System.Collections.Generic.List<T> » pour améliorer les performances (https://learn.microsoft.com/dotnet/fundamentals/code-analysis/quality-rules/ca1859) [C:\ISLAMU\GitHub\Event\Explore.Blazor.Client\Explore.Blazor.Client.csproj]
C:\ISLAMU\GitHub\Event\Explore.Blazor.Client\Pages\Setup.razor(1,1): warning MUD0002: Illegal Attribute 'Direction' on 'MudStack' using pattern 'LowerCase' source location '(320,16)-(320,82)' (https://mudblazor.com/features/analyzers) [C:\ISLAMU\GitHub\Event\Explore.Blazor.Client\Explore.Blazor.Client.csproj]
C:\ISLAMU\GitHub\Event\Explore.Blazor.Client\Pages\Setup.razor(1,1): warning MUD0002: Illegal Attribute 'Direction' on 'MudStack' using pattern 'LowerCase' source location '(405,16)-(405,82)' (https://mudblazor.com/features/analyzers) [C:\ISLAMU\GitHub\Event\Explore.Blazor.Client\Explore.Blazor.Client.csproj]
C:\ISLAMU\GitHub\Event\Explore.Blazor.Client\Pages\Setup.razor(1,1): warning MUD0002: Illegal Attribute 'Direction' on 'MudStack' using pattern 'LowerCase' source location '(490,16)-(490,82)' (https://mudblazor.com/features/analyzers) [C:\ISLAMU\GitHub\Event\Explore.Blazor.Client\Explore.Blazor.Client.csproj]
C:\ISLAMU\GitHub\Event\Explore.Blazor.Client\Pages\Setup.razor(1,1): warning MUD0002: Illegal Attribute 'Direction' on 'MudStack' using pattern 'LowerCase' source location '(575,16)-(575,82)' (https://mudblazor.com/features/analyzers) [C:\ISLAMU\GitHub\Event\Explore.Blazor.Client\Explore.Blazor.Client.csproj]
C:\ISLAMU\GitHub\Event\Explore.Blazor.Client\Pages\Setup.razor(1,1): warning MUD0002: Illegal Attribute 'Direction' on 'MudStack' using pattern 'LowerCase' source location '(917,16)-(917,83)' (https://mudblazor.com/features/analyzers) [C:\ISLAMU\GitHub\Event\Explore.Blazor.Client\Explore.Blazor.Client.csproj]
C:\ISLAMU\GitHub\Event\Explore.Blazor.Client\Pages\Setup.razor(1,1): warning MUD0002: Illegal Attribute 'Direction' on 'MudStack' using pattern 'LowerCase' source location '(1205,16)-(1205,83)' (https://mudblazor.com/features/analyzers) [C:\ISLAMU\GitHub\Event\Explore.Blazor.Client\Explore.Blazor.Client.csproj]
C:\ISLAMU\GitHub\Event\Explore.Blazor.Client\Layout\NavMenu.razor(1,1): warning MUD0002: Illegal Attribute 'Title' on 'MudIconButton' using pattern 'LowerCase' source location '(989,12)-(989,72)' (https://mudblazor.com/features/analyzers) [C:\ISLAMU\GitHub\Event\Explore.Blazor.Client\Explore.Blazor.Client.csproj]
C:\ISLAMU\GitHub\Event\Explore.Blazor.Client\Layout\NavMenu.razor(1,1): warning MUD0002: Illegal Attribute 'Title' on 'MudIconButton' using pattern 'LowerCase' source location '(227,12)-(227,74)' (https://mudblazor.com/features/analyzers) [C:\ISLAMU\GitHub\Event\Explore.Blazor.Client\Explore.Blazor.Client.csproj]
C:\ISLAMU\GitHub\Event\Explore.Blazor.Client\Components\Presentation\HeroCarousel.razor(1,1): warning MUD0002: Illegal Attribute 'CycleInterval' on 'MudCarousel' using pattern 'LowerCase' source location '(184,12)-(184,72)' (https://mudblazor.com/features/analyzers) [C:\ISLAMU\GitHub\Event\Explore.Blazor.Client\Explore.Blazor.Client.csproj]
C:\ISLAMU\GitHub\Event\Explore.Blazor.Client\Pages\Admin\Tenant\Navigation.razor(1,1): warning MUD0002: Illegal Attribute 'Title' on 'MudIconButton' using pattern 'LowerCase' source location '(950,32)-(950,89)' (https://mudblazor.com/features/analyzers) [C:\ISLAMU\GitHub\Event\Explore.Blazor.Client\Explore.Blazor.Client.csproj]
C:\ISLAMU\GitHub\Event\Explore.Blazor.Client\Pages\Admin\Tenant\Navigation.razor(1,1): warning MUD0002: Illegal Attribute 'Title' on 'MudIconButton' using pattern 'LowerCase' source location '(1039,32)-(1039,91)' (https://mudblazor.com/features/analyzers) [C:\ISLAMU\GitHub\Event\Explore.Blazor.Client\Explore.Blazor.Client.csproj]
C:\ISLAMU\GitHub\Event\Explore.Blazor.Client\Pages\Admin\Tenant\Navigation.razor(1,1): warning MUD0002: Illegal Attribute 'Checked' on 'MudCheckBox' using pattern 'LowerCase' source location '(1359,28)-(1367,29)' (https://mudblazor.com/features/analyzers) [C:\ISLAMU\GitHub\Event\Explore.Blazor.Client\Explore.Blazor.Client.csproj]
C:\ISLAMU\GitHub\Event\Explore.Blazor.Client\Pages\Admin\Tenant\Navigation.razor(1,1): warning MUD0002: Illegal Attribute 'CheckedChanged' on 'MudCheckBox' using pattern 'LowerCase' source location '(1368,28)-(1368,255)' (https://mudblazor.com/features/analyzers) [C:\ISLAMU\GitHub\Event\Explore.Blazor.Client\Explore.Blazor.Client.csproj]
C:\ISLAMU\GitHub\Event\Explore.Blazor.Client\Pages\Admin\Tenant\Navigation.razor(1,1): warning MUD0002: Illegal Attribute 'Title' on 'MudIconButton' using pattern 'LowerCase' source location '(1490,32)-(1490,86)' (https://mudblazor.com/features/analyzers) [C:\ISLAMU\GitHub\Event\Explore.Blazor.Client\Explore.Blazor.Client.csproj]
C:\ISLAMU\GitHub\Event\Explore.Blazor.Client\Pages\Admin\Tenant\Navigation.razor(1,1): warning MUD0002: Illegal Attribute 'Title' on 'MudIconButton' using pattern 'LowerCase' source location '(1562,32)-(1562,88)' (https://mudblazor.com/features/analyzers) [C:\ISLAMU\GitHub\Event\Explore.Blazor.Client\Explore.Blazor.Client.csproj]
C:\ISLAMU\GitHub\Event\Explore.Blazor.Client\Pages\Admin\Group\Components\GroupAdminSettingsLayout.razor(1,1): warning MUD0002: Illegal Attribute 'DisablePadding' on 'MudList' using pattern 'LowerCase' source location '(982,28)-(982,90)' (https://mudblazor.com/features/analyzers) [C:\ISLAMU\GitHub\Event\Explore.Blazor.Client\Explore.Blazor.Client.csproj]
C:\ISLAMU\GitHub\Event\Explore.Blazor.Client\Components\Presentation\FeaturedEventHero.razor(1,1): warning MUD0002: Illegal Attribute 'Image' on 'MudAvatar' using pattern 'LowerCase' source location '(564,16)-(572,17)' (https://mudblazor.com/features/analyzers) [C:\ISLAMU\GitHub\Event\Explore.Blazor.Client\Explore.Blazor.Client.csproj]
C:\ISLAMU\GitHub\Event\Explore.Blazor.Client\Pages\Admin\Organization\Components\OrganizationAdminSettingsLayout.razor(1,1): warning MUD0002: Illegal Attribute 'DisablePadding' on 'MudList' using pattern 'LowerCase' source location '(632,28)-(632,90)' (https://mudblazor.com/features/analyzers) [C:\ISLAMU\GitHub\Event\Explore.Blazor.Client\Explore.Blazor.Client.csproj]
C:\ISLAMU\GitHub\Event\Explore.Blazor.Client\Pages\Admin\Components\TenantNavigationDialog.razor(1,1): warning MUD0002: Illegal Attribute 'Checked' on 'MudCheckBox' using pattern 'LowerCase' source location '(392,20)-(400,21)' (https://mudblazor.com/features/analyzers) [C:\ISLAMU\GitHub\Event\Explore.Blazor.Client\Explore.Blazor.Client.csproj]
C:\ISLAMU\GitHub\Event\Explore.Blazor.Client\Pages\Admin\Components\TenantNavigationDialog.razor(1,1): warning MUD0002: Illegal Attribute 'CheckedChanged' on 'MudCheckBox' using pattern 'LowerCase' source location '(401,20)-(401,246)' (https://mudblazor.com/features/analyzers) [C:\ISLAMU\GitHub\Event\Explore.Blazor.Client\Explore.Blazor.Client.csproj]
C:\ISLAMU\GitHub\Event\Explore.Blazor.Client\Components\Presentation\EventCard.razor(1,1): warning MUD0002: Illegal Attribute 'Image' on 'MudAvatar' using pattern 'LowerCase' source location '(707,20)-(715,21)' (https://mudblazor.com/features/analyzers) [C:\ISLAMU\GitHub\Event\Explore.Blazor.Client\Explore.Blazor.Client.csproj]
C:\ISLAMU\GitHub\Event\Explore.Blazor.Client\Pages\Admin\Tenant\Components\TenantAdminSettingsLayout.razor(1,1): warning MUD0002: Illegal Attribute 'DisablePadding' on 'MudList' using pattern 'LowerCase' source location '(924,28)-(924,90)' (https://mudblazor.com/features/analyzers) [C:\ISLAMU\GitHub\Event\Explore.Blazor.Client\Explore.Blazor.Client.csproj]
C:\ISLAMU\GitHub\Event\Explore.Blazor.Client\Pages\Admin\Group\Components\GroupMembersSection.razor(1,1): warning MUD0002: Illegal Attribute 'Title' on 'MudIconButton' using pattern 'LowerCase' source location '(1730,24)-(1730,83)' (https://mudblazor.com/features/analyzers) [C:\ISLAMU\GitHub\Event\Explore.Blazor.Client\Explore.Blazor.Client.csproj]
C:\ISLAMU\GitHub\Event\Explore.Blazor.Client\Pages\Admin\Group\Components\GroupMembersSection.razor(1,1): warning MUD0002: Illegal Attribute 'Title' on 'MudIconButton' using pattern 'LowerCase' source location '(1802,24)-(1802,87)' (https://mudblazor.com/features/analyzers) [C:\ISLAMU\GitHub\Event\Explore.Blazor.Client\Explore.Blazor.Client.csproj]
C:\ISLAMU\GitHub\Event\Explore.Blazor.Client\Pages\Events\Components\EventFilterBar.razor.cs(133,13): warning CA1860: Préférez comparer « Count » à 0 au lieu d’utiliser « Any() », à la fois pour plus de clarté et pour des performances (https://learn.microsoft.com/dotnet/fundamentals/code-analysis/quality-rules/ca1860) [C:\ISLAMU\GitHub\Event\Explore.Blazor.Client\Explore.Blazor.Client.csproj]
C:\ISLAMU\GitHub\Event\Explore.Blazor.Client\Pages\Events\Components\EventFilterBar.razor.cs(134,13): warning CA1860: Préférez comparer « Count » à 0 au lieu d’utiliser « Any() », à la fois pour plus de clarté et pour des performances (https://learn.microsoft.com/dotnet/fundamentals/code-analysis/quality-rules/ca1860) [C:\ISLAMU\GitHub\Event\Explore.Blazor.Client\Explore.Blazor.Client.csproj]
C:\ISLAMU\GitHub\Event\Explore.Blazor.Client\Pages\Events\Components\EventFilterBar.razor.cs(135,13): warning CA1860: Préférez comparer « Count » à 0 au lieu d’utiliser « Any() », à la fois pour plus de clarté et pour des performances (https://learn.microsoft.com/dotnet/fundamentals/code-analysis/quality-rules/ca1860) [C:\ISLAMU\GitHub\Event\Explore.Blazor.Client\Explore.Blazor.Client.csproj]
C:\ISLAMU\GitHub\Event\Explore.Blazor.Client\Pages\Events\Components\EventFilterBar.razor.cs(136,13): warning CA1860: Préférez comparer « Count » à 0 au lieu d’utiliser « Any() », à la fois pour plus de clarté et pour des performances (https://learn.microsoft.com/dotnet/fundamentals/code-analysis/quality-rules/ca1860) [C:\ISLAMU\GitHub\Event\Explore.Blazor.Client\Explore.Blazor.Client.csproj]
C:\ISLAMU\GitHub\Event\Explore.Blazor.Client\Pages\Events\Components\EventFilterBar.razor.cs(137,13): warning CA1860: Préférez comparer « Count » à 0 au lieu d’utiliser « Any() », à la fois pour plus de clarté et pour des performances (https://learn.microsoft.com/dotnet/fundamentals/code-analysis/quality-rules/ca1860) [C:\ISLAMU\GitHub\Event\Explore.Blazor.Client\Explore.Blazor.Client.csproj]
C:\ISLAMU\GitHub\Event\Explore.Blazor.Client\Pages\Events\Components\EventFilterBar.razor.cs(138,13): warning CA1860: Préférez comparer « Count » à 0 au lieu d’utiliser « Any() », à la fois pour plus de clarté et pour des performances (https://learn.microsoft.com/dotnet/fundamentals/code-analysis/quality-rules/ca1860) [C:\ISLAMU\GitHub\Event\Explore.Blazor.Client\Explore.Blazor.Client.csproj]
C:\ISLAMU\GitHub\Event\Explore.Blazor.Client\Pages\Events\Components\EventFilterBar.razor.cs(139,13): warning CA1860: Préférez comparer « Count » à 0 au lieu d’utiliser « Any() », à la fois pour plus de clarté et pour des performances (https://learn.microsoft.com/dotnet/fundamentals/code-analysis/quality-rules/ca1860) [C:\ISLAMU\GitHub\Event\Explore.Blazor.Client\Explore.Blazor.Client.csproj]
C:\ISLAMU\GitHub\Event\Explore.Blazor.Client\Pages\Events\Components\EventFilterBar.razor.cs(140,13): warning CA1860: Préférez comparer « Count » à 0 au lieu d’utiliser « Any() », à la fois pour plus de clarté et pour des performances (https://learn.microsoft.com/dotnet/fundamentals/code-analysis/quality-rules/ca1860) [C:\ISLAMU\GitHub\Event\Explore.Blazor.Client\Explore.Blazor.Client.csproj]
C:\ISLAMU\GitHub\Event\Explore.Blazor.Client\Pages\Events\Components\EventFilterBar.razor.cs(141,13): warning CA1860: Préférez comparer « Count » à 0 au lieu d’utiliser « Any() », à la fois pour plus de clarté et pour des performances (https://learn.microsoft.com/dotnet/fundamentals/code-analysis/quality-rules/ca1860) [C:\ISLAMU\GitHub\Event\Explore.Blazor.Client\Explore.Blazor.Client.csproj]
C:\ISLAMU\GitHub\Event\Explore.Blazor.Client\Pages\Events\Components\EventFilterBar.razor.cs(143,13): warning CA1860: Préférez comparer « Count » à 0 au lieu d’utiliser « Any() », à la fois pour plus de clarté et pour des performances (https://learn.microsoft.com/dotnet/fundamentals/code-analysis/quality-rules/ca1860) [C:\ISLAMU\GitHub\Event\Explore.Blazor.Client\Explore.Blazor.Client.csproj]
C:\ISLAMU\GitHub\Event\Explore.Blazor.Client\Pages\Events\Components\EventFilterBar.razor.cs(144,13): warning CA1860: Préférez comparer « Count » à 0 au lieu d’utiliser « Any() », à la fois pour plus de clarté et pour des performances (https://learn.microsoft.com/dotnet/fundamentals/code-analysis/quality-rules/ca1860) [C:\ISLAMU\GitHub\Event\Explore.Blazor.Client\Explore.Blazor.Client.csproj]
C:\ISLAMU\GitHub\Event\Explore.Blazor.Client\Services\UserService.cs(54,13): warning CA1873: L’évaluation de cet argument peut être coûteuse et inutile si la journalisation est désactivée (https://learn.microsoft.com/dotnet/fundamentals/code-analysis/quality-rules/ca1873) [C:\ISLAMU\GitHub\Event\Explore.Blazor.Client\Explore.Blazor.Client.csproj]
C:\ISLAMU\GitHub\Event\Explore.Blazor.Client\Services\UserService.cs(97,13): warning CA1873: L’évaluation de cet argument peut être coûteuse et inutile si la journalisation est désactivée (https://learn.microsoft.com/dotnet/fundamentals/code-analysis/quality-rules/ca1873) [C:\ISLAMU\GitHub\Event\Explore.Blazor.Client\Explore.Blazor.Client.csproj]
C:\ISLAMU\GitHub\Event\Explore.Blazor.Client\Pages\Events\Components\EventFilterBar.razor.cs(226,28): warning CA1816: Changez EventFilterBar.DisposeAsync() pour appeler GC.SuppressFinalize(object). Cette opération empêche les types dérivés qui introduisent un finaliseur d'avoir à réimplémenter 'IDisposable' pour l'appeler. (https://learn.microsoft.com/dotnet/fundamentals/code-analysis/quality-rules/ca1816) [C:\ISLAMU\GitHub\Event\Explore.Blazor.Client\Explore.Blazor.Client.csproj]
C:\ISLAMU\GitHub\Event\Explore.Blazor.Client\Services\TranslationService.cs(55,13): warning CA1873: L’évaluation de cet argument peut être coûteuse et inutile si la journalisation est désactivée (https://learn.microsoft.com/dotnet/fundamentals/code-analysis/quality-rules/ca1873) [C:\ISLAMU\GitHub\Event\Explore.Blazor.Client\Explore.Blazor.Client.csproj]
C:\ISLAMU\GitHub\Event\Explore.Blazor.Client\Services\TranslationService.cs(65,17): warning CA1873: L’évaluation de cet argument peut être coûteuse et inutile si la journalisation est désactivée (https://learn.microsoft.com/dotnet/fundamentals/code-analysis/quality-rules/ca1873) [C:\ISLAMU\GitHub\Event\Explore.Blazor.Client\Explore.Blazor.Client.csproj]
C:\ISLAMU\GitHub\Event\Explore.Blazor.Client\Services\TranslationService.cs(69,13): warning CA1873: L’évaluation de cet argument peut être coûteuse et inutile si la journalisation est désactivée (https://learn.microsoft.com/dotnet/fundamentals/code-analysis/quality-rules/ca1873) [C:\ISLAMU\GitHub\Event\Explore.Blazor.Client\Explore.Blazor.Client.csproj]
C:\ISLAMU\GitHub\Event\Explore.Blazor.Client\Pages\Events\MyEvents.razor.cs(111,34): warning CA1860: Préférez comparer « Count » à 0 au lieu d’utiliser « Any() », à la fois pour plus de clarté et pour des performances (https://learn.microsoft.com/dotnet/fundamentals/code-analysis/quality-rules/ca1860) [C:\ISLAMU\GitHub\Event\Explore.Blazor.Client\Explore.Blazor.Client.csproj]
C:\ISLAMU\GitHub\Event\Explore.Blazor.Client\Services\TranslationService.cs(122,9): warning CA1873: L’évaluation de cet argument peut être coûteuse et inutile si la journalisation est désactivée (https://learn.microsoft.com/dotnet/fundamentals/code-analysis/quality-rules/ca1873) [C:\ISLAMU\GitHub\Event\Explore.Blazor.Client\Explore.Blazor.Client.csproj]
C:\ISLAMU\GitHub\Event\Explore.Blazor.Client\Services\TranslationService.cs(137,17): warning CA1816: Changez TranslationService.Dispose() pour appeler GC.SuppressFinalize(object). Cette opération empêche les types dérivés qui introduisent un finaliseur d'avoir à réimplémenter 'IDisposable' pour l'appeler. (https://learn.microsoft.com/dotnet/fundamentals/code-analysis/quality-rules/ca1816) [C:\ISLAMU\GitHub\Event\Explore.Blazor.Client\Explore.Blazor.Client.csproj]
C:\ISLAMU\GitHub\Event\Explore.Blazor.Client\Pages\Events\MyEvents.razor.cs(171,73): warning CA1845: Utilisez une chaîne de type span. Concat’ et ’AsSpan’ à la place de ’Substring' (https://learn.microsoft.com/dotnet/fundamentals/code-analysis/quality-rules/ca1845) [C:\ISLAMU\GitHub\Event\Explore.Blazor.Client\Explore.Blazor.Client.csproj]
C:\ISLAMU\GitHub\Event\Explore.Blazor.Client\Pages\Events\Components\SessionEditorPanel.razor(1,1): warning MUD0002: Illegal Attribute 'ChildContent' on 'MudFileUpload' using pattern 'LowerCase' source location '(634,16)-(737,18)' (https://mudblazor.com/features/analyzers) [C:\ISLAMU\GitHub\Event\Explore.Blazor.Client\Explore.Blazor.Client.csproj]
C:\ISLAMU\GitHub\Event\Explore.Blazor.Client\Pages\Landing\LandingPageForNonUsers.razor.cs(59,13): warning CA1873: L’évaluation de cet argument peut être coûteuse et inutile si la journalisation est désactivée (https://learn.microsoft.com/dotnet/fundamentals/code-analysis/quality-rules/ca1873) [C:\ISLAMU\GitHub\Event\Explore.Blazor.Client\Explore.Blazor.Client.csproj]
C:\ISLAMU\GitHub\Event\Explore.Blazor.Client\Pages\Organizations\CreateOrganization.razor.cs(56,17): warning CA1873: L’évaluation de cet argument peut être coûteuse et inutile si la journalisation est désactivée (https://learn.microsoft.com/dotnet/fundamentals/code-analysis/quality-rules/ca1873) [C:\ISLAMU\GitHub\Event\Explore.Blazor.Client\Explore.Blazor.Client.csproj]
C:\ISLAMU\GitHub\Event\Explore.Blazor.Client\Pages\Events\Components\EventTechAspectCard.razor(1,1): warning MUD0002: Illegal Attribute 'Title' on 'MudIconButton' using pattern 'LowerCase' source location '(345,16)-(345,81)' (https://mudblazor.com/features/analyzers) [C:\ISLAMU\GitHub\Event\Explore.Blazor.Client\Explore.Blazor.Client.csproj]
C:\ISLAMU\GitHub\Event\Explore.Blazor.Client\Pages\Events\Components\EventTechAspectCard.razor(1,1): warning MUD0002: Illegal Attribute 'Title' on 'MudIconButton' using pattern 'LowerCase' source location '(417,16)-(417,83)' (https://mudblazor.com/features/analyzers) [C:\ISLAMU\GitHub\Event\Explore.Blazor.Client\Explore.Blazor.Client.csproj]
C:\ISLAMU\GitHub\Event\Explore.Blazor.Client\Pages\Admin\Instance\Components\InstanceGovernanceSection.razor(1,1): warning MUD0002: Illegal Attribute 'DisablePadding' on 'MudList' using pattern 'LowerCase' source location '(1350,20)-(1350,83)' (https://mudblazor.com/features/analyzers) [C:\ISLAMU\GitHub\Event\Explore.Blazor.Client\Explore.Blazor.Client.csproj]
C:\ISLAMU\GitHub\Event\Explore.Blazor.Client\Pages\Organizations\OrganizationDetails.razor.cs(115,13): warning CA1873: L’évaluation de cet argument peut être coûteuse et inutile si la journalisation est désactivée (https://learn.microsoft.com/dotnet/fundamentals/code-analysis/quality-rules/ca1873) [C:\ISLAMU\GitHub\Event\Explore.Blazor.Client\Explore.Blazor.Client.csproj]
C:\ISLAMU\GitHub\Event\Explore.Blazor.Client\Pages\Organizations\OrganizationDetails.razor.cs(120,17): warning CA1873: L’évaluation de cet argument peut être coûteuse et inutile si la journalisation est désactivée (https://learn.microsoft.com/dotnet/fundamentals/code-analysis/quality-rules/ca1873) [C:\ISLAMU\GitHub\Event\Explore.Blazor.Client\Explore.Blazor.Client.csproj]
C:\ISLAMU\GitHub\Event\Explore.Blazor.Client\Pages\User\Components\SettingsSecurity.razor(1,1): warning MUD0002: Illegal Attribute 'Direction' on 'MudStack' using pattern 'LowerCase' source location '(675,12)-(675,77)' (https://mudblazor.com/features/analyzers) [C:\ISLAMU\GitHub\Event\Explore.Blazor.Client\Explore.Blazor.Client.csproj]
C:\ISLAMU\GitHub\Event\Explore.Blazor.Client\Pages\Organizations\OrganizationDetails.razor.cs(188,29): warning CA1847: Utilisez ’String. Contient (Char)' à la place de ’String. Contains (String)' lors de la recherche d’un caractère unique (https://learn.microsoft.com/dotnet/fundamentals/code-analysis/quality-rules/ca1847) [C:\ISLAMU\GitHub\Event\Explore.Blazor.Client\Explore.Blazor.Client.csproj]
C:\ISLAMU\GitHub\Event\Explore.Blazor.Client\Pages\Events\MyEvents.razor(1,1): warning MUD0002: Illegal Attribute 'StartIcon' on 'MudChip' using pattern 'LowerCase' source location '(2414,36)-(2422,37)' (https://mudblazor.com/features/analyzers) [C:\ISLAMU\GitHub\Event\Explore.Blazor.Client\Explore.Blazor.Client.csproj]
C:\ISLAMU\GitHub\Event\Explore.Blazor.Client\Pages\Landing\LandingPageForUsers.razor(1,1): warning MUD0002: Illegal Attribute 'AlignItems' on 'MudGrid' using pattern 'LowerCase' source location '(221,20)-(221,91)' (https://mudblazor.com/features/analyzers) [C:\ISLAMU\GitHub\Event\Explore.Blazor.Client\Explore.Blazor.Client.csproj]
C:\ISLAMU\GitHub\Event\Explore.Blazor.Client\Pages\Landing\LandingPageForUsers.razor(1,1): warning MUD0002: Illegal Attribute 'CycleInterval' on 'MudCarousel' using pattern 'LowerCase' source location '(2046,16)-(2046,78)' (https://mudblazor.com/features/analyzers) [C:\ISLAMU\GitHub\Event\Explore.Blazor.Client\Explore.Blazor.Client.csproj]
C:\ISLAMU\GitHub\Event\Explore.Blazor.Client\Pages\Organizations\OrganizationProfile.razor.cs(61,13): warning CA1873: L’évaluation de cet argument peut être coûteuse et inutile si la journalisation est désactivée (https://learn.microsoft.com/dotnet/fundamentals/code-analysis/quality-rules/ca1873) [C:\ISLAMU\GitHub\Event\Explore.Blazor.Client\Explore.Blazor.Client.csproj]
C:\ISLAMU\GitHub\Event\Explore.Blazor.Client\Pages\Auth\LoginRedirect.razor(1,1): warning MUD0002: Illegal Attribute 'Direction' on 'MudStack' using pattern 'LowerCase' source location '(660,28)-(660,94)' (https://mudblazor.com/features/analyzers) [C:\ISLAMU\GitHub\Event\Explore.Blazor.Client\Explore.Blazor.Client.csproj]
C:\ISLAMU\GitHub\Event\Explore.Blazor.Client\Pages\Organizations\MyOrganizations.razor.cs(72,13): warning CA1873: L’évaluation de cet argument peut être coûteuse et inutile si la journalisation est désactivée (https://learn.microsoft.com/dotnet/fundamentals/code-analysis/quality-rules/ca1873) [C:\ISLAMU\GitHub\Event\Explore.Blazor.Client\Explore.Blazor.Client.csproj]
C:\ISLAMU\GitHub\Event\Explore.Blazor.Client\Pages\Events\EventList.razor.cs(333,17): warning CA1860: Préférez comparer « Count » à 0 au lieu d’utiliser « Any() », à la fois pour plus de clarté et pour des performances (https://learn.microsoft.com/dotnet/fundamentals/code-analysis/quality-rules/ca1860) [C:\ISLAMU\GitHub\Event\Explore.Blazor.Client\Explore.Blazor.Client.csproj]
C:\ISLAMU\GitHub\Event\Explore.Blazor.Client\Pages\Organizations\OrganizationProfile.razor(1,1): warning MUD0002: Illegal Attribute 'DisablePadding' on 'MudList' using pattern 'LowerCase' source location '(1746,32)-(1746,95)' (https://mudblazor.com/features/analyzers) [C:\ISLAMU\GitHub\Event\Explore.Blazor.Client\Explore.Blazor.Client.csproj]
C:\ISLAMU\GitHub\Event\Explore.Blazor.Client\Pages\Events\Components\EventIslamicAspectCard.razor(1,1): warning MUD0002: Illegal Attribute 'Title' on 'MudIconButton' using pattern 'LowerCase' source location '(345,16)-(345,84)' (https://mudblazor.com/features/analyzers) [C:\ISLAMU\GitHub\Event\Explore.Blazor.Client\Explore.Blazor.Client.csproj]
C:\ISLAMU\GitHub\Event\Explore.Blazor.Client\Pages\Events\Components\EventIslamicAspectCard.razor(1,1): warning MUD0002: Illegal Attribute 'Title' on 'MudIconButton' using pattern 'LowerCase' source location '(417,16)-(417,86)' (https://mudblazor.com/features/analyzers) [C:\ISLAMU\GitHub\Event\Explore.Blazor.Client\Explore.Blazor.Client.csproj]
C:\ISLAMU\GitHub\Event\Explore.Blazor.Client\Pages\User\Components\SettingsPrivacy.razor(1,1): warning MUD0002: Illegal Attribute 'Checked' on 'MudSwitch' using pattern 'LowerCase' source location '(490,20)-(490,75)' (https://mudblazor.com/features/analyzers) [C:\ISLAMU\GitHub\Event\Explore.Blazor.Client\Explore.Blazor.Client.csproj]
C:\ISLAMU\GitHub\Event\Explore.Blazor.Client\Pages\User\Components\SettingsPrivacy.razor(1,1): warning MUD0002: Illegal Attribute 'Checked' on 'MudSwitch' using pattern 'LowerCase' source location '(648,20)-(648,76)' (https://mudblazor.com/features/analyzers) [C:\ISLAMU\GitHub\Event\Explore.Blazor.Client\Explore.Blazor.Client.csproj]
C:\ISLAMU\GitHub\Event\Explore.Blazor.Client\Pages\User\Components\SettingsPrivacy.razor(1,1): warning MUD0002: Illegal Attribute 'Checked' on 'MudSwitch' using pattern 'LowerCase' source location '(806,20)-(806,76)' (https://mudblazor.com/features/analyzers) [C:\ISLAMU\GitHub\Event\Explore.Blazor.Client\Explore.Blazor.Client.csproj]
C:\ISLAMU\GitHub\Event\Explore.Blazor.Client\Pages\Events\CreateEvent.razor.cs(103,14): warning CA1860: Préférez comparer « Count » à 0 au lieu d’utiliser « Any() », à la fois pour plus de clarté et pour des performances (https://learn.microsoft.com/dotnet/fundamentals/code-analysis/quality-rules/ca1860) [C:\ISLAMU\GitHub\Event\Explore.Blazor.Client\Explore.Blazor.Client.csproj]
C:\ISLAMU\GitHub\Event\Explore.Blazor.Client\Pages\Events\CreateEvent.razor.cs(186,53): warning CA1311: Spécifiez une culture ou utilisez une version invariante pour éviter toute dépendance implicite par rapport à la culture actuelle (https://learn.microsoft.com/dotnet/fundamentals/code-analysis/quality-rules/ca1311) [C:\ISLAMU\GitHub\Event\Explore.Blazor.Client\Explore.Blazor.Client.csproj]
C:\ISLAMU\GitHub\Event\Explore.Blazor.Client\Pages\Events\CreateEvent.razor.cs(204,13): warning CA1873: L’évaluation de cet argument peut être coûteuse et inutile si la journalisation est désactivée (https://learn.microsoft.com/dotnet/fundamentals/code-analysis/quality-rules/ca1873) [C:\ISLAMU\GitHub\Event\Explore.Blazor.Client\Explore.Blazor.Client.csproj]
C:\ISLAMU\GitHub\Event\Explore.Blazor.Client\Pages\Events\CreateEvent.razor.cs(224,17): warning CA1873: L’évaluation de cet argument peut être coûteuse et inutile si la journalisation est désactivée (https://learn.microsoft.com/dotnet/fundamentals/code-analysis/quality-rules/ca1873) [C:\ISLAMU\GitHub\Event\Explore.Blazor.Client\Explore.Blazor.Client.csproj]
C:\ISLAMU\GitHub\Event\Explore.Blazor.Client\Pages\Events\CreateEvent.razor.cs(186,36): warning CA1304: Le comportement de 'string.ToLower()' peut varier en fonction des paramètres régionaux de l'utilisateur actuel. Remplacez cet appel dans 'CreateEvent.OnImageFileSelected(IBrowserFile)' par un appel à 'string.ToLower(CultureInfo)'. (https://learn.microsoft.com/dotnet/fundamentals/code-analysis/quality-rules/ca1304) [C:\ISLAMU\GitHub\Event\Explore.Blazor.Client\Explore.Blazor.Client.csproj]
C:\ISLAMU\GitHub\Event\Explore.Blazor.Client\Pages\Events\Components\EventFilterBar.razor(1,1): warning MUD0002: Illegal Attribute 'Dense' on 'MudDateRangePicker' using pattern 'LowerCase' source location '(610,16)-(610,69)' (https://mudblazor.com/features/analyzers) [C:\ISLAMU\GitHub\Event\Explore.Blazor.Client\Explore.Blazor.Client.csproj]
C:\ISLAMU\GitHub\Event\Explore.Blazor.Client\Pages\Events\EventList.razor.cs(294,17): warning CA1873: L’évaluation de cet argument peut être coûteuse et inutile si la journalisation est désactivée (https://learn.microsoft.com/dotnet/fundamentals/code-analysis/quality-rules/ca1873) [C:\ISLAMU\GitHub\Event\Explore.Blazor.Client\Explore.Blazor.Client.csproj]
C:\ISLAMU\GitHub\Event\Explore.Blazor.Client\Pages\Events\EventList.razor.cs(303,17): warning CA1873: L’évaluation de cet argument peut être coûteuse et inutile si la journalisation est désactivée (https://learn.microsoft.com/dotnet/fundamentals/code-analysis/quality-rules/ca1873) [C:\ISLAMU\GitHub\Event\Explore.Blazor.Client\Explore.Blazor.Client.csproj]
C:\ISLAMU\GitHub\Event\Explore.Blazor.Client\Pages\Events\EventList.razor.cs(288,18): warning CA1860: Préférez comparer « Count » à 0 au lieu d’utiliser « Any() », à la fois pour plus de clarté et pour des performances (https://learn.microsoft.com/dotnet/fundamentals/code-analysis/quality-rules/ca1860) [C:\ISLAMU\GitHub\Event\Explore.Blazor.Client\Explore.Blazor.Client.csproj]
C:\ISLAMU\GitHub\Event\Explore.Blazor.Client\Pages\Events\EventList.razor.cs(288,42): warning CA1860: Préférez comparer « Count » à 0 au lieu d’utiliser « Any() », à la fois pour plus de clarté et pour des performances (https://learn.microsoft.com/dotnet/fundamentals/code-analysis/quality-rules/ca1860) [C:\ISLAMU\GitHub\Event\Explore.Blazor.Client\Explore.Blazor.Client.csproj]
C:\ISLAMU\GitHub\Event\Explore.Blazor.Client\Pages\Events\EventList.razor.cs(297,18): warning CA1860: Préférez comparer « Count » à 0 au lieu d’utiliser « Any() », à la fois pour plus de clarté et pour des performances (https://learn.microsoft.com/dotnet/fundamentals/code-analysis/quality-rules/ca1860) [C:\ISLAMU\GitHub\Event\Explore.Blazor.Client\Explore.Blazor.Client.csproj]
C:\ISLAMU\GitHub\Event\Explore.Blazor.Client\Pages\Events\EventList.razor.cs(297,37): warning CA1860: Préférez comparer « Count » à 0 au lieu d’utiliser « Any() », à la fois pour plus de clarté et pour des performances (https://learn.microsoft.com/dotnet/fundamentals/code-analysis/quality-rules/ca1860) [C:\ISLAMU\GitHub\Event\Explore.Blazor.Client\Explore.Blazor.Client.csproj]
C:\ISLAMU\GitHub\Event\Explore.Blazor.Client\Services\AuthStateService.cs(74,13): warning CA1873: L’évaluation de cet argument peut être coûteuse et inutile si la journalisation est désactivée (https://learn.microsoft.com/dotnet/fundamentals/code-analysis/quality-rules/ca1873) [C:\ISLAMU\GitHub\Event\Explore.Blazor.Client\Explore.Blazor.Client.csproj]
C:\ISLAMU\GitHub\Event\Explore.Blazor.Client\Services\AuthStateService.cs(103,9): warning CA1873: L’évaluation de cet argument peut être coûteuse et inutile si la journalisation est désactivée (https://learn.microsoft.com/dotnet/fundamentals/code-analysis/quality-rules/ca1873) [C:\ISLAMU\GitHub\Event\Explore.Blazor.Client\Explore.Blazor.Client.csproj]
C:\ISLAMU\GitHub\Event\Explore.Blazor.Client\Pages\Events\Components\EventFilterBar.razor(1,1): warning MUD0002: Illegal Attribute 'Dense' on 'MudTextField' using pattern 'LowerCase' source location '(7716,8)-(7716,64)' (https://mudblazor.com/features/analyzers) [C:\ISLAMU\GitHub\Event\Explore.Blazor.Client\Explore.Blazor.Client.csproj]
C:\ISLAMU\GitHub\Event\Explore.Blazor.Client\Pages\Events\Components\EventFilterBar.razor(1,1): warning MUD0002: Illegal Attribute 'Dense' on 'MudDateRangePicker' using pattern 'LowerCase' source location '(4208,20)-(4208,74)' (https://mudblazor.com/features/analyzers) [C:\ISLAMU\GitHub\Event\Explore.Blazor.Client\Explore.Blazor.Client.csproj]
C:\ISLAMU\GitHub\Event\Explore.Blazor.Client\Pages\Organizations\CreateOrganization.razor(1,1): warning MUD0002: Illegal Attribute 'Icon' on 'MudStep' using pattern 'LowerCase' source location '(702,24)-(710,25)' (https://mudblazor.com/features/analyzers) [C:\ISLAMU\GitHub\Event\Explore.Blazor.Client\Explore.Blazor.Client.csproj]
C:\ISLAMU\GitHub\Event\Explore.Blazor.Client\Pages\Organizations\CreateOrganization.razor(1,1): warning MUD0002: Illegal Attribute 'Icon' on 'MudStep' using pattern 'LowerCase' source location '(1652,24)-(1660,25)' (https://mudblazor.com/features/analyzers) [C:\ISLAMU\GitHub\Event\Explore.Blazor.Client\Explore.Blazor.Client.csproj]
C:\ISLAMU\GitHub\Event\Explore.Blazor.Client\Pages\Organizations\CreateOrganization.razor(1,1): warning MUD0002: Illegal Attribute 'Icon' on 'MudStep' using pattern 'LowerCase' source location '(2132,24)-(2140,25)' (https://mudblazor.com/features/analyzers) [C:\ISLAMU\GitHub\Event\Explore.Blazor.Client\Explore.Blazor.Client.csproj]
C:\ISLAMU\GitHub\Event\Explore.Blazor.Client\Pages\Events\CreateEvent.razor.cs(314,13): warning CA1860: Préférez comparer « Count » à 0 au lieu d’utiliser « Any() », à la fois pour plus de clarté et pour des performances (https://learn.microsoft.com/dotnet/fundamentals/code-analysis/quality-rules/ca1860) [C:\ISLAMU\GitHub\Event\Explore.Blazor.Client\Explore.Blazor.Client.csproj]
C:\ISLAMU\GitHub\Event\Explore.Blazor.Client\Pages\User\UserProfile.razor.cs(74,17): warning CA1873: L’évaluation de cet argument peut être coûteuse et inutile si la journalisation est désactivée (https://learn.microsoft.com/dotnet/fundamentals/code-analysis/quality-rules/ca1873) [C:\ISLAMU\GitHub\Event\Explore.Blazor.Client\Explore.Blazor.Client.csproj]
C:\ISLAMU\GitHub\Event\Explore.Blazor.Client\Pages\Onboarding\InstanceOnboarding.razor(1,1): warning MUD0002: Illegal Attribute 'Direction' on 'MudStack' using pattern 'LowerCase' source location '(421,24)-(421,90)' (https://mudblazor.com/features/analyzers) [C:\ISLAMU\GitHub\Event\Explore.Blazor.Client\Explore.Blazor.Client.csproj]
C:\ISLAMU\GitHub\Event\Explore.Blazor.Client\Pages\Onboarding\InstanceOnboarding.razor(1,1): warning MUD0002: Illegal Attribute 'Direction' on 'MudStack' using pattern 'LowerCase' source location '(1009,48)-(1009,116)' (https://mudblazor.com/features/analyzers) [C:\ISLAMU\GitHub\Event\Explore.Blazor.Client\Explore.Blazor.Client.csproj]
C:\ISLAMU\GitHub\Event\Explore.Blazor.Client\Pages\Onboarding\InstanceOnboarding.razor(1,1): warning MUD0002: Illegal Attribute 'Direction' on 'MudStack' using pattern 'LowerCase' source location '(1388,48)-(1388,116)' (https://mudblazor.com/features/analyzers) [C:\ISLAMU\GitHub\Event\Explore.Blazor.Client\Explore.Blazor.Client.csproj]
C:\ISLAMU\GitHub\Event\Explore.Blazor.Client\Pages\Landing\LandingPageForNonUsers.razor(1,1): warning MUD0002: Illegal Attribute 'CycleInterval' on 'MudCarousel' using pattern 'LowerCase' source location '(2417,16)-(2417,78)' (https://mudblazor.com/features/analyzers) [C:\ISLAMU\GitHub\Event\Explore.Blazor.Client\Explore.Blazor.Client.csproj]
C:\ISLAMU\GitHub\Event\Explore.Blazor.Client\Pages\Events\Components\EventFilterBar.razor(1,1): warning MUD0002: Illegal Attribute 'Dense' on 'MudTextField' using pattern 'LowerCase' source location '(7921,8)-(7921,64)' (https://mudblazor.com/features/analyzers) [C:\ISLAMU\GitHub\Event\Explore.Blazor.Client\Explore.Blazor.Client.csproj]
C:\ISLAMU\GitHub\Event\Explore.Blazor.Client\Pages\User\Components\SettingsPrivacy.razor(1,1): warning MUD0002: Illegal Attribute 'Checked' on 'MudSwitch' using pattern 'LowerCase' source location '(1112,20)-(1112,76)' (https://mudblazor.com/features/analyzers) [C:\ISLAMU\GitHub\Event\Explore.Blazor.Client\Explore.Blazor.Client.csproj]
C:\ISLAMU\GitHub\Event\Explore.Blazor.Client\Pages\User\UserProfile.razor.cs(114,13): warning CA1873: L’évaluation de cet argument peut être coûteuse et inutile si la journalisation est désactivée (https://learn.microsoft.com/dotnet/fundamentals/code-analysis/quality-rules/ca1873) [C:\ISLAMU\GitHub\Event\Explore.Blazor.Client\Explore.Blazor.Client.csproj]
C:\ISLAMU\GitHub\Event\Explore.Blazor.Client\Pages\User\Components\SettingsPrivacy.razor(1,1): warning MUD0002: Illegal Attribute 'Checked' on 'MudSwitch' using pattern 'LowerCase' source location '(1270,20)-(1270,77)' (https://mudblazor.com/features/analyzers) [C:\ISLAMU\GitHub\Event\Explore.Blazor.Client\Explore.Blazor.Client.csproj]
C:\ISLAMU\GitHub\Event\Explore.Blazor.Client\Services\AnalyticsInterop.cs(111,28): warning CA1816: Changez AnalyticsInterop.DisposeAsync() pour appeler GC.SuppressFinalize(object). Cette opération empêche les types dérivés qui introduisent un finaliseur d'avoir à réimplémenter 'IDisposable' pour l'appeler. (https://learn.microsoft.com/dotnet/fundamentals/code-analysis/quality-rules/ca1816) [C:\ISLAMU\GitHub\Event\Explore.Blazor.Client\Explore.Blazor.Client.csproj]
C:\ISLAMU\GitHub\Event\Explore.Blazor.Client\Pages\User\UserProfile.razor.cs(129,13): warning CA1873: L’évaluation de cet argument peut être coûteuse et inutile si la journalisation est désactivée (https://learn.microsoft.com/dotnet/fundamentals/code-analysis/quality-rules/ca1873) [C:\ISLAMU\GitHub\Event\Explore.Blazor.Client\Explore.Blazor.Client.csproj]
C:\ISLAMU\GitHub\Event\Explore.Blazor.Client\Pages\Events\Components\EventFilterBar.razor(1,1): warning MUD0002: Illegal Attribute 'Title' on 'MudToggleItem' using pattern 'LowerCase' source location '(7964,8)-(7964,64)' (https://mudblazor.com/features/analyzers) [C:\ISLAMU\GitHub\Event\Explore.Blazor.Client\Explore.Blazor.Client.csproj]
C:\ISLAMU\GitHub\Event\Explore.Blazor.Client\Pages\Events\CreateEvent.razor.cs(414,17): warning CA1873: L’évaluation de cet argument peut être coûteuse et inutile si la journalisation est désactivée (https://learn.microsoft.com/dotnet/fundamentals/code-analysis/quality-rules/ca1873) [C:\ISLAMU\GitHub\Event\Explore.Blazor.Client\Explore.Blazor.Client.csproj]
C:\ISLAMU\GitHub\Event\Explore.Blazor.Client\Pages\Events\CreateEvent.razor.cs(425,17): warning CA1873: L’évaluation de cet argument peut être coûteuse et inutile si la journalisation est désactivée (https://learn.microsoft.com/dotnet/fundamentals/code-analysis/quality-rules/ca1873) [C:\ISLAMU\GitHub\Event\Explore.Blazor.Client\Explore.Blazor.Client.csproj]
C:\ISLAMU\GitHub\Event\Explore.Blazor.Client\Pages\Events\Components\EventFilterBar.razor(1,1): warning MUD0002: Illegal Attribute 'Title' on 'MudToggleItem' using pattern 'LowerCase' source location '(7980,8)-(7980,64)' (https://mudblazor.com/features/analyzers) [C:\ISLAMU\GitHub\Event\Explore.Blazor.Client\Explore.Blazor.Client.csproj]
C:\ISLAMU\GitHub\Event\Explore.Blazor.Client\Pages\Onboarding\InstanceOnboarding.razor(1,1): warning MUD0002: Illegal Attribute 'Direction' on 'MudStack' using pattern 'LowerCase' source location '(3503,32)-(3503,99)' (https://mudblazor.com/features/analyzers) [C:\ISLAMU\GitHub\Event\Explore.Blazor.Client\Explore.Blazor.Client.csproj]
C:\ISLAMU\GitHub\Event\Explore.Blazor.Client\Pages\Events\CreateEvent.razor.cs(474,26): warning CA1860: Préférez comparer « Count » à 0 au lieu d’utiliser « Any() », à la fois pour plus de clarté et pour des performances (https://learn.microsoft.com/dotnet/fundamentals/code-analysis/quality-rules/ca1860) [C:\ISLAMU\GitHub\Event\Explore.Blazor.Client\Explore.Blazor.Client.csproj]
C:\ISLAMU\GitHub\Event\Explore.Blazor.Client\Pages\Events\CreateEvent.razor.cs(478,29): warning CA1860: Préférez comparer « Count » à 0 au lieu d’utiliser « Any() », à la fois pour plus de clarté et pour des performances (https://learn.microsoft.com/dotnet/fundamentals/code-analysis/quality-rules/ca1860) [C:\ISLAMU\GitHub\Event\Explore.Blazor.Client\Explore.Blazor.Client.csproj]
C:\ISLAMU\GitHub\Event\Explore.Blazor.Client\Pages\Events\CreateEvent.razor.cs(527,34): warning CA1860: Préférez comparer « Count » à 0 au lieu d’utiliser « Any() », à la fois pour plus de clarté et pour des performances (https://learn.microsoft.com/dotnet/fundamentals/code-analysis/quality-rules/ca1860) [C:\ISLAMU\GitHub\Event\Explore.Blazor.Client\Explore.Blazor.Client.csproj]
C:\ISLAMU\GitHub\Event\Explore.Blazor.Client\Pages\Events\CreateEvent.razor.cs(559,17): warning CA1873: L’évaluation de cet argument peut être coûteuse et inutile si la journalisation est désactivée (https://learn.microsoft.com/dotnet/fundamentals/code-analysis/quality-rules/ca1873) [C:\ISLAMU\GitHub\Event\Explore.Blazor.Client\Explore.Blazor.Client.csproj]
C:\ISLAMU\GitHub\Event\Explore.Blazor.Client\Pages\Events\CreateEvent.razor.cs(580,13): warning CA1873: L’évaluation de cet argument peut être coûteuse et inutile si la journalisation est désactivée (https://learn.microsoft.com/dotnet/fundamentals/code-analysis/quality-rules/ca1873) [C:\ISLAMU\GitHub\Event\Explore.Blazor.Client\Explore.Blazor.Client.csproj]
C:\ISLAMU\GitHub\Event\Explore.Blazor.Client\Pages\Events\CreateEvent.razor.cs(590,17): warning CA1873: L’évaluation de cet argument peut être coûteuse et inutile si la journalisation est désactivée (https://learn.microsoft.com/dotnet/fundamentals/code-analysis/quality-rules/ca1873) [C:\ISLAMU\GitHub\Event\Explore.Blazor.Client\Explore.Blazor.Client.csproj]
C:\ISLAMU\GitHub\Event\Explore.Blazor.Client\Pages\Events\CreateEvent.razor.cs(592,21): warning CA1860: Préférez comparer « Count » à 0 au lieu d’utiliser « Any() », à la fois pour plus de clarté et pour des performances (https://learn.microsoft.com/dotnet/fundamentals/code-analysis/quality-rules/ca1860) [C:\ISLAMU\GitHub\Event\Explore.Blazor.Client\Explore.Blazor.Client.csproj]
C:\ISLAMU\GitHub\Event\Explore.Blazor.Client\Pages\Events\CreateEvent.razor.cs(592,50): warning CA1860: Préférez comparer « Count » à 0 au lieu d’utiliser « Any() », à la fois pour plus de clarté et pour des performances (https://learn.microsoft.com/dotnet/fundamentals/code-analysis/quality-rules/ca1860) [C:\ISLAMU\GitHub\Event\Explore.Blazor.Client\Explore.Blazor.Client.csproj]
C:\ISLAMU\GitHub\Event\Explore.Blazor.Client\Pages\Events\CreateEvent.razor.cs(624,49): warning CA1860: Préférez comparer « Count » à 0 au lieu d’utiliser « Any() », à la fois pour plus de clarté et pour des performances (https://learn.microsoft.com/dotnet/fundamentals/code-analysis/quality-rules/ca1860) [C:\ISLAMU\GitHub\Event\Explore.Blazor.Client\Explore.Blazor.Client.csproj]
C:\ISLAMU\GitHub\Event\Explore.Blazor.Client\Services\LookupCacheService.cs(149,13): warning CA1873: L’évaluation de cet argument peut être coûteuse et inutile si la journalisation est désactivée (https://learn.microsoft.com/dotnet/fundamentals/code-analysis/quality-rules/ca1873) [C:\ISLAMU\GitHub\Event\Explore.Blazor.Client\Explore.Blazor.Client.csproj]
C:\ISLAMU\GitHub\Event\Explore.Blazor.Client\Services\LookupCacheService.cs(160,17): warning CA1873: L’évaluation de cet argument peut être coûteuse et inutile si la journalisation est désactivée (https://learn.microsoft.com/dotnet/fundamentals/code-analysis/quality-rules/ca1873) [C:\ISLAMU\GitHub\Event\Explore.Blazor.Client\Explore.Blazor.Client.csproj]
C:\ISLAMU\GitHub\Event\Explore.Blazor.Client\Services\LookupCacheService.cs(164,13): warning CA1873: L’évaluation de cet argument peut être coûteuse et inutile si la journalisation est désactivée (https://learn.microsoft.com/dotnet/fundamentals/code-analysis/quality-rules/ca1873) [C:\ISLAMU\GitHub\Event\Explore.Blazor.Client\Explore.Blazor.Client.csproj]
C:\ISLAMU\GitHub\Event\Explore.Blazor.Client\Pages\Events\EventList.razor.cs(676,34): warning CA1860: Préférez comparer « Count » à 0 au lieu d’utiliser « Any() », à la fois pour plus de clarté et pour des performances (https://learn.microsoft.com/dotnet/fundamentals/code-analysis/quality-rules/ca1860) [C:\ISLAMU\GitHub\Event\Explore.Blazor.Client\Explore.Blazor.Client.csproj]
C:\ISLAMU\GitHub\Event\Explore.Blazor.Client\Services\LookupCacheService.cs(175,17): warning CA1816: Changez LookupCacheService.Dispose() pour appeler GC.SuppressFinalize(object). Cette opération empêche les types dérivés qui introduisent un finaliseur d'avoir à réimplémenter 'IDisposable' pour l'appeler. (https://learn.microsoft.com/dotnet/fundamentals/code-analysis/quality-rules/ca1816) [C:\ISLAMU\GitHub\Event\Explore.Blazor.Client\Explore.Blazor.Client.csproj]
C:\ISLAMU\GitHub\Event\Explore.Blazor.Client\Pages\Events\Components\EventFilterBar.razor(1,1): warning MUD0002: Illegal Attribute 'Title' on 'MudToggleItem' using pattern 'LowerCase' source location '(7996,8)-(7996,64)' (https://mudblazor.com/features/analyzers) [C:\ISLAMU\GitHub\Event\Explore.Blazor.Client\Explore.Blazor.Client.csproj]
C:\ISLAMU\GitHub\Event\Explore.Blazor.Client\Services\EventAspectService.cs(35,13): warning CA1873: L’évaluation de cet argument peut être coûteuse et inutile si la journalisation est désactivée (https://learn.microsoft.com/dotnet/fundamentals/code-analysis/quality-rules/ca1873) [C:\ISLAMU\GitHub\Event\Explore.Blazor.Client\Explore.Blazor.Client.csproj]
C:\ISLAMU\GitHub\Event\Explore.Blazor.Client\Services\EventAspectService.cs(60,13): warning CA1873: L’évaluation de cet argument peut être coûteuse et inutile si la journalisation est désactivée (https://learn.microsoft.com/dotnet/fundamentals/code-analysis/quality-rules/ca1873) [C:\ISLAMU\GitHub\Event\Explore.Blazor.Client\Explore.Blazor.Client.csproj]
C:\ISLAMU\GitHub\Event\Explore.Blazor.Client\Services\EventAspectService.cs(126,13): warning CA1873: L’évaluation de cet argument peut être coûteuse et inutile si la journalisation est désactivée (https://learn.microsoft.com/dotnet/fundamentals/code-analysis/quality-rules/ca1873) [C:\ISLAMU\GitHub\Event\Explore.Blazor.Client\Explore.Blazor.Client.csproj]
C:\ISLAMU\GitHub\Event\Explore.Blazor.Client\Services\EventAspectService.cs(152,13): warning CA1873: L’évaluation de cet argument peut être coûteuse et inutile si la journalisation est désactivée (https://learn.microsoft.com/dotnet/fundamentals/code-analysis/quality-rules/ca1873) [C:\ISLAMU\GitHub\Event\Explore.Blazor.Client\Explore.Blazor.Client.csproj]
C:\ISLAMU\GitHub\Event\Explore.Blazor.Client\Pages\Admin\Instance\Components\InstanceAdminSettingsLayout.razor(1,1): warning MUD0002: Illegal Attribute 'DisablePadding' on 'MudList' using pattern 'LowerCase' source location '(1023,28)-(1023,90)' (https://mudblazor.com/features/analyzers) [C:\ISLAMU\GitHub\Event\Explore.Blazor.Client\Explore.Blazor.Client.csproj]
C:\ISLAMU\GitHub\Event\Explore.Blazor.Client\Services\EventRegistrationService.cs(39,13): warning CA1873: L’évaluation de cet argument peut être coûteuse et inutile si la journalisation est désactivée (https://learn.microsoft.com/dotnet/fundamentals/code-analysis/quality-rules/ca1873) [C:\ISLAMU\GitHub\Event\Explore.Blazor.Client\Explore.Blazor.Client.csproj]
C:\ISLAMU\GitHub\Event\Explore.Blazor.Client\Pages\User\UserProfile.razor(1,1): warning MUD0002: Illegal Attribute 'DisablePadding' on 'MudList' using pattern 'LowerCase' source location '(1500,32)-(1500,95)' (https://mudblazor.com/features/analyzers) [C:\ISLAMU\GitHub\Event\Explore.Blazor.Client\Explore.Blazor.Client.csproj]
C:\ISLAMU\GitHub\Event\Explore.Blazor.Client\Services\EventRegistrationService.cs(95,13): warning CA1873: L’évaluation de cet argument peut être coûteuse et inutile si la journalisation est désactivée (https://learn.microsoft.com/dotnet/fundamentals/code-analysis/quality-rules/ca1873) [C:\ISLAMU\GitHub\Event\Explore.Blazor.Client\Explore.Blazor.Client.csproj]
C:\ISLAMU\GitHub\Event\Explore.Blazor.Client\Services\CookieConsentInterop.cs(61,28): warning CA1816: Changez CookieConsentInterop.DisposeAsync() pour appeler GC.SuppressFinalize(object). Cette opération empêche les types dérivés qui introduisent un finaliseur d'avoir à réimplémenter 'IDisposable' pour l'appeler. (https://learn.microsoft.com/dotnet/fundamentals/code-analysis/quality-rules/ca1816) [C:\ISLAMU\GitHub\Event\Explore.Blazor.Client\Explore.Blazor.Client.csproj]
C:\ISLAMU\GitHub\Event\Explore.Blazor.Client\Services\EventRegistrationService.cs(153,13): warning CA1873: L’évaluation de cet argument peut être coûteuse et inutile si la journalisation est désactivée (https://learn.microsoft.com/dotnet/fundamentals/code-analysis/quality-rules/ca1873) [C:\ISLAMU\GitHub\Event\Explore.Blazor.Client\Explore.Blazor.Client.csproj]
C:\ISLAMU\GitHub\Event\Explore.Blazor.Client\Services\LandingPageService.cs(57,13): warning CA1873: L’évaluation de cet argument peut être coûteuse et inutile si la journalisation est désactivée (https://learn.microsoft.com/dotnet/fundamentals/code-analysis/quality-rules/ca1873) [C:\ISLAMU\GitHub\Event\Explore.Blazor.Client\Explore.Blazor.Client.csproj]
C:\ISLAMU\GitHub\Event\Explore.Blazor.Client\Services\LandingPageService.cs(68,13): warning CA1873: L’évaluation de cet argument peut être coûteuse et inutile si la journalisation est désactivée (https://learn.microsoft.com/dotnet/fundamentals/code-analysis/quality-rules/ca1873) [C:\ISLAMU\GitHub\Event\Explore.Blazor.Client\Explore.Blazor.Client.csproj]
C:\ISLAMU\GitHub\Event\Explore.Blazor.Client\Services\LandingPageService.cs(107,13): warning CA1873: L’évaluation de cet argument peut être coûteuse et inutile si la journalisation est désactivée (https://learn.microsoft.com/dotnet/fundamentals/code-analysis/quality-rules/ca1873) [C:\ISLAMU\GitHub\Event\Explore.Blazor.Client\Explore.Blazor.Client.csproj]
C:\ISLAMU\GitHub\Event\Explore.Blazor.Client\Pages\User\Components\SettingsLayout.razor(1,1): warning MUD0002: Illegal Attribute 'DisablePadding' on 'MudList' using pattern 'LowerCase' source location '(407,28)-(407,90)' (https://mudblazor.com/features/analyzers) [C:\ISLAMU\GitHub\Event\Explore.Blazor.Client\Explore.Blazor.Client.csproj]
C:\ISLAMU\GitHub\Event\Explore.Blazor.Client\Pages\Events\Dialogs\SessionSelectionDialog.razor(1,1): warning MUD0002: Illegal Attribute 'OnClick' on 'MudPaper' using pattern 'LowerCase' source location '(295,20)-(295,86)' (https://mudblazor.com/features/analyzers) [C:\ISLAMU\GitHub\Event\Explore.Blazor.Client\Explore.Blazor.Client.csproj]
C:\ISLAMU\GitHub\Event\Explore.Blazor.Client\Pages\Events\Dialogs\SessionSelectionDialog.razor(1,1): warning MUD0002: Illegal Attribute 'OnClick' on 'MudPaper' using pattern 'LowerCase' source location '(530,20)-(538,21)' (https://mudblazor.com/features/analyzers) [C:\ISLAMU\GitHub\Event\Explore.Blazor.Client\Explore.Blazor.Client.csproj]
C:\ISLAMU\GitHub\Event\Explore.Blazor.Client\Services\Http\S3UploadMessageHandler.cs(35,17): warning CA1873: L’évaluation de cet argument peut être coûteuse et inutile si la journalisation est désactivée (https://learn.microsoft.com/dotnet/fundamentals/code-analysis/quality-rules/ca1873) [C:\ISLAMU\GitHub\Event\Explore.Blazor.Client\Explore.Blazor.Client.csproj]
C:\ISLAMU\GitHub\Event\Explore.Blazor.Client\Services\Http\S3UploadMessageHandler.cs(49,25): warning CA1873: L’évaluation de cet argument peut être coûteuse et inutile si la journalisation est désactivée (https://learn.microsoft.com/dotnet/fundamentals/code-analysis/quality-rules/ca1873) [C:\ISLAMU\GitHub\Event\Explore.Blazor.Client\Explore.Blazor.Client.csproj]
C:\ISLAMU\GitHub\Event\Explore.Blazor.Client\Services\Http\BrowserCredentialsMessageHandler.cs(57,17): warning CA1873: L’évaluation de cet argument peut être coûteuse et inutile si la journalisation est désactivée (https://learn.microsoft.com/dotnet/fundamentals/code-analysis/quality-rules/ca1873) [C:\ISLAMU\GitHub\Event\Explore.Blazor.Client\Explore.Blazor.Client.csproj]
C:\ISLAMU\GitHub\Event\Explore.Blazor.Client\Services\Http\BrowserCredentialsMessageHandler.cs(64,21): warning CA1873: L’évaluation de cet argument peut être coûteuse et inutile si la journalisation est désactivée (https://learn.microsoft.com/dotnet/fundamentals/code-analysis/quality-rules/ca1873) [C:\ISLAMU\GitHub\Event\Explore.Blazor.Client\Explore.Blazor.Client.csproj]
C:\ISLAMU\GitHub\Event\Explore.Blazor.Client\Services\ImageStorageService.cs(150,13): warning CA1873: L’évaluation de cet argument peut être coûteuse et inutile si la journalisation est désactivée (https://learn.microsoft.com/dotnet/fundamentals/code-analysis/quality-rules/ca1873) [C:\ISLAMU\GitHub\Event\Explore.Blazor.Client\Explore.Blazor.Client.csproj]
C:\ISLAMU\GitHub\Event\Explore.Blazor.Client\Services\ImageStorageService.cs(166,13): warning CA1873: L’évaluation de cet argument peut être coûteuse et inutile si la journalisation est désactivée (https://learn.microsoft.com/dotnet/fundamentals/code-analysis/quality-rules/ca1873) [C:\ISLAMU\GitHub\Event\Explore.Blazor.Client\Explore.Blazor.Client.csproj]
C:\ISLAMU\GitHub\Event\Explore.Blazor.Client\Pages\Events\EventList.razor.cs(954,41): warning CA1860: Préférez comparer « Count » à 0 au lieu d’utiliser « Any() », à la fois pour plus de clarté et pour des performances (https://learn.microsoft.com/dotnet/fundamentals/code-analysis/quality-rules/ca1860) [C:\ISLAMU\GitHub\Event\Explore.Blazor.Client\Explore.Blazor.Client.csproj]
C:\ISLAMU\GitHub\Event\Explore.Blazor.Client\Services\Http\BffUnauthorizedHandler.cs(67,17): warning CA1873: L’évaluation de cet argument peut être coûteuse et inutile si la journalisation est désactivée (https://learn.microsoft.com/dotnet/fundamentals/code-analysis/quality-rules/ca1873) [C:\ISLAMU\GitHub\Event\Explore.Blazor.Client\Explore.Blazor.Client.csproj]
C:\ISLAMU\GitHub\Event\Explore.Blazor.Client\Services\Http\BffUnauthorizedHandler.cs(75,17): warning CA1873: L’évaluation de cet argument peut être coûteuse et inutile si la journalisation est désactivée (https://learn.microsoft.com/dotnet/fundamentals/code-analysis/quality-rules/ca1873) [C:\ISLAMU\GitHub\Event\Explore.Blazor.Client\Explore.Blazor.Client.csproj]
C:\ISLAMU\GitHub\Event\Explore.Blazor.Client\Services\Http\BffUnauthorizedHandler.cs(82,17): warning CA1873: L’évaluation de cet argument peut être coûteuse et inutile si la journalisation est désactivée (https://learn.microsoft.com/dotnet/fundamentals/code-analysis/quality-rules/ca1873) [C:\ISLAMU\GitHub\Event\Explore.Blazor.Client\Explore.Blazor.Client.csproj]
C:\ISLAMU\GitHub\Event\Explore.Blazor.Client\Services\ImageStorageService.cs(187,13): warning CA1873: L’évaluation de cet argument peut être coûteuse et inutile si la journalisation est désactivée (https://learn.microsoft.com/dotnet/fundamentals/code-analysis/quality-rules/ca1873) [C:\ISLAMU\GitHub\Event\Explore.Blazor.Client\Explore.Blazor.Client.csproj]
C:\ISLAMU\GitHub\Event\Explore.Blazor.Client\Services\ImageStorageService.cs(216,13): warning CA1873: L’évaluation de cet argument peut être coûteuse et inutile si la journalisation est désactivée (https://learn.microsoft.com/dotnet/fundamentals/code-analysis/quality-rules/ca1873) [C:\ISLAMU\GitHub\Event\Explore.Blazor.Client\Explore.Blazor.Client.csproj]
C:\ISLAMU\GitHub\Event\Explore.Blazor.Client\Services\ImageStorageService.cs(285,17): warning CA1873: L’évaluation de cet argument peut être coûteuse et inutile si la journalisation est désactivée (https://learn.microsoft.com/dotnet/fundamentals/code-analysis/quality-rules/ca1873) [C:\ISLAMU\GitHub\Event\Explore.Blazor.Client\Explore.Blazor.Client.csproj]
C:\ISLAMU\GitHub\Event\Explore.Blazor.Client\Services\ImageStorageService.cs(318,13): warning CA1873: L’évaluation de cet argument peut être coûteuse et inutile si la journalisation est désactivée (https://learn.microsoft.com/dotnet/fundamentals/code-analysis/quality-rules/ca1873) [C:\ISLAMU\GitHub\Event\Explore.Blazor.Client\Explore.Blazor.Client.csproj]
C:\ISLAMU\GitHub\Event\Explore.Blazor.Client\Services\ImageStorageService.cs(396,13): warning CA1873: L’évaluation de cet argument peut être coûteuse et inutile si la journalisation est désactivée (https://learn.microsoft.com/dotnet/fundamentals/code-analysis/quality-rules/ca1873) [C:\ISLAMU\GitHub\Event\Explore.Blazor.Client\Explore.Blazor.Client.csproj]
C:\ISLAMU\GitHub\Event\Explore.Blazor.Client\Services\ImageStorageService.cs(402,13): warning CA1873: L’évaluation de cet argument peut être coûteuse et inutile si la journalisation est désactivée (https://learn.microsoft.com/dotnet/fundamentals/code-analysis/quality-rules/ca1873) [C:\ISLAMU\GitHub\Event\Explore.Blazor.Client\Explore.Blazor.Client.csproj]
C:\ISLAMU\GitHub\Event\Explore.Blazor.Client\Services\ImageStorageService.cs(415,13): warning CA1873: L’évaluation de cet argument peut être coûteuse et inutile si la journalisation est désactivée (https://learn.microsoft.com/dotnet/fundamentals/code-analysis/quality-rules/ca1873) [C:\ISLAMU\GitHub\Event\Explore.Blazor.Client\Explore.Blazor.Client.csproj]
C:\ISLAMU\GitHub\Event\Explore.Blazor.Client\Services\ImageStorageService.cs(441,13): warning CA1873: L’évaluation de cet argument peut être coûteuse et inutile si la journalisation est désactivée (https://learn.microsoft.com/dotnet/fundamentals/code-analysis/quality-rules/ca1873) [C:\ISLAMU\GitHub\Event\Explore.Blazor.Client\Explore.Blazor.Client.csproj]
C:\ISLAMU\GitHub\Event\Explore.Blazor.Client\Services\ImageStorageService.cs(356,17): warning CA1873: L’évaluation de cet argument peut être coûteuse et inutile si la journalisation est désactivée (https://learn.microsoft.com/dotnet/fundamentals/code-analysis/quality-rules/ca1873) [C:\ISLAMU\GitHub\Event\Explore.Blazor.Client\Explore.Blazor.Client.csproj]
C:\ISLAMU\GitHub\Event\Explore.Blazor.Client\Pages\Events\Dialogs\ManageSpeakersDialog.razor(1,1): warning MUD0002: Illegal Attribute 'Clickable' on 'MudList' using pattern 'LowerCase' source location '(431,20)-(431,77)' (https://mudblazor.com/features/analyzers) [C:\ISLAMU\GitHub\Event\Explore.Blazor.Client\Explore.Blazor.Client.csproj]
C:\ISLAMU\GitHub\Event\Explore.Blazor.Client\Services\ImageStorageService.cs(273,22): warning CA2000: Appelez System.IDisposable.Dispose sur l'objet créé par 'new StringContent(fileData.ContentType)' avant que toutes les références s'y rapportant ne soient hors étendue (https://learn.microsoft.com/dotnet/fundamentals/code-analysis/quality-rules/ca2000) [C:\ISLAMU\GitHub\Event\Explore.Blazor.Client\Explore.Blazor.Client.csproj]
C:\ISLAMU\GitHub\Event\Explore.Blazor.Client\Services\ImageStorageService.cs(272,22): warning CA2000: Appelez System.IDisposable.Dispose sur l'objet créé par 'new StringContent(uploadUrl)' avant que toutes les références s'y rapportant ne soient hors étendue (https://learn.microsoft.com/dotnet/fundamentals/code-analysis/quality-rules/ca2000) [C:\ISLAMU\GitHub\Event\Explore.Blazor.Client\Explore.Blazor.Client.csproj]
C:\ISLAMU\GitHub\Event\Explore.Blazor.Client\Pages\Events\EventEdit.razor.cs(221,53): warning CA1311: Spécifiez une culture ou utilisez une version invariante pour éviter toute dépendance implicite par rapport à la culture actuelle (https://learn.microsoft.com/dotnet/fundamentals/code-analysis/quality-rules/ca1311) [C:\ISLAMU\GitHub\Event\Explore.Blazor.Client\Explore.Blazor.Client.csproj]
C:\ISLAMU\GitHub\Event\Explore.Blazor.Client\Pages\Events\EventEdit.razor.cs(221,36): warning CA1304: Le comportement de 'string.ToLower()' peut varier en fonction des paramètres régionaux de l'utilisateur actuel. Remplacez cet appel dans 'EventEdit.OnImageFileSelected(IBrowserFile)' par un appel à 'string.ToLower(CultureInfo)'. (https://learn.microsoft.com/dotnet/fundamentals/code-analysis/quality-rules/ca1304) [C:\ISLAMU\GitHub\Event\Explore.Blazor.Client\Explore.Blazor.Client.csproj]
C:\ISLAMU\GitHub\Event\Explore.Blazor.Client\Pages\Events\EventEdit.razor.cs(348,13): warning CA1860: Préférez comparer « Count » à 0 au lieu d’utiliser « Any() », à la fois pour plus de clarté et pour des performances (https://learn.microsoft.com/dotnet/fundamentals/code-analysis/quality-rules/ca1860) [C:\ISLAMU\GitHub\Event\Explore.Blazor.Client\Explore.Blazor.Client.csproj]
C:\ISLAMU\GitHub\Event\Explore.Blazor.Client\Pages\Events\EventList.razor.cs(1076,28): warning CA1816: Changez EventList.DisposeAsync() pour appeler GC.SuppressFinalize(object). Cette opération empêche les types dérivés qui introduisent un finaliseur d'avoir à réimplémenter 'IDisposable' pour l'appeler. (https://learn.microsoft.com/dotnet/fundamentals/code-analysis/quality-rules/ca1816) [C:\ISLAMU\GitHub\Event\Explore.Blazor.Client\Explore.Blazor.Client.csproj]
C:\ISLAMU\GitHub\Event\Explore.Blazor.Client\Pages\Admin\Instance\Components\InstanceTenantsSection.razor(1,1): warning MUD0002: Illegal Attribute 'Title' on 'MudIconButton' using pattern 'LowerCase' source location '(1124,20)-(1124,83)' (https://mudblazor.com/features/analyzers) [C:\ISLAMU\GitHub\Event\Explore.Blazor.Client\Explore.Blazor.Client.csproj]
C:\ISLAMU\GitHub\Event\Explore.Blazor.Client\Pages\Events\EventEdit.razor.cs(422,34): warning CA1860: Préférez comparer « Count » à 0 au lieu d’utiliser « Any() », à la fois pour plus de clarté et pour des performances (https://learn.microsoft.com/dotnet/fundamentals/code-analysis/quality-rules/ca1860) [C:\ISLAMU\GitHub\Event\Explore.Blazor.Client\Explore.Blazor.Client.csproj]
C:\ISLAMU\GitHub\Event\Explore.Blazor.Client\Pages\Events\EventEdit.razor.cs(480,49): warning CA1860: Préférez comparer « Count » à 0 au lieu d’utiliser « Any() », à la fois pour plus de clarté et pour des performances (https://learn.microsoft.com/dotnet/fundamentals/code-analysis/quality-rules/ca1860) [C:\ISLAMU\GitHub\Event\Explore.Blazor.Client\Explore.Blazor.Client.csproj]
C:\ISLAMU\GitHub\Event\Explore.Blazor.Client\Services\ImageStorageService.cs(476,13): warning CA1873: L’évaluation de cet argument peut être coûteuse et inutile si la journalisation est désactivée (https://learn.microsoft.com/dotnet/fundamentals/code-analysis/quality-rules/ca1873) [C:\ISLAMU\GitHub\Event\Explore.Blazor.Client\Explore.Blazor.Client.csproj]
C:\ISLAMU\GitHub\Event\Explore.Blazor.Client\Services\ImageStorageService.cs(491,13): warning CA1873: L’évaluation de cet argument peut être coûteuse et inutile si la journalisation est désactivée (https://learn.microsoft.com/dotnet/fundamentals/code-analysis/quality-rules/ca1873) [C:\ISLAMU\GitHub\Event\Explore.Blazor.Client\Explore.Blazor.Client.csproj]
C:\ISLAMU\GitHub\Event\Explore.Blazor.Client\Services\ImageStorageService.cs(505,13): warning CA1873: L’évaluation de cet argument peut être coûteuse et inutile si la journalisation est désactivée (https://learn.microsoft.com/dotnet/fundamentals/code-analysis/quality-rules/ca1873) [C:\ISLAMU\GitHub\Event\Explore.Blazor.Client\Explore.Blazor.Client.csproj]
C:\ISLAMU\GitHub\Event\Explore.Blazor.Client\Services\ImageStorageService.cs(523,13): warning CA1873: L’évaluation de cet argument peut être coûteuse et inutile si la journalisation est désactivée (https://learn.microsoft.com/dotnet/fundamentals/code-analysis/quality-rules/ca1873) [C:\ISLAMU\GitHub\Event\Explore.Blazor.Client\Explore.Blazor.Client.csproj]
C:\ISLAMU\GitHub\Event\Explore.Blazor.Client\Services\ImageStorageService.cs(529,17): warning CA1873: L’évaluation de cet argument peut être coûteuse et inutile si la journalisation est désactivée (https://learn.microsoft.com/dotnet/fundamentals/code-analysis/quality-rules/ca1873) [C:\ISLAMU\GitHub\Event\Explore.Blazor.Client\Explore.Blazor.Client.csproj]
C:\ISLAMU\GitHub\Event\Explore.Blazor.Client\Services\ImageStorageService.cs(558,17): warning CA1873: L’évaluation de cet argument peut être coûteuse et inutile si la journalisation est désactivée (https://learn.microsoft.com/dotnet/fundamentals/code-analysis/quality-rules/ca1873) [C:\ISLAMU\GitHub\Event\Explore.Blazor.Client\Explore.Blazor.Client.csproj]
C:\ISLAMU\GitHub\Event\Explore.Blazor.Client\Services\ImageStorageService.cs(566,17): warning CA1873: L’évaluation de cet argument peut être coûteuse et inutile si la journalisation est désactivée (https://learn.microsoft.com/dotnet/fundamentals/code-analysis/quality-rules/ca1873) [C:\ISLAMU\GitHub\Event\Explore.Blazor.Client\Explore.Blazor.Client.csproj]
C:\ISLAMU\GitHub\Event\Explore.Blazor.Client\Services\ImageStorageService.cs(605,13): warning CA1873: L’évaluation de cet argument peut être coûteuse et inutile si la journalisation est désactivée (https://learn.microsoft.com/dotnet/fundamentals/code-analysis/quality-rules/ca1873) [C:\ISLAMU\GitHub\Event\Explore.Blazor.Client\Explore.Blazor.Client.csproj]
C:\ISLAMU\GitHub\Event\Explore.Blazor.Client\Services\ImageStorageService.cs(668,17): warning CA1873: L’évaluation de cet argument peut être coûteuse et inutile si la journalisation est désactivée (https://learn.microsoft.com/dotnet/fundamentals/code-analysis/quality-rules/ca1873) [C:\ISLAMU\GitHub\Event\Explore.Blazor.Client\Explore.Blazor.Client.csproj]
C:\ISLAMU\GitHub\Event\Explore.Blazor.Client\Pages\User\Components\SettingsNotifications.razor(1,1): warning MUD0002: Illegal Attribute 'Checked' on 'MudSwitch' using pattern 'LowerCase' source location '(488,20)-(488,75)' (https://mudblazor.com/features/analyzers) [C:\ISLAMU\GitHub\Event\Explore.Blazor.Client\Explore.Blazor.Client.csproj]
C:\ISLAMU\GitHub\Event\Explore.Blazor.Client\Pages\User\Components\SettingsNotifications.razor(1,1): warning MUD0002: Illegal Attribute 'Checked' on 'MudSwitch' using pattern 'LowerCase' source location '(646,20)-(646,75)' (https://mudblazor.com/features/analyzers) [C:\ISLAMU\GitHub\Event\Explore.Blazor.Client\Explore.Blazor.Client.csproj]
C:\ISLAMU\GitHub\Event\Explore.Blazor.Client\Pages\User\Components\SettingsNotifications.razor(1,1): warning MUD0002: Illegal Attribute 'Checked' on 'MudSwitch' using pattern 'LowerCase' source location '(804,20)-(804,76)' (https://mudblazor.com/features/analyzers) [C:\ISLAMU\GitHub\Event\Explore.Blazor.Client\Explore.Blazor.Client.csproj]
C:\ISLAMU\GitHub\Event\Explore.Blazor.Client\Pages\User\Components\SettingsNotifications.razor(1,1): warning MUD0002: Illegal Attribute 'Checked' on 'MudSwitch' using pattern 'LowerCase' source location '(1043,20)-(1043,76)' (https://mudblazor.com/features/analyzers) [C:\ISLAMU\GitHub\Event\Explore.Blazor.Client\Explore.Blazor.Client.csproj]
C:\ISLAMU\GitHub\Event\Explore.Blazor.Client\Pages\User\Components\SettingsNotifications.razor(1,1): warning MUD0002: Illegal Attribute 'Checked' on 'MudSwitch' using pattern 'LowerCase' source location '(1201,20)-(1201,77)' (https://mudblazor.com/features/analyzers) [C:\ISLAMU\GitHub\Event\Explore.Blazor.Client\Explore.Blazor.Client.csproj]
C:\ISLAMU\GitHub\Event\Explore.Blazor.Client\Pages\Onboarding\AuthProviderConfiguration.razor(1,1): warning MUD0002: Illegal Attribute 'Direction' on 'MudStack' using pattern 'LowerCase' source location '(2155,20)-(2155,87)' (https://mudblazor.com/features/analyzers) [C:\ISLAMU\GitHub\Event\Explore.Blazor.Client\Explore.Blazor.Client.csproj]
C:\ISLAMU\GitHub\Event\Explore.Blazor.Client\Pages\Onboarding\AuthProviderConfiguration.razor(1,1): warning MUD0002: Illegal Attribute 'Direction' on 'MudStack' using pattern 'LowerCase' source location '(653,28)-(653,94)' (https://mudblazor.com/features/analyzers) [C:\ISLAMU\GitHub\Event\Explore.Blazor.Client\Explore.Blazor.Client.csproj]
C:\ISLAMU\GitHub\Event\Explore.Blazor.Client\Pages\Onboarding\AuthProviderConfiguration.razor(1,1): warning MUD0002: Illegal Attribute 'Direction' on 'MudStack' using pattern 'LowerCase' source location '(1353,28)-(1353,95)' (https://mudblazor.com/features/analyzers) [C:\ISLAMU\GitHub\Event\Explore.Blazor.Client\Explore.Blazor.Client.csproj]
C:\ISLAMU\GitHub\Event\Explore.Blazor.Client\Pages\Onboarding\AuthProviderConfiguration.razor(1,1): warning MUD0002: Illegal Attribute 'Direction' on 'MudStack' using pattern 'LowerCase' source location '(1748,28)-(1748,95)' (https://mudblazor.com/features/analyzers) [C:\ISLAMU\GitHub\Event\Explore.Blazor.Client\Explore.Blazor.Client.csproj]
C:\ISLAMU\GitHub\Event\Explore.Blazor.Client\Pages\Events\EventDetail.razor.cs(239,45): warning CA1860: Préférez comparer « Count » à 0 au lieu d’utiliser « Any() », à la fois pour plus de clarté et pour des performances (https://learn.microsoft.com/dotnet/fundamentals/code-analysis/quality-rules/ca1860) [C:\ISLAMU\GitHub\Event\Explore.Blazor.Client\Explore.Blazor.Client.csproj]
C:\ISLAMU\GitHub\Event\Explore.Blazor.Client\Pages\Events\EventDetail.razor.cs(213,13): warning CA1873: L’évaluation de cet argument peut être coûteuse et inutile si la journalisation est désactivée (https://learn.microsoft.com/dotnet/fundamentals/code-analysis/quality-rules/ca1873) [C:\ISLAMU\GitHub\Event\Explore.Blazor.Client\Explore.Blazor.Client.csproj]
C:\ISLAMU\GitHub\Event\Explore.Blazor.Client\Pages\Events\EventDetail.razor.cs(281,17): warning CA1873: L’évaluation de cet argument peut être coûteuse et inutile si la journalisation est désactivée (https://learn.microsoft.com/dotnet/fundamentals/code-analysis/quality-rules/ca1873) [C:\ISLAMU\GitHub\Event\Explore.Blazor.Client\Explore.Blazor.Client.csproj]
C:\ISLAMU\GitHub\Event\Explore.Blazor.Client\Pages\Events\EventDetail.razor.cs(316,9): warning CA1873: L’évaluation de cet argument peut être coûteuse et inutile si la journalisation est désactivée (https://learn.microsoft.com/dotnet/fundamentals/code-analysis/quality-rules/ca1873) [C:\ISLAMU\GitHub\Event\Explore.Blazor.Client\Explore.Blazor.Client.csproj]
C:\ISLAMU\GitHub\Event\Explore.Blazor.Client\Pages\Events\EventDetail.razor.cs(256,14): warning CA1860: Préférez comparer « Count » à 0 au lieu d’utiliser « Any() », à la fois pour plus de clarté et pour des performances (https://learn.microsoft.com/dotnet/fundamentals/code-analysis/quality-rules/ca1860) [C:\ISLAMU\GitHub\Event\Explore.Blazor.Client\Explore.Blazor.Client.csproj]
C:\ISLAMU\GitHub\Event\Explore.Blazor.Client\Pages\Events\EventDetail.razor.cs(98,13): warning CA1873: L’évaluation de cet argument peut être coûteuse et inutile si la journalisation est désactivée (https://learn.microsoft.com/dotnet/fundamentals/code-analysis/quality-rules/ca1873) [C:\ISLAMU\GitHub\Event\Explore.Blazor.Client\Explore.Blazor.Client.csproj]
C:\ISLAMU\GitHub\Event\Explore.Blazor.Client\Pages\Events\EventDetail.razor.cs(103,17): warning CA1873: L’évaluation de cet argument peut être coûteuse et inutile si la journalisation est désactivée (https://learn.microsoft.com/dotnet/fundamentals/code-analysis/quality-rules/ca1873) [C:\ISLAMU\GitHub\Event\Explore.Blazor.Client\Explore.Blazor.Client.csproj]
C:\ISLAMU\GitHub\Event\Explore.Blazor.Client\Pages\Events\EventDetail.razor.cs(110,17): warning CA1873: L’évaluation de cet argument peut être coûteuse et inutile si la journalisation est désactivée (https://learn.microsoft.com/dotnet/fundamentals/code-analysis/quality-rules/ca1873) [C:\ISLAMU\GitHub\Event\Explore.Blazor.Client\Explore.Blazor.Client.csproj]
C:\ISLAMU\GitHub\Event\Explore.Blazor.Client\Pages\Events\EventDetail.razor.cs(460,40): warning CA1860: Préférez comparer « Count » à 0 au lieu d’utiliser « Any() », à la fois pour plus de clarté et pour des performances (https://learn.microsoft.com/dotnet/fundamentals/code-analysis/quality-rules/ca1860) [C:\ISLAMU\GitHub\Event\Explore.Blazor.Client\Explore.Blazor.Client.csproj]
C:\ISLAMU\GitHub\Event\Explore.Blazor.Client\Pages\Events\EventDetail.razor.cs(548,13): warning CA1873: L’évaluation de cet argument peut être coûteuse et inutile si la journalisation est désactivée (https://learn.microsoft.com/dotnet/fundamentals/code-analysis/quality-rules/ca1873) [C:\ISLAMU\GitHub\Event\Explore.Blazor.Client\Explore.Blazor.Client.csproj]
C:\ISLAMU\GitHub\Event\Explore.Blazor.Client\Pages\Events\EventDetail.razor.cs(593,9): warning CA1873: L’évaluation de cet argument peut être coûteuse et inutile si la journalisation est désactivée (https://learn.microsoft.com/dotnet/fundamentals/code-analysis/quality-rules/ca1873) [C:\ISLAMU\GitHub\Event\Explore.Blazor.Client\Explore.Blazor.Client.csproj]
C:\ISLAMU\GitHub\Event\Explore.Blazor.Client\Pages\Events\EventDetail.razor.cs(602,9): warning CA1873: L’évaluation de cet argument peut être coûteuse et inutile si la journalisation est désactivée (https://learn.microsoft.com/dotnet/fundamentals/code-analysis/quality-rules/ca1873) [C:\ISLAMU\GitHub\Event\Explore.Blazor.Client\Explore.Blazor.Client.csproj]
C:\ISLAMU\GitHub\Event\Explore.Blazor.Client\Pages\Events\EventDetail.razor.cs(611,9): warning CA1873: L’évaluation de cet argument peut être coûteuse et inutile si la journalisation est désactivée (https://learn.microsoft.com/dotnet/fundamentals/code-analysis/quality-rules/ca1873) [C:\ISLAMU\GitHub\Event\Explore.Blazor.Client\Explore.Blazor.Client.csproj]
C:\ISLAMU\GitHub\Event\Explore.Blazor.Client\Pages\Events\CreateEvent.razor(1,1): warning MUD0002: Illegal Attribute 'DisableToolbar' on 'MudDatePicker' using pattern 'LowerCase' source location '(3307,28)-(3307,91)' (https://mudblazor.com/features/analyzers) [C:\ISLAMU\GitHub\Event\Explore.Blazor.Client\Explore.Blazor.Client.csproj]
C:\ISLAMU\GitHub\Event\Explore.Blazor.Client\Pages\Events\CreateEvent.razor(1,1): warning MUD0002: Illegal Attribute 'DisableToolbar' on 'MudDatePicker' using pattern 'LowerCase' source location '(3506,28)-(3506,91)' (https://mudblazor.com/features/analyzers) [C:\ISLAMU\GitHub\Event\Explore.Blazor.Client\Explore.Blazor.Client.csproj]
C:\ISLAMU\GitHub\Event\Explore.Blazor.Client\Pages\Events\EventEdit.razor(1,1): warning MUD0002: Illegal Attribute 'DisableToolbar' on 'MudDatePicker' using pattern 'LowerCase' source location '(1695,28)-(1695,91)' (https://mudblazor.com/features/analyzers) [C:\ISLAMU\GitHub\Event\Explore.Blazor.Client\Explore.Blazor.Client.csproj]
C:\ISLAMU\GitHub\Event\Explore.Blazor.Client\Pages\Events\EventEdit.razor(1,1): warning MUD0002: Illegal Attribute 'DisableToolbar' on 'MudDatePicker' using pattern 'LowerCase' source location '(1894,28)-(1894,91)' (https://mudblazor.com/features/analyzers) [C:\ISLAMU\GitHub\Event\Explore.Blazor.Client\Explore.Blazor.Client.csproj]
C:\ISLAMU\GitHub\Event\Explore.Blazor.Client\Pages\Events\EventDetail.razor(1,1): warning MUD0002: Illegal Attribute 'Elevation' on 'MudButton' using pattern 'LowerCase' source location '(2179,28)-(2179,83)' (https://mudblazor.com/features/analyzers) [C:\ISLAMU\GitHub\Event\Explore.Blazor.Client\Explore.Blazor.Client.csproj]
  Explore.Blazor.Client -> C:\ISLAMU\GitHub\Event\Explore.Blazor.Client\bin\Release\net10.0\Explore.Blazor.Client.dll
  Explore.Blazor.Client (Blazor output) -> C:\ISLAMU\GitHub\Event\Explore.Blazor.Client\bin\Release\net10.0\wwwroot

La génération a réussi.

C:\Users\AM5\.nuget\packages\microsoft.extensions.apidescription.client\10.0.1\build\Microsoft.Extensions.ApiDescription.Client.props(9,5): warning ASPDEPR001: The 'Microsoft.Extensions.ApiDescription.Client' package is deprecated and will be removed in a future release. [C:\ISLAMU\GitHub\Event\Explore.Blazor.Client\Explore.Blazor.Client.csproj]
C:\ISLAMU\GitHub\Event\Explore.Blazor.Client\Pages\Events\Components\SessionEditorPanel.razor(44,21): warning RZ10012: Found markup element with unexpected name 'ActivatorContent'. If this is intended to be a component, add a @using directive for its namespace. [C:\ISLAMU\GitHub\Event\Explore.Blazor.Client\Explore.Blazor.Client.csproj]
C:\ISLAMU\GitHub\Event\Explore.Blazor.Client\Shared\ReviewDialog.razor(19,45): warning CS8618: Le propriété « MudDialog » non-nullable doit contenir une valeur autre que Null lors de la fermeture du constructeur. Envisagez d’ajouter le modificateur « required » ou de déclarer le propriété comme pouvant accepter la valeur Null. [C:\ISLAMU\GitHub\Event\Explore.Blazor.Client\Explore.Blazor.Client.csproj]
C:\ISLAMU\GitHub\Event\Explore.Blazor.Client\Shared\LoginPromptDialog.razor(108,41): warning CS8602: Déréférencement d'une éventuelle référence null. [C:\ISLAMU\GitHub\Event\Explore.Blazor.Client\Explore.Blazor.Client.csproj]
C:\ISLAMU\GitHub\Event\Explore.Blazor.Client\Pages\Admin\Tenant\Navigation.razor(144,26): warning CS0168: La variable 'ex' est déclarée, mais jamais utilisée [C:\ISLAMU\GitHub\Event\Explore.Blazor.Client\Explore.Blazor.Client.csproj]
C:\ISLAMU\GitHub\Event\Explore.Blazor.Client\Pages\Admin\Tenant\Navigation.razor(159,14): warning CS8602: Déréférencement d'une éventuelle référence null. [C:\ISLAMU\GitHub\Event\Explore.Blazor.Client\Explore.Blazor.Client.csproj]
C:\ISLAMU\GitHub\Event\Explore.Blazor.Client\Pages\Admin\Tenant\Navigation.razor(175,14): warning CS8602: Déréférencement d'une éventuelle référence null. [C:\ISLAMU\GitHub\Event\Explore.Blazor.Client\Explore.Blazor.Client.csproj]
C:\ISLAMU\GitHub\Event\Explore.Blazor.Client\Pages\Admin\Tenant\Navigation.razor(196,26): warning CS0168: La variable 'ex' est déclarée, mais jamais utilisée [C:\ISLAMU\GitHub\Event\Explore.Blazor.Client\Explore.Blazor.Client.csproj]
C:\ISLAMU\GitHub\Event\Explore.Blazor.Client\Pages\Admin\Tenant\Navigation.razor(206,79): warning CS8629: Le type valeur Nullable peut avoir une valeur null. [C:\ISLAMU\GitHub\Event\Explore.Blazor.Client\Explore.Blazor.Client.csproj]
C:\ISLAMU\GitHub\Event\Explore.Blazor.Client\Pages\Admin\Tenant\Navigation.razor(217,26): warning CS0168: La variable 'ex' est déclarée, mais jamais utilisée [C:\ISLAMU\GitHub\Event\Explore.Blazor.Client\Explore.Blazor.Client.csproj]
C:\ISLAMU\GitHub\Event\Explore.Blazor.Client\Pages\Admin\Dialogs\EditTagDialog.razor(29,31): warning CS8618: Le propriété « ExistingTag » non-nullable doit contenir une valeur autre que Null lors de la fermeture du constructeur. Envisagez d’ajouter le modificateur « required » ou de déclarer le propriété comme pouvant accepter la valeur Null. [C:\ISLAMU\GitHub\Event\Explore.Blazor.Client\Explore.Blazor.Client.csproj]
C:\ISLAMU\GitHub\Event\Explore.Blazor.Client\Pages\Admin\Dialogs\EditTagDialog.razor(32,21): warning CS8618: Le champ « form » non-nullable doit contenir une valeur autre que Null lors de la fermeture du constructeur. Envisagez d’ajouter le modificateur « required » ou de déclarer le champ comme pouvant accepter la valeur Null. [C:\ISLAMU\GitHub\Event\Explore.Blazor.Client\Explore.Blazor.Client.csproj]
C:\ISLAMU\GitHub\Event\Explore.Blazor.Client\Pages\Admin\Tenant\Navigation.razor(235,83): warning CS8629: Le type valeur Nullable peut avoir une valeur null. [C:\ISLAMU\GitHub\Event\Explore.Blazor.Client\Explore.Blazor.Client.csproj]
C:\ISLAMU\GitHub\Event\Explore.Blazor.Client\Pages\Admin\Tenant\Navigation.razor(246,30): warning CS0168: La variable 'ex' est déclarée, mais jamais utilisée [C:\ISLAMU\GitHub\Event\Explore.Blazor.Client\Explore.Blazor.Client.csproj]
C:\ISLAMU\GitHub\Event\Explore.Blazor.Client\Pages\Admin\Dialogs\CreateCategoryDialog.razor(30,21): warning CS8618: Le champ « form » non-nullable doit contenir une valeur autre que Null lors de la fermeture du constructeur. Envisagez d’ajouter le modificateur « required » ou de déclarer le champ comme pouvant accepter la valeur Null. [C:\ISLAMU\GitHub\Event\Explore.Blazor.Client\Explore.Blazor.Client.csproj]
C:\ISLAMU\GitHub\Event\Explore.Blazor.Client\Pages\Admin\Tenant\Navigation.razor(301,26): warning CS0168: La variable 'ex' est déclarée, mais jamais utilisée [C:\ISLAMU\GitHub\Event\Explore.Blazor.Client\Explore.Blazor.Client.csproj]
C:\ISLAMU\GitHub\Event\Explore.Blazor.Client\Pages\Admin\Dialogs\EditLocationDialog.razor(35,36): warning CS8618: Le propriété « ExistingLocation » non-nullable doit contenir une valeur autre que Null lors de la fermeture du constructeur. Envisagez d’ajouter le modificateur « required » ou de déclarer le propriété comme pouvant accepter la valeur Null. [C:\ISLAMU\GitHub\Event\Explore.Blazor.Client\Explore.Blazor.Client.csproj]
C:\ISLAMU\GitHub\Event\Explore.Blazor.Client\Pages\Admin\Dialogs\EditLocationDialog.razor(38,21): warning CS8618: Le champ « form » non-nullable doit contenir une valeur autre que Null lors de la fermeture du constructeur. Envisagez d’ajouter le modificateur « required » ou de déclarer le champ comme pouvant accepter la valeur Null. [C:\ISLAMU\GitHub\Event\Explore.Blazor.Client\Explore.Blazor.Client.csproj]
C:\ISLAMU\GitHub\Event\Explore.Blazor.Client\Pages\Admin\Components\AdminOrganizationTable.razor(24,64): warning CS8602: Déréférencement d'une éventuelle référence null. [C:\ISLAMU\GitHub\Event\Explore.Blazor.Client\Explore.Blazor.Client.csproj]
C:\ISLAMU\GitHub\Event\Explore.Blazor.Client\Pages\Admin\Components\AdminOrganizationTable.razor(46,42): warning CS8629: Le type valeur Nullable peut avoir une valeur null. [C:\ISLAMU\GitHub\Event\Explore.Blazor.Client\Explore.Blazor.Client.csproj]
C:\ISLAMU\GitHub\Event\Explore.Blazor.Client\Pages\Admin\AdminListDetails.razor(33,43): warning CS8602: Déréférencement d'une éventuelle référence null. [C:\ISLAMU\GitHub\Event\Explore.Blazor.Client\Explore.Blazor.Client.csproj]
C:\ISLAMU\GitHub\Event\Explore.Blazor.Client\Pages\Admin\Dialogs\EditCategoryDialog.razor(29,40): warning CS8618: Le propriété « ExistingCategory » non-nullable doit contenir une valeur autre que Null lors de la fermeture du constructeur. Envisagez d’ajouter le modificateur « required » ou de déclarer le propriété comme pouvant accepter la valeur Null. [C:\ISLAMU\GitHub\Event\Explore.Blazor.Client\Explore.Blazor.Client.csproj]
C:\ISLAMU\GitHub\Event\Explore.Blazor.Client\Pages\Admin\Dialogs\EditCategoryDialog.razor(32,21): warning CS8618: Le champ « form » non-nullable doit contenir une valeur autre que Null lors de la fermeture du constructeur. Envisagez d’ajouter le modificateur « required » ou de déclarer le champ comme pouvant accepter la valeur Null. [C:\ISLAMU\GitHub\Event\Explore.Blazor.Client\Explore.Blazor.Client.csproj]
C:\ISLAMU\GitHub\Event\Explore.Blazor.Client\Pages\Admin\Dialogs\CreateTagDialog.razor(30,21): warning CS8618: Le champ « form » non-nullable doit contenir une valeur autre que Null lors de la fermeture du constructeur. Envisagez d’ajouter le modificateur « required » ou de déclarer le champ comme pouvant accepter la valeur Null. [C:\ISLAMU\GitHub\Event\Explore.Blazor.Client\Explore.Blazor.Client.csproj]
C:\ISLAMU\GitHub\Event\Explore.Blazor.Client\Pages\Admin\Dialogs\CreateLocationDialog.razor(36,21): warning CS8618: Le champ « form » non-nullable doit contenir une valeur autre que Null lors de la fermeture du constructeur. Envisagez d’ajouter le modificateur « required » ou de déclarer le champ comme pouvant accepter la valeur Null. [C:\ISLAMU\GitHub\Event\Explore.Blazor.Client\Explore.Blazor.Client.csproj]
C:\ISLAMU\GitHub\Event\Explore.Blazor.Client\Pages\Admin\Organization\Components\OrganizationMembersSection.razor(181,14): warning CS8602: Déréférencement d'une éventuelle référence null. [C:\ISLAMU\GitHub\Event\Explore.Blazor.Client\Explore.Blazor.Client.csproj]
C:\ISLAMU\GitHub\Event\Explore.Blazor.Client\Pages\Admin\Organization\Components\OrganizationMembersSection.razor(203,14): warning CS8602: Déréférencement d'une éventuelle référence null. [C:\ISLAMU\GitHub\Event\Explore.Blazor.Client\Explore.Blazor.Client.csproj]
C:\ISLAMU\GitHub\Event\Explore.Blazor.Client\Pages\Events\Components\OnlineEventDialog.razor(25,45): warning CS8618: Le propriété « MudDialog » non-nullable doit contenir une valeur autre que Null lors de la fermeture du constructeur. Envisagez d’ajouter le modificateur « required » ou de déclarer le propriété comme pouvant accepter la valeur Null. [C:\ISLAMU\GitHub\Event\Explore.Blazor.Client\Explore.Blazor.Client.csproj]
C:\ISLAMU\GitHub\Event\Explore.Blazor.Client\Pages\Organizations\Dialogs\InviteMemberDialog.razor(23,55): warning CS8618: Le propriété « MudDialog » non-nullable doit contenir une valeur autre que Null lors de la fermeture du constructeur. Envisagez d’ajouter le modificateur « required » ou de déclarer le propriété comme pouvant accepter la valeur Null. [C:\ISLAMU\GitHub\Event\Explore.Blazor.Client\Explore.Blazor.Client.csproj]
C:\ISLAMU\GitHub\Event\Explore.Blazor.Client\Pages\Organizations\OrganizationDetails.razor.cs(93,54): warning CS8602: Déréférencement d'une éventuelle référence null. [C:\ISLAMU\GitHub\Event\Explore.Blazor.Client\Explore.Blazor.Client.csproj]
C:\ISLAMU\GitHub\Event\Explore.Blazor.Client\Pages\Events\MyEvents.razor(70,115): warning CS8604: Existence possible d'un argument de référence null pour le paramètre 'value' dans 'void MyEvents.OnCategoryChanged(string value)'. [C:\ISLAMU\GitHub\Event\Explore.Blazor.Client\Explore.Blazor.Client.csproj]
C:\ISLAMU\GitHub\Event\Explore.Blazor.Client\Pages\Organizations\OrganizationMembers.razor.cs(59,50): warning CS8602: Déréférencement d'une éventuelle référence null. [C:\ISLAMU\GitHub\Event\Explore.Blazor.Client\Explore.Blazor.Client.csproj]
C:\ISLAMU\GitHub\Event\Explore.Blazor.Client\Pages\Organizations\OrganizationMembers.razor.cs(102,14): warning CS8602: Déréférencement d'une éventuelle référence null. [C:\ISLAMU\GitHub\Event\Explore.Blazor.Client\Explore.Blazor.Client.csproj]
C:\ISLAMU\GitHub\Event\Explore.Blazor.Client\Pages\Organizations\OrganizationMembers.razor.cs(114,14): warning CS8602: Déréférencement d'une éventuelle référence null. [C:\ISLAMU\GitHub\Event\Explore.Blazor.Client\Explore.Blazor.Client.csproj]
C:\ISLAMU\GitHub\Event\Explore.Blazor.Client\Pages\Events\EventList.razor.cs(245,82): warning CS8629: Le type valeur Nullable peut avoir une valeur null. [C:\ISLAMU\GitHub\Event\Explore.Blazor.Client\Explore.Blazor.Client.csproj]
C:\ISLAMU\GitHub\Event\Explore.Blazor.Client\Pages\Events\EventList.razor.cs(246,86): warning CS8629: Le type valeur Nullable peut avoir une valeur null. [C:\ISLAMU\GitHub\Event\Explore.Blazor.Client\Explore.Blazor.Client.csproj]
C:\ISLAMU\GitHub\Event\Explore.Blazor.Client\Pages\Organizations\OrganizationSharedContacts.razor.cs(51,26): warning CS0168: La variable 'ex' est déclarée, mais jamais utilisée [C:\ISLAMU\GitHub\Event\Explore.Blazor.Client\Explore.Blazor.Client.csproj]
C:\ISLAMU\GitHub\Event\Explore.Blazor.Client\Pages\Organizations\OrganizationSharedContacts.razor.cs(83,26): warning CS0168: La variable 'ex' est déclarée, mais jamais utilisée [C:\ISLAMU\GitHub\Event\Explore.Blazor.Client\Explore.Blazor.Client.csproj]
C:\ISLAMU\GitHub\Event\Explore.Blazor.Client\Pages\Organizations\Dialogs\EditMemberRoleDialog.razor(25,55): warning CS8618: Le propriété « MudDialog » non-nullable doit contenir une valeur autre que Null lors de la fermeture du constructeur. Envisagez d’ajouter le modificateur « required » ou de déclarer le propriété comme pouvant accepter la valeur Null. [C:\ISLAMU\GitHub\Event\Explore.Blazor.Client\Explore.Blazor.Client.csproj]
C:\ISLAMU\GitHub\Event\Explore.Blazor.Client\Pages\Organizations\Dialogs\EditMemberRoleDialog.razor(26,46): warning CS8618: Le propriété « Member » non-nullable doit contenir une valeur autre que Null lors de la fermeture du constructeur. Envisagez d’ajouter le modificateur « required » ou de déclarer le propriété comme pouvant accepter la valeur Null. [C:\ISLAMU\GitHub\Event\Explore.Blazor.Client\Explore.Blazor.Client.csproj]
C:\ISLAMU\GitHub\Event\Explore.Blazor.Client\Pages\Landing\LandingPageForNonUsers.razor(143,131): warning CS8604: Existence possible d'un argument de référence null pour le paramètre 'text' dans 'string LandingPageForNonUsers.TruncateText(string text, int maxLength)'. [C:\ISLAMU\GitHub\Event\Explore.Blazor.Client\Explore.Blazor.Client.csproj]
C:\ISLAMU\GitHub\Event\Explore.Blazor.Client\Pages\User\Components\SettingsPersonalInfo.razor(178,29): warning CS8601: Existence possible d'une assignation de référence null. [C:\ISLAMU\GitHub\Event\Explore.Blazor.Client\Explore.Blazor.Client.csproj]
C:\ISLAMU\GitHub\Event\Explore.Blazor.Client\Pages\User\Components\SettingsPersonalInfo.razor(179,28): warning CS8601: Existence possible d'une assignation de référence null. [C:\ISLAMU\GitHub\Event\Explore.Blazor.Client\Explore.Blazor.Client.csproj]
C:\ISLAMU\GitHub\Event\Explore.Blazor.Client\Pages\User\Components\SettingsPersonalInfo.razor(180,25): warning CS8601: Existence possible d'une assignation de référence null. [C:\ISLAMU\GitHub\Event\Explore.Blazor.Client\Explore.Blazor.Client.csproj]
C:\ISLAMU\GitHub\Event\Explore.Blazor.Client\Pages\User\Components\SettingsConnectedApps.razor(141,26): warning CS0168: La variable 'ex' est déclarée, mais jamais utilisée [C:\ISLAMU\GitHub\Event\Explore.Blazor.Client\Explore.Blazor.Client.csproj]
C:\ISLAMU\GitHub\Event\Explore.Blazor.Client\Pages\User\Components\SettingsConnectedApps.razor(181,26): warning CS0168: La variable 'ex' est déclarée, mais jamais utilisée [C:\ISLAMU\GitHub\Event\Explore.Blazor.Client\Explore.Blazor.Client.csproj]
C:\ISLAMU\GitHub\Event\Explore.Blazor.Client\Pages\Events\Dialogs\CreateSessionDialog.razor(59,33): warning CS8629: Le type valeur Nullable peut avoir une valeur null. [C:\ISLAMU\GitHub\Event\Explore.Blazor.Client\Explore.Blazor.Client.csproj]
C:\ISLAMU\GitHub\Event\Explore.Blazor.Client\Pages\Events\Dialogs\CreateSessionDialog.razor(59,56): warning CS8629: Le type valeur Nullable peut avoir une valeur null. [C:\ISLAMU\GitHub\Event\Explore.Blazor.Client\Explore.Blazor.Client.csproj]
C:\ISLAMU\GitHub\Event\Explore.Blazor.Client\Pages\Events\Dialogs\CreateSessionDialog.razor(60,31): warning CS8629: Le type valeur Nullable peut avoir une valeur null. [C:\ISLAMU\GitHub\Event\Explore.Blazor.Client\Explore.Blazor.Client.csproj]
C:\ISLAMU\GitHub\Event\Explore.Blazor.Client\Pages\Events\Dialogs\CreateSessionDialog.razor(60,52): warning CS8629: Le type valeur Nullable peut avoir une valeur null. [C:\ISLAMU\GitHub\Event\Explore.Blazor.Client\Explore.Blazor.Client.csproj]
C:\ISLAMU\GitHub\Event\Explore.Blazor.Client\Pages\Events\Dialogs\CreateSessionDialog.razor(38,21): warning CS8618: Le champ « form » non-nullable doit contenir une valeur autre que Null lors de la fermeture du constructeur. Envisagez d’ajouter le modificateur « required » ou de déclarer le champ comme pouvant accepter la valeur Null. [C:\ISLAMU\GitHub\Event\Explore.Blazor.Client\Explore.Blazor.Client.csproj]
C:\ISLAMU\GitHub\Event\Explore.Blazor.Client\Pages\Events\Dialogs\EditSessionDialog.razor(77,33): warning CS8629: Le type valeur Nullable peut avoir une valeur null. [C:\ISLAMU\GitHub\Event\Explore.Blazor.Client\Explore.Blazor.Client.csproj]
C:\ISLAMU\GitHub\Event\Explore.Blazor.Client\Pages\Events\Dialogs\EditSessionDialog.razor(77,56): warning CS8629: Le type valeur Nullable peut avoir une valeur null. [C:\ISLAMU\GitHub\Event\Explore.Blazor.Client\Explore.Blazor.Client.csproj]
C:\ISLAMU\GitHub\Event\Explore.Blazor.Client\Pages\Events\Dialogs\EditSessionDialog.razor(78,31): warning CS8629: Le type valeur Nullable peut avoir une valeur null. [C:\ISLAMU\GitHub\Event\Explore.Blazor.Client\Explore.Blazor.Client.csproj]
C:\ISLAMU\GitHub\Event\Explore.Blazor.Client\Pages\Events\Dialogs\EditSessionDialog.razor(78,52): warning CS8629: Le type valeur Nullable peut avoir une valeur null. [C:\ISLAMU\GitHub\Event\Explore.Blazor.Client\Explore.Blazor.Client.csproj]
C:\ISLAMU\GitHub\Event\Explore.Blazor.Client\Pages\Events\Dialogs\EditSessionDialog.razor(35,40): warning CS8618: Le propriété « ExistingSession » non-nullable doit contenir une valeur autre que Null lors de la fermeture du constructeur. Envisagez d’ajouter le modificateur « required » ou de déclarer le propriété comme pouvant accepter la valeur Null. [C:\ISLAMU\GitHub\Event\Explore.Blazor.Client\Explore.Blazor.Client.csproj]
C:\ISLAMU\GitHub\Event\Explore.Blazor.Client\Pages\Events\Dialogs\EditSessionDialog.razor(38,21): warning CS8618: Le champ « form » non-nullable doit contenir une valeur autre que Null lors de la fermeture du constructeur. Envisagez d’ajouter le modificateur « required » ou de déclarer le champ comme pouvant accepter la valeur Null. [C:\ISLAMU\GitHub\Event\Explore.Blazor.Client\Explore.Blazor.Client.csproj]
C:\ISLAMU\GitHub\Event\Explore.Blazor.Client\Services\EventService.cs(343,98): warning CS8619: La nullabilité des types référence dans la valeur de type 'Task<BaseCommandResponseOfGuid>' ne correspond pas au type cible 'Task<BaseCommandResponseOfGuid?>'. [C:\ISLAMU\GitHub\Event\Explore.Blazor.Client\Explore.Blazor.Client.csproj]
C:\ISLAMU\GitHub\Event\Explore.Blazor.Client\Services\EventService.cs(345,98): warning CS8619: La nullabilité des types référence dans la valeur de type 'Task<BaseCommandResponseOfGuid>' ne correspond pas au type cible 'Task<BaseCommandResponseOfGuid?>'. [C:\ISLAMU\GitHub\Event\Explore.Blazor.Client\Explore.Blazor.Client.csproj]
C:\ISLAMU\GitHub\Event\Explore.Blazor.Client\Services\EventService.cs(352,118): warning CS8619: La nullabilité des types référence dans la valeur de type 'Task<BaseCommandResponseOfGuid>' ne correspond pas au type cible 'Task<BaseCommandResponseOfGuid?>'. [C:\ISLAMU\GitHub\Event\Explore.Blazor.Client\Explore.Blazor.Client.csproj]
C:\ISLAMU\GitHub\Event\Explore.Blazor.Client\Services\EventService.cs(358,113): warning CS8619: La nullabilité des types référence dans la valeur de type 'Task<BaseCommandResponseOfGuid>' ne correspond pas au type cible 'Task<BaseCommandResponseOfGuid?>'. [C:\ISLAMU\GitHub\Event\Explore.Blazor.Client\Explore.Blazor.Client.csproj]
C:\ISLAMU\GitHub\Event\Explore.Blazor.Client\Pages\Events\Dialogs\ManageSpeakersDialog.razor(68,37): warning CS8602: Déréférencement d'une éventuelle référence null. [C:\ISLAMU\GitHub\Event\Explore.Blazor.Client\Explore.Blazor.Client.csproj]
C:\ISLAMU\GitHub\Event\Explore.Blazor.Client\Pages\Events\EventList.razor.cs(41,18): warning CS0169: Le champ 'EventList._filtersOpen' n'est jamais utilisé [C:\ISLAMU\GitHub\Event\Explore.Blazor.Client\Explore.Blazor.Client.csproj]
C:\ISLAMU\GitHub\Event\Explore.Blazor.Client\Pages\Events\EventList.razor.cs(40,21): warning CS0169: Le champ 'EventList._searchTerm' n'est jamais utilisé [C:\ISLAMU\GitHub\Event\Explore.Blazor.Client\Explore.Blazor.Client.csproj]
C:\ISLAMU\GitHub\Event\Explore.Blazor.Client\Layout\MainLayout.razor.cs(20,18): warning CS0414: Le champ 'MainLayout._isInitialized' est assigné, mais sa valeur n'est jamais utilisée [C:\ISLAMU\GitHub\Event\Explore.Blazor.Client\Explore.Blazor.Client.csproj]
C:\ISLAMU\GitHub\Event\Explore.Blazor.Client\Shared\ImageUpload.razor(96,18): warning CS0414: Le champ 'ImageUpload._isReadingFile' est assigné, mais sa valeur n'est jamais utilisée [C:\ISLAMU\GitHub\Event\Explore.Blazor.Client\Explore.Blazor.Client.csproj]
C:\ISLAMU\GitHub\Event\Explore.Blazor.Client\Pages\Events\EventList.razor.cs(92,18): warning CS0414: Le champ 'EventList._isCancellingRegistration' est assigné, mais sa valeur n'est jamais utilisée [C:\ISLAMU\GitHub\Event\Explore.Blazor.Client\Explore.Blazor.Client.csproj]
C:\ISLAMU\GitHub\Event\Explore.Blazor.Client\Configuration\TenantConfiguration.cs(40,39): warning CA1805: Le membre 'Enabled' est explicitement initialisé en fonction de sa valeur par défaut (https://learn.microsoft.com/dotnet/fundamentals/code-analysis/quality-rules/ca1805) [C:\ISLAMU\GitHub\Event\Explore.Blazor.Client\Explore.Blazor.Client.csproj]
C:\ISLAMU\GitHub\Event\Explore.Blazor.Client\Models\CategoryFilterChangedEventArgs.cs(6,14): warning CA1711: Renommez le nom de type CategoryFilterChangedEventArgs pour qu'il ne finisse pas par 'EventArgs' (https://learn.microsoft.com/dotnet/fundamentals/code-analysis/quality-rules/ca1711) [C:\ISLAMU\GitHub\Event\Explore.Blazor.Client\Explore.Blazor.Client.csproj]
C:\ISLAMU\GitHub\Event\Explore.Blazor.Client\Models\TagFilterChangedEventArgs.cs(6,14): warning CA1711: Renommez le nom de type TagFilterChangedEventArgs pour qu'il ne finisse pas par 'EventArgs' (https://learn.microsoft.com/dotnet/fundamentals/code-analysis/quality-rules/ca1711) [C:\ISLAMU\GitHub\Event\Explore.Blazor.Client\Explore.Blazor.Client.csproj]
C:\ISLAMU\GitHub\Event\Explore.Blazor.Client\Layout\MainLayout.razor.cs(19,30): warning CA1805: Le membre '_isDarkMode' est explicitement initialisé en fonction de sa valeur par défaut (https://learn.microsoft.com/dotnet/fundamentals/code-analysis/quality-rules/ca1805) [C:\ISLAMU\GitHub\Event\Explore.Blazor.Client\Explore.Blazor.Client.csproj]
C:\ISLAMU\GitHub\Event\Explore.Blazor.Client\Layout\MainLayout.razor.cs(20,33): warning CA1805: Le membre '_isInitialized' est explicitement initialisé en fonction de sa valeur par défaut (https://learn.microsoft.com/dotnet/fundamentals/code-analysis/quality-rules/ca1805) [C:\ISLAMU\GitHub\Event\Explore.Blazor.Client\Explore.Blazor.Client.csproj]
C:\ISLAMU\GitHub\Event\Explore.Blazor.Client\Layout\NavMenu.razor.cs(53,32): warning CA1805: Le membre '_dropdownOpen' est explicitement initialisé en fonction de sa valeur par défaut (https://learn.microsoft.com/dotnet/fundamentals/code-analysis/quality-rules/ca1805) [C:\ISLAMU\GitHub\Event\Explore.Blazor.Client\Explore.Blazor.Client.csproj]
C:\ISLAMU\GitHub\Event\Explore.Blazor.Client\Layout\NavMenu.razor.cs(55,30): warning CA1805: Le membre '_userLoaded' est explicitement initialisé en fonction de sa valeur par défaut (https://learn.microsoft.com/dotnet/fundamentals/code-analysis/quality-rules/ca1805) [C:\ISLAMU\GitHub\Event\Explore.Blazor.Client\Explore.Blazor.Client.csproj]
C:\ISLAMU\GitHub\Event\Explore.Blazor.Client\Services\PublicExperienceService.cs(122,69): warning CA1805: Le membre 'DisallowInteractiveServerOnOnboarding' est explicitement initialisé en fonction de sa valeur par défaut (https://learn.microsoft.com/dotnet/fundamentals/code-analysis/quality-rules/ca1805) [C:\ISLAMU\GitHub\Event\Explore.Blazor.Client\Explore.Blazor.Client.csproj]
C:\ISLAMU\GitHub\Event\Explore.Blazor.Client\Pages\Organizations\CreateOrganization.razor.cs(22,37): warning CA1805: Le membre 'confirmInformation' est explicitement initialisé en fonction de sa valeur par défaut (https://learn.microsoft.com/dotnet/fundamentals/code-analysis/quality-rules/ca1805) [C:\ISLAMU\GitHub\Event\Explore.Blazor.Client\Explore.Blazor.Client.csproj]
C:\ISLAMU\GitHub\Event\Explore.Blazor.Client\Pages\Organizations\CreateOrganization.razor.cs(21,30): warning CA1805: Le membre 'acceptTerms' est explicitement initialisé en fonction de sa valeur par défaut (https://learn.microsoft.com/dotnet/fundamentals/code-analysis/quality-rules/ca1805) [C:\ISLAMU\GitHub\Event\Explore.Blazor.Client\Explore.Blazor.Client.csproj]
C:\ISLAMU\GitHub\Event\Explore.Blazor.Client\Pages\Organizations\CreateOrganization.razor.cs(23,31): warning CA1805: Le membre 'isSubmitting' est explicitement initialisé en fonction de sa valeur par défaut (https://learn.microsoft.com/dotnet/fundamentals/code-analysis/quality-rules/ca1805) [C:\ISLAMU\GitHub\Event\Explore.Blazor.Client\Explore.Blazor.Client.csproj]
C:\ISLAMU\GitHub\Event\Explore.Blazor.Client\Pages\Organizations\CreateOrganization.razor.cs(28,35): warning CA1805: Le membre '_isUploadingLogo' est explicitement initialisé en fonction de sa valeur par défaut (https://learn.microsoft.com/dotnet/fundamentals/code-analysis/quality-rules/ca1805) [C:\ISLAMU\GitHub\Event\Explore.Blazor.Client\Explore.Blazor.Client.csproj]
C:\ISLAMU\GitHub\Event\Explore.Blazor.Client\Pages\Organizations\CreateOrganization.razor.cs(29,48): warning CA1805: Le membre '_uploadedLogoStorageObjectId' est explicitement initialisé en fonction de sa valeur par défaut (https://learn.microsoft.com/dotnet/fundamentals/code-analysis/quality-rules/ca1805) [C:\ISLAMU\GitHub\Event\Explore.Blazor.Client\Explore.Blazor.Client.csproj]
C:\ISLAMU\GitHub\Event\Explore.Blazor.Client\Pages\Organizations\CreateOrganization.razor.cs(33,32): warning CA1805: Le membre 'submitSuccess' est explicitement initialisé en fonction de sa valeur par défaut (https://learn.microsoft.com/dotnet/fundamentals/code-analysis/quality-rules/ca1805) [C:\ISLAMU\GitHub\Event\Explore.Blazor.Client\Explore.Blazor.Client.csproj]
C:\ISLAMU\GitHub\Event\Explore.Blazor.Client\Pages\Landing\LandingPageForNonUsers.razor.cs(21,30): warning CA1805: Le membre '_eventsCount' est explicitement initialisé en fonction de sa valeur par défaut (https://learn.microsoft.com/dotnet/fundamentals/code-analysis/quality-rules/ca1805) [C:\ISLAMU\GitHub\Event\Explore.Blazor.Client\Explore.Blazor.Client.csproj]
C:\ISLAMU\GitHub\Event\Explore.Blazor.Client\Pages\Organizations\OrganizationDetails.razor.cs(27,26): warning CA1805: Le membre 'canEdit' est explicitement initialisé en fonction de sa valeur par défaut (https://learn.microsoft.com/dotnet/fundamentals/code-analysis/quality-rules/ca1805) [C:\ISLAMU\GitHub\Event\Explore.Blazor.Client\Explore.Blazor.Client.csproj]
C:\ISLAMU\GitHub\Event\Explore.Blazor.Client\Pages\Organizations\OrganizationDetails.razor.cs(26,27): warning CA1805: Le membre 'isSaving' est explicitement initialisé en fonction de sa valeur par défaut (https://learn.microsoft.com/dotnet/fundamentals/code-analysis/quality-rules/ca1805) [C:\ISLAMU\GitHub\Event\Explore.Blazor.Client\Explore.Blazor.Client.csproj]
C:\ISLAMU\GitHub\Event\Explore.Blazor.Client\Pages\Organizations\OrganizationDetails.razor.cs(25,29): warning CA1805: Le membre 'isEditMode' est explicitement initialisé en fonction de sa valeur par défaut (https://learn.microsoft.com/dotnet/fundamentals/code-analysis/quality-rules/ca1805) [C:\ISLAMU\GitHub\Event\Explore.Blazor.Client\Explore.Blazor.Client.csproj]
C:\ISLAMU\GitHub\Event\Explore.Blazor.Client\Pages\Organizations\OrganizationSharedContacts.razor.cs(23,31): warning CA1805: Le membre '_isExporting' est explicitement initialisé en fonction de sa valeur par défaut (https://learn.microsoft.com/dotnet/fundamentals/code-analysis/quality-rules/ca1805) [C:\ISLAMU\GitHub\Event\Explore.Blazor.Client\Explore.Blazor.Client.csproj]
C:\ISLAMU\GitHub\Event\Explore.Blazor.Client\Pages\Organizations\OrganizationSharedContacts.razor.cs(22,37): warning CA1805: Le membre '_isLoadingContacts' est explicitement initialisé en fonction de sa valeur par défaut (https://learn.microsoft.com/dotnet/fundamentals/code-analysis/quality-rules/ca1805) [C:\ISLAMU\GitHub\Event\Explore.Blazor.Client\Explore.Blazor.Client.csproj]
C:\ISLAMU\GitHub\Event\Explore.Blazor.Client\Pages\Events\EventDetail.razor.cs(49,44): warning CA1805: Le membre '_isCancellingRegistration' est explicitement initialisé en fonction de sa valeur par défaut (https://learn.microsoft.com/dotnet/fundamentals/code-analysis/quality-rules/ca1805) [C:\ISLAMU\GitHub\Event\Explore.Blazor.Client\Explore.Blazor.Client.csproj]
C:\ISLAMU\GitHub\Event\Explore.Blazor.Client\Pages\Events\EventDetail.razor.cs(52,27): warning CA1805: Le membre '_canEdit' est explicitement initialisé en fonction de sa valeur par défaut (https://learn.microsoft.com/dotnet/fundamentals/code-analysis/quality-rules/ca1805) [C:\ISLAMU\GitHub\Event\Explore.Blazor.Client\Explore.Blazor.Client.csproj]
C:\ISLAMU\GitHub\Event\Explore.Blazor.Client\Pages\Events\EventDetail.razor.cs(51,29): warning CA1805: Le membre '_canDelete' est explicitement initialisé en fonction de sa valeur par défaut (https://learn.microsoft.com/dotnet/fundamentals/code-analysis/quality-rules/ca1805) [C:\ISLAMU\GitHub\Event\Explore.Blazor.Client\Explore.Blazor.Client.csproj]
C:\ISLAMU\GitHub\Event\Explore.Blazor.Client\Pages\Events\CreateEvent.razor.cs(64,30): warning CA1805: Le membre '_dataLoaded' est explicitement initialisé en fonction de sa valeur par défaut (https://learn.microsoft.com/dotnet/fundamentals/code-analysis/quality-rules/ca1805) [C:\ISLAMU\GitHub\Event\Explore.Blazor.Client\Explore.Blazor.Client.csproj]
C:\ISLAMU\GitHub\Event\Explore.Blazor.Client\Pages\Events\CreateEvent.razor.cs(65,35): warning CA1805: Le membre 'selectedMadhabId' est explicitement initialisé en fonction de sa valeur par défaut (https://learn.microsoft.com/dotnet/fundamentals/code-analysis/quality-rules/ca1805) [C:\ISLAMU\GitHub\Event\Explore.Blazor.Client\Explore.Blazor.Client.csproj]
C:\ISLAMU\GitHub\Event\Explore.Blazor.Client\Pages\Events\CreateEvent.razor.cs(70,36): warning CA1805: Le membre '_isUploadingImage' est explicitement initialisé en fonction de sa valeur par défaut (https://learn.microsoft.com/dotnet/fundamentals/code-analysis/quality-rules/ca1805) [C:\ISLAMU\GitHub\Event\Explore.Blazor.Client\Explore.Blazor.Client.csproj]
C:\ISLAMU\GitHub\Event\Explore.Blazor.Client\Pages\Events\CreateEvent.razor.cs(88,44): warning CA1805: Le membre '_showFirstSessionLocation' est explicitement initialisé en fonction de sa valeur par défaut (https://learn.microsoft.com/dotnet/fundamentals/code-analysis/quality-rules/ca1805) [C:\ISLAMU\GitHub\Event\Explore.Blazor.Client\Explore.Blazor.Client.csproj]
C:\ISLAMU\GitHub\Event\Explore.Blazor.Client\Pages\Events\CreateEvent.razor.cs(89,40): warning CA1805: Le membre '_showTimezoneSelector' est explicitement initialisé en fonction de sa valeur par défaut (https://learn.microsoft.com/dotnet/fundamentals/code-analysis/quality-rules/ca1805) [C:\ISLAMU\GitHub\Event\Explore.Blazor.Client\Explore.Blazor.Client.csproj]
C:\ISLAMU\GitHub\Event\Explore.Blazor.Client\Pages\Events\CreateEvent.razor.cs(95,31): warning CA1805: Le membre 'isProcessing' est explicitement initialisé en fonction de sa valeur par défaut (https://learn.microsoft.com/dotnet/fundamentals/code-analysis/quality-rules/ca1805) [C:\ISLAMU\GitHub\Event\Explore.Blazor.Client\Explore.Blazor.Client.csproj]
C:\ISLAMU\GitHub\Event\Explore.Blazor.Client\Pages\Events\EventEdit.razor.cs(55,49): warning CA1805: Le membre '_uploadedImageStorageObjectId' est explicitement initialisé en fonction de sa valeur par défaut (https://learn.microsoft.com/dotnet/fundamentals/code-analysis/quality-rules/ca1805) [C:\ISLAMU\GitHub\Event\Explore.Blazor.Client\Explore.Blazor.Client.csproj]
C:\ISLAMU\GitHub\Event\Explore.Blazor.Client\Pages\Events\EventEdit.razor.cs(72,44): warning CA1805: Le membre '_showFirstSessionLocation' est explicitement initialisé en fonction de sa valeur par défaut (https://learn.microsoft.com/dotnet/fundamentals/code-analysis/quality-rules/ca1805) [C:\ISLAMU\GitHub\Event\Explore.Blazor.Client\Explore.Blazor.Client.csproj]
C:\ISLAMU\GitHub\Event\Explore.Blazor.Client\Pages\Events\EventEdit.razor.cs(73,40): warning CA1805: Le membre '_showTimezoneSelector' est explicitement initialisé en fonction de sa valeur par défaut (https://learn.microsoft.com/dotnet/fundamentals/code-analysis/quality-rules/ca1805) [C:\ISLAMU\GitHub\Event\Explore.Blazor.Client\Explore.Blazor.Client.csproj]
C:\ISLAMU\GitHub\Event\Explore.Blazor.Client\Pages\Events\EventEdit.razor.cs(79,31): warning CA1805: Le membre 'isProcessing' est explicitement initialisé en fonction de sa valeur par défaut (https://learn.microsoft.com/dotnet/fundamentals/code-analysis/quality-rules/ca1805) [C:\ISLAMU\GitHub\Event\Explore.Blazor.Client\Explore.Blazor.Client.csproj]
C:\ISLAMU\GitHub\Event\Explore.Blazor.Client\Pages\Events\EventEdit.razor.cs(54,36): warning CA1805: Le membre '_isUploadingImage' est explicitement initialisé en fonction de sa valeur par défaut (https://learn.microsoft.com/dotnet/fundamentals/code-analysis/quality-rules/ca1805) [C:\ISLAMU\GitHub\Event\Explore.Blazor.Client\Explore.Blazor.Client.csproj]
C:\ISLAMU\GitHub\Event\Explore.Blazor.Client\Pages\Events\CreateEvent.razor.cs(71,49): warning CA1805: Le membre '_uploadedImageStorageObjectId' est explicitement initialisé en fonction de sa valeur par défaut (https://learn.microsoft.com/dotnet/fundamentals/code-analysis/quality-rules/ca1805) [C:\ISLAMU\GitHub\Event\Explore.Blazor.Client\Explore.Blazor.Client.csproj]
C:\ISLAMU\GitHub\Event\Explore.Blazor.Client\Pages\Events\EventList.razor.cs(57,32): warning CA1805: Le membre '_eventsLoaded' est explicitement initialisé en fonction de sa valeur par défaut (https://learn.microsoft.com/dotnet/fundamentals/code-analysis/quality-rules/ca1805) [C:\ISLAMU\GitHub\Event\Explore.Blazor.Client\Explore.Blazor.Client.csproj]
C:\ISLAMU\GitHub\Event\Explore.Blazor.Client\Pages\Events\EventList.razor.cs(60,39): warning CA1805: Le membre '_virtualizeRefreshed' est explicitement initialisé en fonction de sa valeur par défaut (https://learn.microsoft.com/dotnet/fundamentals/code-analysis/quality-rules/ca1805) [C:\ISLAMU\GitHub\Event\Explore.Blazor.Client\Explore.Blazor.Client.csproj]
C:\ISLAMU\GitHub\Event\Explore.Blazor.Client\Pages\Events\EventList.razor.cs(61,35): warning CA1805: Le membre '_useInitialBatch' est explicitement initialisé en fonction de sa valeur par défaut (https://learn.microsoft.com/dotnet/fundamentals/code-analysis/quality-rules/ca1805) [C:\ISLAMU\GitHub\Event\Explore.Blazor.Client\Explore.Blazor.Client.csproj]
C:\ISLAMU\GitHub\Event\Explore.Blazor.Client\Pages\Events\EventList.razor.cs(58,30): warning CA1805: Le membre '_dataLoaded' est explicitement initialisé en fonction de sa valeur par défaut (https://learn.microsoft.com/dotnet/fundamentals/code-analysis/quality-rules/ca1805) [C:\ISLAMU\GitHub\Event\Explore.Blazor.Client\Explore.Blazor.Client.csproj]
C:\ISLAMU\GitHub\Event\Explore.Blazor.Client\Pages\Events\EventList.razor.cs(92,44): warning CA1805: Le membre '_isCancellingRegistration' est explicitement initialisé en fonction de sa valeur par défaut (https://learn.microsoft.com/dotnet/fundamentals/code-analysis/quality-rules/ca1805) [C:\ISLAMU\GitHub\Event\Explore.Blazor.Client\Explore.Blazor.Client.csproj]
C:\ISLAMU\GitHub\Event\Explore.Blazor.Client\Pages\Events\EventList.razor.cs(59,38): warning CA1805: Le membre '_usePersistedEvents' est explicitement initialisé en fonction de sa valeur par défaut (https://learn.microsoft.com/dotnet/fundamentals/code-analysis/quality-rules/ca1805) [C:\ISLAMU\GitHub\Event\Explore.Blazor.Client\Explore.Blazor.Client.csproj]
C:\ISLAMU\GitHub\Event\Explore.Blazor.Client\Exceptions\ApiProblemException.cs(184,58): warning CA1859: Modifier le type de retour de méthode « ReadValidationErrors » de « System.Collections.Generic.IReadOnlyDictionary<string, string[]> » en « System.Collections.Generic.Dictionary<string, string[]> » pour améliorer les performances (https://learn.microsoft.com/dotnet/fundamentals/code-analysis/quality-rules/ca1859) [C:\ISLAMU\GitHub\Event\Explore.Blazor.Client\Explore.Blazor.Client.csproj]
C:\ISLAMU\GitHub\Event\Explore.Blazor.Client\Models\Responses\ServiceResult.cs(32,36): warning CA1000: Ne pas déclarer de membres comme étant static sur les types génériques (https://learn.microsoft.com/dotnet/fundamentals/code-analysis/quality-rules/ca1000) [C:\ISLAMU\GitHub\Event\Explore.Blazor.Client\Explore.Blazor.Client.csproj]
C:\ISLAMU\GitHub\Event\Explore.Blazor.Client\Models\Responses\ServiceResult.cs(39,36): warning CA1000: Ne pas déclarer de membres comme étant static sur les types génériques (https://learn.microsoft.com/dotnet/fundamentals/code-analysis/quality-rules/ca1000) [C:\ISLAMU\GitHub\Event\Explore.Blazor.Client\Explore.Blazor.Client.csproj]
C:\ISLAMU\GitHub\Event\Explore.Blazor.Client\Models\Responses\ServiceResult.cs(47,36): warning CA1000: Ne pas déclarer de membres comme étant static sur les types génériques (https://learn.microsoft.com/dotnet/fundamentals/code-analysis/quality-rules/ca1000) [C:\ISLAMU\GitHub\Event\Explore.Blazor.Client\Explore.Blazor.Client.csproj]
C:\ISLAMU\GitHub\Event\Explore.Blazor.Client\Models\Responses\ServiceResult.cs(64,36): warning CA1000: Ne pas déclarer de membres comme étant static sur les types génériques (https://learn.microsoft.com/dotnet/fundamentals/code-analysis/quality-rules/ca1000) [C:\ISLAMU\GitHub\Event\Explore.Blazor.Client\Explore.Blazor.Client.csproj]
C:\ISLAMU\GitHub\Event\Explore.Blazor.Client\Layout\NotificationBell.razor.cs(29,64): warning CA1305: Le comportement de 'int.ToString()' peut varier en fonction des paramètres régionaux de l'utilisateur actuel. Remplacez cet appel dans 'NotificationBell.BadgeContent.get' par un appel à 'int.ToString(IFormatProvider)'. (https://learn.microsoft.com/dotnet/fundamentals/code-analysis/quality-rules/ca1305) [C:\ISLAMU\GitHub\Event\Explore.Blazor.Client\Explore.Blazor.Client.csproj]
C:\ISLAMU\GitHub\Event\Explore.Blazor.Client\Models\PaginatedResult.cs(51,38): warning CA1000: Ne pas déclarer de membres comme étant static sur les types génériques (https://learn.microsoft.com/dotnet/fundamentals/code-analysis/quality-rules/ca1000) [C:\ISLAMU\GitHub\Event\Explore.Blazor.Client\Explore.Blazor.Client.csproj]
C:\ISLAMU\GitHub\Event\Explore.Blazor.Client\Layout\NotificationItem.razor.cs(69,18): warning CA1305: Le comportement de 'DateTimeOffset.ToString(string)' peut varier en fonction des paramètres régionaux de l'utilisateur actuel. Remplacez cet appel dans 'NotificationItem.FormatRelativeTime(DateTimeOffset?)' par un appel à 'DateTimeOffset.ToString(string, IFormatProvider)'. (https://learn.microsoft.com/dotnet/fundamentals/code-analysis/quality-rules/ca1305) [C:\ISLAMU\GitHub\Event\Explore.Blazor.Client\Explore.Blazor.Client.csproj]
C:\ISLAMU\GitHub\Event\Explore.Blazor.Client\Layout\Footer.razor(1,1): warning MUD0002: Illegal Attribute 'AriaLabel' on 'MudIconButton' using pattern 'LowerCase' source location '(510,16)-(510,77)' (https://mudblazor.com/features/analyzers) [C:\ISLAMU\GitHub\Event\Explore.Blazor.Client\Explore.Blazor.Client.csproj]
C:\ISLAMU\GitHub\Event\Explore.Blazor.Client\Layout\Footer.razor(1,1): warning MUD0002: Illegal Attribute 'Title' on 'MudIconButton' using pattern 'LowerCase' source location '(511,16)-(511,88)' (https://mudblazor.com/features/analyzers) [C:\ISLAMU\GitHub\Event\Explore.Blazor.Client\Explore.Blazor.Client.csproj]
C:\ISLAMU\GitHub\Event\Explore.Blazor.Client\Layout\Footer.razor(1,1): warning MUD0002: Illegal Attribute 'AriaLabel' on 'MudIconButton' using pattern 'LowerCase' source location '(558,16)-(558,76)' (https://mudblazor.com/features/analyzers) [C:\ISLAMU\GitHub\Event\Explore.Blazor.Client\Explore.Blazor.Client.csproj]
C:\ISLAMU\GitHub\Event\Explore.Blazor.Client\Layout\Footer.razor(1,1): warning MUD0002: Illegal Attribute 'Title' on 'MudIconButton' using pattern 'LowerCase' source location '(559,16)-(559,87)' (https://mudblazor.com/features/analyzers) [C:\ISLAMU\GitHub\Event\Explore.Blazor.Client\Explore.Blazor.Client.csproj]
C:\ISLAMU\GitHub\Event\Explore.Blazor.Client\Layout\Footer.razor(1,1): warning MUD0002: Illegal Attribute 'AriaLabel' on 'MudIconButton' using pattern 'LowerCase' source location '(606,16)-(606,78)' (https://mudblazor.com/features/analyzers) [C:\ISLAMU\GitHub\Event\Explore.Blazor.Client\Explore.Blazor.Client.csproj]
C:\ISLAMU\GitHub\Event\Explore.Blazor.Client\Layout\Footer.razor(1,1): warning MUD0002: Illegal Attribute 'Title' on 'MudIconButton' using pattern 'LowerCase' source location '(607,16)-(607,89)' (https://mudblazor.com/features/analyzers) [C:\ISLAMU\GitHub\Event\Explore.Blazor.Client\Explore.Blazor.Client.csproj]
C:\ISLAMU\GitHub\Event\Explore.Blazor.Client\Layout\Footer.razor(1,1): warning MUD0002: Illegal Attribute 'AriaLabel' on 'MudIconButton' using pattern 'LowerCase' source location '(654,16)-(654,77)' (https://mudblazor.com/features/analyzers) [C:\ISLAMU\GitHub\Event\Explore.Blazor.Client\Explore.Blazor.Client.csproj]
C:\ISLAMU\GitHub\Event\Explore.Blazor.Client\Layout\Footer.razor(1,1): warning MUD0002: Illegal Attribute 'Title' on 'MudIconButton' using pattern 'LowerCase' source location '(655,16)-(655,89)' (https://mudblazor.com/features/analyzers) [C:\ISLAMU\GitHub\Event\Explore.Blazor.Client\Explore.Blazor.Client.csproj]
C:\ISLAMU\GitHub\Event\Explore.Blazor.Client\Layout\NotificationBell.razor.cs(146,17): warning CA1816: Changez NotificationBell.Dispose() pour appeler GC.SuppressFinalize(object). Cette opération empêche les types dérivés qui introduisent un finaliseur d'avoir à réimplémenter 'IDisposable' pour l'appeler. (https://learn.microsoft.com/dotnet/fundamentals/code-analysis/quality-rules/ca1816) [C:\ISLAMU\GitHub\Event\Explore.Blazor.Client\Explore.Blazor.Client.csproj]
C:\ISLAMU\GitHub\Event\Explore.Blazor.Client\Layout\MainLayout.razor.cs(274,17): warning CA1816: Changez MainLayout.Dispose() pour appeler GC.SuppressFinalize(object). Cette opération empêche les types dérivés qui introduisent un finaliseur d'avoir à réimplémenter 'IDisposable' pour l'appeler. (https://learn.microsoft.com/dotnet/fundamentals/code-analysis/quality-rules/ca1816) [C:\ISLAMU\GitHub\Event\Explore.Blazor.Client\Explore.Blazor.Client.csproj]
C:\ISLAMU\GitHub\Event\Explore.Blazor.Client\Layout\NavMenu.razor.cs(292,17): warning CA1816: Changez NavMenu.Dispose() pour appeler GC.SuppressFinalize(object). Cette opération empêche les types dérivés qui introduisent un finaliseur d'avoir à réimplémenter 'IDisposable' pour l'appeler. (https://learn.microsoft.com/dotnet/fundamentals/code-analysis/quality-rules/ca1816) [C:\ISLAMU\GitHub\Event\Explore.Blazor.Client\Explore.Blazor.Client.csproj]
C:\ISLAMU\GitHub\Event\Explore.Blazor.Client\Helpers\HalResourceExtensions.cs(500,35): warning CA1859: Modifier le type de retour de méthode « DeserializeItems » de « System.Collections.Generic.ICollection<T> » en « System.Collections.Generic.List<T> » pour améliorer les performances (https://learn.microsoft.com/dotnet/fundamentals/code-analysis/quality-rules/ca1859) [C:\ISLAMU\GitHub\Event\Explore.Blazor.Client\Explore.Blazor.Client.csproj]
C:\ISLAMU\GitHub\Event\Explore.Blazor.Client\Pages\Setup.razor(1,1): warning MUD0002: Illegal Attribute 'Direction' on 'MudStack' using pattern 'LowerCase' source location '(320,16)-(320,82)' (https://mudblazor.com/features/analyzers) [C:\ISLAMU\GitHub\Event\Explore.Blazor.Client\Explore.Blazor.Client.csproj]
C:\ISLAMU\GitHub\Event\Explore.Blazor.Client\Pages\Setup.razor(1,1): warning MUD0002: Illegal Attribute 'Direction' on 'MudStack' using pattern 'LowerCase' source location '(405,16)-(405,82)' (https://mudblazor.com/features/analyzers) [C:\ISLAMU\GitHub\Event\Explore.Blazor.Client\Explore.Blazor.Client.csproj]
C:\ISLAMU\GitHub\Event\Explore.Blazor.Client\Pages\Setup.razor(1,1): warning MUD0002: Illegal Attribute 'Direction' on 'MudStack' using pattern 'LowerCase' source location '(490,16)-(490,82)' (https://mudblazor.com/features/analyzers) [C:\ISLAMU\GitHub\Event\Explore.Blazor.Client\Explore.Blazor.Client.csproj]
C:\ISLAMU\GitHub\Event\Explore.Blazor.Client\Pages\Setup.razor(1,1): warning MUD0002: Illegal Attribute 'Direction' on 'MudStack' using pattern 'LowerCase' source location '(575,16)-(575,82)' (https://mudblazor.com/features/analyzers) [C:\ISLAMU\GitHub\Event\Explore.Blazor.Client\Explore.Blazor.Client.csproj]
C:\ISLAMU\GitHub\Event\Explore.Blazor.Client\Pages\Setup.razor(1,1): warning MUD0002: Illegal Attribute 'Direction' on 'MudStack' using pattern 'LowerCase' source location '(917,16)-(917,83)' (https://mudblazor.com/features/analyzers) [C:\ISLAMU\GitHub\Event\Explore.Blazor.Client\Explore.Blazor.Client.csproj]
C:\ISLAMU\GitHub\Event\Explore.Blazor.Client\Pages\Setup.razor(1,1): warning MUD0002: Illegal Attribute 'Direction' on 'MudStack' using pattern 'LowerCase' source location '(1205,16)-(1205,83)' (https://mudblazor.com/features/analyzers) [C:\ISLAMU\GitHub\Event\Explore.Blazor.Client\Explore.Blazor.Client.csproj]
C:\ISLAMU\GitHub\Event\Explore.Blazor.Client\Layout\NavMenu.razor(1,1): warning MUD0002: Illegal Attribute 'Title' on 'MudIconButton' using pattern 'LowerCase' source location '(989,12)-(989,72)' (https://mudblazor.com/features/analyzers) [C:\ISLAMU\GitHub\Event\Explore.Blazor.Client\Explore.Blazor.Client.csproj]
C:\ISLAMU\GitHub\Event\Explore.Blazor.Client\Layout\NavMenu.razor(1,1): warning MUD0002: Illegal Attribute 'Title' on 'MudIconButton' using pattern 'LowerCase' source location '(227,12)-(227,74)' (https://mudblazor.com/features/analyzers) [C:\ISLAMU\GitHub\Event\Explore.Blazor.Client\Explore.Blazor.Client.csproj]
C:\ISLAMU\GitHub\Event\Explore.Blazor.Client\Components\Presentation\HeroCarousel.razor(1,1): warning MUD0002: Illegal Attribute 'CycleInterval' on 'MudCarousel' using pattern 'LowerCase' source location '(184,12)-(184,72)' (https://mudblazor.com/features/analyzers) [C:\ISLAMU\GitHub\Event\Explore.Blazor.Client\Explore.Blazor.Client.csproj]
C:\ISLAMU\GitHub\Event\Explore.Blazor.Client\Pages\Admin\Tenant\Navigation.razor(1,1): warning MUD0002: Illegal Attribute 'Title' on 'MudIconButton' using pattern 'LowerCase' source location '(950,32)-(950,89)' (https://mudblazor.com/features/analyzers) [C:\ISLAMU\GitHub\Event\Explore.Blazor.Client\Explore.Blazor.Client.csproj]
C:\ISLAMU\GitHub\Event\Explore.Blazor.Client\Pages\Admin\Tenant\Navigation.razor(1,1): warning MUD0002: Illegal Attribute 'Title' on 'MudIconButton' using pattern 'LowerCase' source location '(1039,32)-(1039,91)' (https://mudblazor.com/features/analyzers) [C:\ISLAMU\GitHub\Event\Explore.Blazor.Client\Explore.Blazor.Client.csproj]
C:\ISLAMU\GitHub\Event\Explore.Blazor.Client\Pages\Admin\Tenant\Navigation.razor(1,1): warning MUD0002: Illegal Attribute 'Checked' on 'MudCheckBox' using pattern 'LowerCase' source location '(1359,28)-(1367,29)' (https://mudblazor.com/features/analyzers) [C:\ISLAMU\GitHub\Event\Explore.Blazor.Client\Explore.Blazor.Client.csproj]
C:\ISLAMU\GitHub\Event\Explore.Blazor.Client\Pages\Admin\Tenant\Navigation.razor(1,1): warning MUD0002: Illegal Attribute 'CheckedChanged' on 'MudCheckBox' using pattern 'LowerCase' source location '(1368,28)-(1368,255)' (https://mudblazor.com/features/analyzers) [C:\ISLAMU\GitHub\Event\Explore.Blazor.Client\Explore.Blazor.Client.csproj]
C:\ISLAMU\GitHub\Event\Explore.Blazor.Client\Pages\Admin\Tenant\Navigation.razor(1,1): warning MUD0002: Illegal Attribute 'Title' on 'MudIconButton' using pattern 'LowerCase' source location '(1490,32)-(1490,86)' (https://mudblazor.com/features/analyzers) [C:\ISLAMU\GitHub\Event\Explore.Blazor.Client\Explore.Blazor.Client.csproj]
C:\ISLAMU\GitHub\Event\Explore.Blazor.Client\Pages\Admin\Tenant\Navigation.razor(1,1): warning MUD0002: Illegal Attribute 'Title' on 'MudIconButton' using pattern 'LowerCase' source location '(1562,32)-(1562,88)' (https://mudblazor.com/features/analyzers) [C:\ISLAMU\GitHub\Event\Explore.Blazor.Client\Explore.Blazor.Client.csproj]
C:\ISLAMU\GitHub\Event\Explore.Blazor.Client\Pages\Admin\Group\Components\GroupAdminSettingsLayout.razor(1,1): warning MUD0002: Illegal Attribute 'DisablePadding' on 'MudList' using pattern 'LowerCase' source location '(982,28)-(982,90)' (https://mudblazor.com/features/analyzers) [C:\ISLAMU\GitHub\Event\Explore.Blazor.Client\Explore.Blazor.Client.csproj]
C:\ISLAMU\GitHub\Event\Explore.Blazor.Client\Components\Presentation\FeaturedEventHero.razor(1,1): warning MUD0002: Illegal Attribute 'Image' on 'MudAvatar' using pattern 'LowerCase' source location '(564,16)-(572,17)' (https://mudblazor.com/features/analyzers) [C:\ISLAMU\GitHub\Event\Explore.Blazor.Client\Explore.Blazor.Client.csproj]
C:\ISLAMU\GitHub\Event\Explore.Blazor.Client\Pages\Admin\Organization\Components\OrganizationAdminSettingsLayout.razor(1,1): warning MUD0002: Illegal Attribute 'DisablePadding' on 'MudList' using pattern 'LowerCase' source location '(632,28)-(632,90)' (https://mudblazor.com/features/analyzers) [C:\ISLAMU\GitHub\Event\Explore.Blazor.Client\Explore.Blazor.Client.csproj]
C:\ISLAMU\GitHub\Event\Explore.Blazor.Client\Pages\Admin\Components\TenantNavigationDialog.razor(1,1): warning MUD0002: Illegal Attribute 'Checked' on 'MudCheckBox' using pattern 'LowerCase' source location '(392,20)-(400,21)' (https://mudblazor.com/features/analyzers) [C:\ISLAMU\GitHub\Event\Explore.Blazor.Client\Explore.Blazor.Client.csproj]
C:\ISLAMU\GitHub\Event\Explore.Blazor.Client\Pages\Admin\Components\TenantNavigationDialog.razor(1,1): warning MUD0002: Illegal Attribute 'CheckedChanged' on 'MudCheckBox' using pattern 'LowerCase' source location '(401,20)-(401,246)' (https://mudblazor.com/features/analyzers) [C:\ISLAMU\GitHub\Event\Explore.Blazor.Client\Explore.Blazor.Client.csproj]
C:\ISLAMU\GitHub\Event\Explore.Blazor.Client\Components\Presentation\EventCard.razor(1,1): warning MUD0002: Illegal Attribute 'Image' on 'MudAvatar' using pattern 'LowerCase' source location '(707,20)-(715,21)' (https://mudblazor.com/features/analyzers) [C:\ISLAMU\GitHub\Event\Explore.Blazor.Client\Explore.Blazor.Client.csproj]
C:\ISLAMU\GitHub\Event\Explore.Blazor.Client\Pages\Admin\Tenant\Components\TenantAdminSettingsLayout.razor(1,1): warning MUD0002: Illegal Attribute 'DisablePadding' on 'MudList' using pattern 'LowerCase' source location '(924,28)-(924,90)' (https://mudblazor.com/features/analyzers) [C:\ISLAMU\GitHub\Event\Explore.Blazor.Client\Explore.Blazor.Client.csproj]
C:\ISLAMU\GitHub\Event\Explore.Blazor.Client\Pages\Admin\Group\Components\GroupMembersSection.razor(1,1): warning MUD0002: Illegal Attribute 'Title' on 'MudIconButton' using pattern 'LowerCase' source location '(1730,24)-(1730,83)' (https://mudblazor.com/features/analyzers) [C:\ISLAMU\GitHub\Event\Explore.Blazor.Client\Explore.Blazor.Client.csproj]
C:\ISLAMU\GitHub\Event\Explore.Blazor.Client\Pages\Admin\Group\Components\GroupMembersSection.razor(1,1): warning MUD0002: Illegal Attribute 'Title' on 'MudIconButton' using pattern 'LowerCase' source location '(1802,24)-(1802,87)' (https://mudblazor.com/features/analyzers) [C:\ISLAMU\GitHub\Event\Explore.Blazor.Client\Explore.Blazor.Client.csproj]
C:\ISLAMU\GitHub\Event\Explore.Blazor.Client\Pages\Events\Components\EventFilterBar.razor.cs(133,13): warning CA1860: Préférez comparer « Count » à 0 au lieu d’utiliser « Any() », à la fois pour plus de clarté et pour des performances (https://learn.microsoft.com/dotnet/fundamentals/code-analysis/quality-rules/ca1860) [C:\ISLAMU\GitHub\Event\Explore.Blazor.Client\Explore.Blazor.Client.csproj]
C:\ISLAMU\GitHub\Event\Explore.Blazor.Client\Pages\Events\Components\EventFilterBar.razor.cs(134,13): warning CA1860: Préférez comparer « Count » à 0 au lieu d’utiliser « Any() », à la fois pour plus de clarté et pour des performances (https://learn.microsoft.com/dotnet/fundamentals/code-analysis/quality-rules/ca1860) [C:\ISLAMU\GitHub\Event\Explore.Blazor.Client\Explore.Blazor.Client.csproj]
C:\ISLAMU\GitHub\Event\Explore.Blazor.Client\Pages\Events\Components\EventFilterBar.razor.cs(135,13): warning CA1860: Préférez comparer « Count » à 0 au lieu d’utiliser « Any() », à la fois pour plus de clarté et pour des performances (https://learn.microsoft.com/dotnet/fundamentals/code-analysis/quality-rules/ca1860) [C:\ISLAMU\GitHub\Event\Explore.Blazor.Client\Explore.Blazor.Client.csproj]
C:\ISLAMU\GitHub\Event\Explore.Blazor.Client\Pages\Events\Components\EventFilterBar.razor.cs(136,13): warning CA1860: Préférez comparer « Count » à 0 au lieu d’utiliser « Any() », à la fois pour plus de clarté et pour des performances (https://learn.microsoft.com/dotnet/fundamentals/code-analysis/quality-rules/ca1860) [C:\ISLAMU\GitHub\Event\Explore.Blazor.Client\Explore.Blazor.Client.csproj]
C:\ISLAMU\GitHub\Event\Explore.Blazor.Client\Pages\Events\Components\EventFilterBar.razor.cs(137,13): warning CA1860: Préférez comparer « Count » à 0 au lieu d’utiliser « Any() », à la fois pour plus de clarté et pour des performances (https://learn.microsoft.com/dotnet/fundamentals/code-analysis/quality-rules/ca1860) [C:\ISLAMU\GitHub\Event\Explore.Blazor.Client\Explore.Blazor.Client.csproj]
C:\ISLAMU\GitHub\Event\Explore.Blazor.Client\Pages\Events\Components\EventFilterBar.razor.cs(138,13): warning CA1860: Préférez comparer « Count » à 0 au lieu d’utiliser « Any() », à la fois pour plus de clarté et pour des performances (https://learn.microsoft.com/dotnet/fundamentals/code-analysis/quality-rules/ca1860) [C:\ISLAMU\GitHub\Event\Explore.Blazor.Client\Explore.Blazor.Client.csproj]
C:\ISLAMU\GitHub\Event\Explore.Blazor.Client\Pages\Events\Components\EventFilterBar.razor.cs(139,13): warning CA1860: Préférez comparer « Count » à 0 au lieu d’utiliser « Any() », à la fois pour plus de clarté et pour des performances (https://learn.microsoft.com/dotnet/fundamentals/code-analysis/quality-rules/ca1860) [C:\ISLAMU\GitHub\Event\Explore.Blazor.Client\Explore.Blazor.Client.csproj]
C:\ISLAMU\GitHub\Event\Explore.Blazor.Client\Pages\Events\Components\EventFilterBar.razor.cs(140,13): warning CA1860: Préférez comparer « Count » à 0 au lieu d’utiliser « Any() », à la fois pour plus de clarté et pour des performances (https://learn.microsoft.com/dotnet/fundamentals/code-analysis/quality-rules/ca1860) [C:\ISLAMU\GitHub\Event\Explore.Blazor.Client\Explore.Blazor.Client.csproj]
C:\ISLAMU\GitHub\Event\Explore.Blazor.Client\Pages\Events\Components\EventFilterBar.razor.cs(141,13): warning CA1860: Préférez comparer « Count » à 0 au lieu d’utiliser « Any() », à la fois pour plus de clarté et pour des performances (https://learn.microsoft.com/dotnet/fundamentals/code-analysis/quality-rules/ca1860) [C:\ISLAMU\GitHub\Event\Explore.Blazor.Client\Explore.Blazor.Client.csproj]
C:\ISLAMU\GitHub\Event\Explore.Blazor.Client\Pages\Events\Components\EventFilterBar.razor.cs(143,13): warning CA1860: Préférez comparer « Count » à 0 au lieu d’utiliser « Any() », à la fois pour plus de clarté et pour des performances (https://learn.microsoft.com/dotnet/fundamentals/code-analysis/quality-rules/ca1860) [C:\ISLAMU\GitHub\Event\Explore.Blazor.Client\Explore.Blazor.Client.csproj]
C:\ISLAMU\GitHub\Event\Explore.Blazor.Client\Pages\Events\Components\EventFilterBar.razor.cs(144,13): warning CA1860: Préférez comparer « Count » à 0 au lieu d’utiliser « Any() », à la fois pour plus de clarté et pour des performances (https://learn.microsoft.com/dotnet/fundamentals/code-analysis/quality-rules/ca1860) [C:\ISLAMU\GitHub\Event\Explore.Blazor.Client\Explore.Blazor.Client.csproj]
C:\ISLAMU\GitHub\Event\Explore.Blazor.Client\Services\UserService.cs(54,13): warning CA1873: L’évaluation de cet argument peut être coûteuse et inutile si la journalisation est désactivée (https://learn.microsoft.com/dotnet/fundamentals/code-analysis/quality-rules/ca1873) [C:\ISLAMU\GitHub\Event\Explore.Blazor.Client\Explore.Blazor.Client.csproj]
C:\ISLAMU\GitHub\Event\Explore.Blazor.Client\Services\UserService.cs(97,13): warning CA1873: L’évaluation de cet argument peut être coûteuse et inutile si la journalisation est désactivée (https://learn.microsoft.com/dotnet/fundamentals/code-analysis/quality-rules/ca1873) [C:\ISLAMU\GitHub\Event\Explore.Blazor.Client\Explore.Blazor.Client.csproj]
C:\ISLAMU\GitHub\Event\Explore.Blazor.Client\Pages\Events\Components\EventFilterBar.razor.cs(226,28): warning CA1816: Changez EventFilterBar.DisposeAsync() pour appeler GC.SuppressFinalize(object). Cette opération empêche les types dérivés qui introduisent un finaliseur d'avoir à réimplémenter 'IDisposable' pour l'appeler. (https://learn.microsoft.com/dotnet/fundamentals/code-analysis/quality-rules/ca1816) [C:\ISLAMU\GitHub\Event\Explore.Blazor.Client\Explore.Blazor.Client.csproj]
C:\ISLAMU\GitHub\Event\Explore.Blazor.Client\Services\TranslationService.cs(55,13): warning CA1873: L’évaluation de cet argument peut être coûteuse et inutile si la journalisation est désactivée (https://learn.microsoft.com/dotnet/fundamentals/code-analysis/quality-rules/ca1873) [C:\ISLAMU\GitHub\Event\Explore.Blazor.Client\Explore.Blazor.Client.csproj]
C:\ISLAMU\GitHub\Event\Explore.Blazor.Client\Services\TranslationService.cs(65,17): warning CA1873: L’évaluation de cet argument peut être coûteuse et inutile si la journalisation est désactivée (https://learn.microsoft.com/dotnet/fundamentals/code-analysis/quality-rules/ca1873) [C:\ISLAMU\GitHub\Event\Explore.Blazor.Client\Explore.Blazor.Client.csproj]
C:\ISLAMU\GitHub\Event\Explore.Blazor.Client\Services\TranslationService.cs(69,13): warning CA1873: L’évaluation de cet argument peut être coûteuse et inutile si la journalisation est désactivée (https://learn.microsoft.com/dotnet/fundamentals/code-analysis/quality-rules/ca1873) [C:\ISLAMU\GitHub\Event\Explore.Blazor.Client\Explore.Blazor.Client.csproj]
C:\ISLAMU\GitHub\Event\Explore.Blazor.Client\Pages\Events\MyEvents.razor.cs(111,34): warning CA1860: Préférez comparer « Count » à 0 au lieu d’utiliser « Any() », à la fois pour plus de clarté et pour des performances (https://learn.microsoft.com/dotnet/fundamentals/code-analysis/quality-rules/ca1860) [C:\ISLAMU\GitHub\Event\Explore.Blazor.Client\Explore.Blazor.Client.csproj]
C:\ISLAMU\GitHub\Event\Explore.Blazor.Client\Services\TranslationService.cs(122,9): warning CA1873: L’évaluation de cet argument peut être coûteuse et inutile si la journalisation est désactivée (https://learn.microsoft.com/dotnet/fundamentals/code-analysis/quality-rules/ca1873) [C:\ISLAMU\GitHub\Event\Explore.Blazor.Client\Explore.Blazor.Client.csproj]
C:\ISLAMU\GitHub\Event\Explore.Blazor.Client\Services\TranslationService.cs(137,17): warning CA1816: Changez TranslationService.Dispose() pour appeler GC.SuppressFinalize(object). Cette opération empêche les types dérivés qui introduisent un finaliseur d'avoir à réimplémenter 'IDisposable' pour l'appeler. (https://learn.microsoft.com/dotnet/fundamentals/code-analysis/quality-rules/ca1816) [C:\ISLAMU\GitHub\Event\Explore.Blazor.Client\Explore.Blazor.Client.csproj]
C:\ISLAMU\GitHub\Event\Explore.Blazor.Client\Pages\Events\MyEvents.razor.cs(171,73): warning CA1845: Utilisez une chaîne de type span. Concat’ et ’AsSpan’ à la place de ’Substring' (https://learn.microsoft.com/dotnet/fundamentals/code-analysis/quality-rules/ca1845) [C:\ISLAMU\GitHub\Event\Explore.Blazor.Client\Explore.Blazor.Client.csproj]
C:\ISLAMU\GitHub\Event\Explore.Blazor.Client\Pages\Events\Components\SessionEditorPanel.razor(1,1): warning MUD0002: Illegal Attribute 'ChildContent' on 'MudFileUpload' using pattern 'LowerCase' source location '(634,16)-(737,18)' (https://mudblazor.com/features/analyzers) [C:\ISLAMU\GitHub\Event\Explore.Blazor.Client\Explore.Blazor.Client.csproj]
C:\ISLAMU\GitHub\Event\Explore.Blazor.Client\Pages\Landing\LandingPageForNonUsers.razor.cs(59,13): warning CA1873: L’évaluation de cet argument peut être coûteuse et inutile si la journalisation est désactivée (https://learn.microsoft.com/dotnet/fundamentals/code-analysis/quality-rules/ca1873) [C:\ISLAMU\GitHub\Event\Explore.Blazor.Client\Explore.Blazor.Client.csproj]
C:\ISLAMU\GitHub\Event\Explore.Blazor.Client\Pages\Organizations\CreateOrganization.razor.cs(56,17): warning CA1873: L’évaluation de cet argument peut être coûteuse et inutile si la journalisation est désactivée (https://learn.microsoft.com/dotnet/fundamentals/code-analysis/quality-rules/ca1873) [C:\ISLAMU\GitHub\Event\Explore.Blazor.Client\Explore.Blazor.Client.csproj]
C:\ISLAMU\GitHub\Event\Explore.Blazor.Client\Pages\Events\Components\EventTechAspectCard.razor(1,1): warning MUD0002: Illegal Attribute 'Title' on 'MudIconButton' using pattern 'LowerCase' source location '(345,16)-(345,81)' (https://mudblazor.com/features/analyzers) [C:\ISLAMU\GitHub\Event\Explore.Blazor.Client\Explore.Blazor.Client.csproj]
C:\ISLAMU\GitHub\Event\Explore.Blazor.Client\Pages\Events\Components\EventTechAspectCard.razor(1,1): warning MUD0002: Illegal Attribute 'Title' on 'MudIconButton' using pattern 'LowerCase' source location '(417,16)-(417,83)' (https://mudblazor.com/features/analyzers) [C:\ISLAMU\GitHub\Event\Explore.Blazor.Client\Explore.Blazor.Client.csproj]
C:\ISLAMU\GitHub\Event\Explore.Blazor.Client\Pages\Admin\Instance\Components\InstanceGovernanceSection.razor(1,1): warning MUD0002: Illegal Attribute 'DisablePadding' on 'MudList' using pattern 'LowerCase' source location '(1350,20)-(1350,83)' (https://mudblazor.com/features/analyzers) [C:\ISLAMU\GitHub\Event\Explore.Blazor.Client\Explore.Blazor.Client.csproj]
C:\ISLAMU\GitHub\Event\Explore.Blazor.Client\Pages\Organizations\OrganizationDetails.razor.cs(115,13): warning CA1873: L’évaluation de cet argument peut être coûteuse et inutile si la journalisation est désactivée (https://learn.microsoft.com/dotnet/fundamentals/code-analysis/quality-rules/ca1873) [C:\ISLAMU\GitHub\Event\Explore.Blazor.Client\Explore.Blazor.Client.csproj]
C:\ISLAMU\GitHub\Event\Explore.Blazor.Client\Pages\Organizations\OrganizationDetails.razor.cs(120,17): warning CA1873: L’évaluation de cet argument peut être coûteuse et inutile si la journalisation est désactivée (https://learn.microsoft.com/dotnet/fundamentals/code-analysis/quality-rules/ca1873) [C:\ISLAMU\GitHub\Event\Explore.Blazor.Client\Explore.Blazor.Client.csproj]
C:\ISLAMU\GitHub\Event\Explore.Blazor.Client\Pages\User\Components\SettingsSecurity.razor(1,1): warning MUD0002: Illegal Attribute 'Direction' on 'MudStack' using pattern 'LowerCase' source location '(675,12)-(675,77)' (https://mudblazor.com/features/analyzers) [C:\ISLAMU\GitHub\Event\Explore.Blazor.Client\Explore.Blazor.Client.csproj]
C:\ISLAMU\GitHub\Event\Explore.Blazor.Client\Pages\Organizations\OrganizationDetails.razor.cs(188,29): warning CA1847: Utilisez ’String. Contient (Char)' à la place de ’String. Contains (String)' lors de la recherche d’un caractère unique (https://learn.microsoft.com/dotnet/fundamentals/code-analysis/quality-rules/ca1847) [C:\ISLAMU\GitHub\Event\Explore.Blazor.Client\Explore.Blazor.Client.csproj]
C:\ISLAMU\GitHub\Event\Explore.Blazor.Client\Pages\Events\MyEvents.razor(1,1): warning MUD0002: Illegal Attribute 'StartIcon' on 'MudChip' using pattern 'LowerCase' source location '(2414,36)-(2422,37)' (https://mudblazor.com/features/analyzers) [C:\ISLAMU\GitHub\Event\Explore.Blazor.Client\Explore.Blazor.Client.csproj]
C:\ISLAMU\GitHub\Event\Explore.Blazor.Client\Pages\Landing\LandingPageForUsers.razor(1,1): warning MUD0002: Illegal Attribute 'AlignItems' on 'MudGrid' using pattern 'LowerCase' source location '(221,20)-(221,91)' (https://mudblazor.com/features/analyzers) [C:\ISLAMU\GitHub\Event\Explore.Blazor.Client\Explore.Blazor.Client.csproj]
C:\ISLAMU\GitHub\Event\Explore.Blazor.Client\Pages\Landing\LandingPageForUsers.razor(1,1): warning MUD0002: Illegal Attribute 'CycleInterval' on 'MudCarousel' using pattern 'LowerCase' source location '(2046,16)-(2046,78)' (https://mudblazor.com/features/analyzers) [C:\ISLAMU\GitHub\Event\Explore.Blazor.Client\Explore.Blazor.Client.csproj]
C:\ISLAMU\GitHub\Event\Explore.Blazor.Client\Pages\Organizations\OrganizationProfile.razor.cs(61,13): warning CA1873: L’évaluation de cet argument peut être coûteuse et inutile si la journalisation est désactivée (https://learn.microsoft.com/dotnet/fundamentals/code-analysis/quality-rules/ca1873) [C:\ISLAMU\GitHub\Event\Explore.Blazor.Client\Explore.Blazor.Client.csproj]
C:\ISLAMU\GitHub\Event\Explore.Blazor.Client\Pages\Auth\LoginRedirect.razor(1,1): warning MUD0002: Illegal Attribute 'Direction' on 'MudStack' using pattern 'LowerCase' source location '(660,28)-(660,94)' (https://mudblazor.com/features/analyzers) [C:\ISLAMU\GitHub\Event\Explore.Blazor.Client\Explore.Blazor.Client.csproj]
C:\ISLAMU\GitHub\Event\Explore.Blazor.Client\Pages\Organizations\MyOrganizations.razor.cs(72,13): warning CA1873: L’évaluation de cet argument peut être coûteuse et inutile si la journalisation est désactivée (https://learn.microsoft.com/dotnet/fundamentals/code-analysis/quality-rules/ca1873) [C:\ISLAMU\GitHub\Event\Explore.Blazor.Client\Explore.Blazor.Client.csproj]
C:\ISLAMU\GitHub\Event\Explore.Blazor.Client\Pages\Events\EventList.razor.cs(333,17): warning CA1860: Préférez comparer « Count » à 0 au lieu d’utiliser « Any() », à la fois pour plus de clarté et pour des performances (https://learn.microsoft.com/dotnet/fundamentals/code-analysis/quality-rules/ca1860) [C:\ISLAMU\GitHub\Event\Explore.Blazor.Client\Explore.Blazor.Client.csproj]
C:\ISLAMU\GitHub\Event\Explore.Blazor.Client\Pages\Organizations\OrganizationProfile.razor(1,1): warning MUD0002: Illegal Attribute 'DisablePadding' on 'MudList' using pattern 'LowerCase' source location '(1746,32)-(1746,95)' (https://mudblazor.com/features/analyzers) [C:\ISLAMU\GitHub\Event\Explore.Blazor.Client\Explore.Blazor.Client.csproj]
C:\ISLAMU\GitHub\Event\Explore.Blazor.Client\Pages\Events\Components\EventIslamicAspectCard.razor(1,1): warning MUD0002: Illegal Attribute 'Title' on 'MudIconButton' using pattern 'LowerCase' source location '(345,16)-(345,84)' (https://mudblazor.com/features/analyzers) [C:\ISLAMU\GitHub\Event\Explore.Blazor.Client\Explore.Blazor.Client.csproj]
C:\ISLAMU\GitHub\Event\Explore.Blazor.Client\Pages\Events\Components\EventIslamicAspectCard.razor(1,1): warning MUD0002: Illegal Attribute 'Title' on 'MudIconButton' using pattern 'LowerCase' source location '(417,16)-(417,86)' (https://mudblazor.com/features/analyzers) [C:\ISLAMU\GitHub\Event\Explore.Blazor.Client\Explore.Blazor.Client.csproj]
C:\ISLAMU\GitHub\Event\Explore.Blazor.Client\Pages\User\Components\SettingsPrivacy.razor(1,1): warning MUD0002: Illegal Attribute 'Checked' on 'MudSwitch' using pattern 'LowerCase' source location '(490,20)-(490,75)' (https://mudblazor.com/features/analyzers) [C:\ISLAMU\GitHub\Event\Explore.Blazor.Client\Explore.Blazor.Client.csproj]
C:\ISLAMU\GitHub\Event\Explore.Blazor.Client\Pages\User\Components\SettingsPrivacy.razor(1,1): warning MUD0002: Illegal Attribute 'Checked' on 'MudSwitch' using pattern 'LowerCase' source location '(648,20)-(648,76)' (https://mudblazor.com/features/analyzers) [C:\ISLAMU\GitHub\Event\Explore.Blazor.Client\Explore.Blazor.Client.csproj]
C:\ISLAMU\GitHub\Event\Explore.Blazor.Client\Pages\User\Components\SettingsPrivacy.razor(1,1): warning MUD0002: Illegal Attribute 'Checked' on 'MudSwitch' using pattern 'LowerCase' source location '(806,20)-(806,76)' (https://mudblazor.com/features/analyzers) [C:\ISLAMU\GitHub\Event\Explore.Blazor.Client\Explore.Blazor.Client.csproj]
C:\ISLAMU\GitHub\Event\Explore.Blazor.Client\Pages\Events\CreateEvent.razor.cs(103,14): warning CA1860: Préférez comparer « Count » à 0 au lieu d’utiliser « Any() », à la fois pour plus de clarté et pour des performances (https://learn.microsoft.com/dotnet/fundamentals/code-analysis/quality-rules/ca1860) [C:\ISLAMU\GitHub\Event\Explore.Blazor.Client\Explore.Blazor.Client.csproj]
C:\ISLAMU\GitHub\Event\Explore.Blazor.Client\Pages\Events\CreateEvent.razor.cs(186,53): warning CA1311: Spécifiez une culture ou utilisez une version invariante pour éviter toute dépendance implicite par rapport à la culture actuelle (https://learn.microsoft.com/dotnet/fundamentals/code-analysis/quality-rules/ca1311) [C:\ISLAMU\GitHub\Event\Explore.Blazor.Client\Explore.Blazor.Client.csproj]
C:\ISLAMU\GitHub\Event\Explore.Blazor.Client\Pages\Events\CreateEvent.razor.cs(204,13): warning CA1873: L’évaluation de cet argument peut être coûteuse et inutile si la journalisation est désactivée (https://learn.microsoft.com/dotnet/fundamentals/code-analysis/quality-rules/ca1873) [C:\ISLAMU\GitHub\Event\Explore.Blazor.Client\Explore.Blazor.Client.csproj]
C:\ISLAMU\GitHub\Event\Explore.Blazor.Client\Pages\Events\CreateEvent.razor.cs(224,17): warning CA1873: L’évaluation de cet argument peut être coûteuse et inutile si la journalisation est désactivée (https://learn.microsoft.com/dotnet/fundamentals/code-analysis/quality-rules/ca1873) [C:\ISLAMU\GitHub\Event\Explore.Blazor.Client\Explore.Blazor.Client.csproj]
C:\ISLAMU\GitHub\Event\Explore.Blazor.Client\Pages\Events\CreateEvent.razor.cs(186,36): warning CA1304: Le comportement de 'string.ToLower()' peut varier en fonction des paramètres régionaux de l'utilisateur actuel. Remplacez cet appel dans 'CreateEvent.OnImageFileSelected(IBrowserFile)' par un appel à 'string.ToLower(CultureInfo)'. (https://learn.microsoft.com/dotnet/fundamentals/code-analysis/quality-rules/ca1304) [C:\ISLAMU\GitHub\Event\Explore.Blazor.Client\Explore.Blazor.Client.csproj]
C:\ISLAMU\GitHub\Event\Explore.Blazor.Client\Pages\Events\Components\EventFilterBar.razor(1,1): warning MUD0002: Illegal Attribute 'Dense' on 'MudDateRangePicker' using pattern 'LowerCase' source location '(610,16)-(610,69)' (https://mudblazor.com/features/analyzers) [C:\ISLAMU\GitHub\Event\Explore.Blazor.Client\Explore.Blazor.Client.csproj]
C:\ISLAMU\GitHub\Event\Explore.Blazor.Client\Pages\Events\EventList.razor.cs(294,17): warning CA1873: L’évaluation de cet argument peut être coûteuse et inutile si la journalisation est désactivée (https://learn.microsoft.com/dotnet/fundamentals/code-analysis/quality-rules/ca1873) [C:\ISLAMU\GitHub\Event\Explore.Blazor.Client\Explore.Blazor.Client.csproj]
C:\ISLAMU\GitHub\Event\Explore.Blazor.Client\Pages\Events\EventList.razor.cs(303,17): warning CA1873: L’évaluation de cet argument peut être coûteuse et inutile si la journalisation est désactivée (https://learn.microsoft.com/dotnet/fundamentals/code-analysis/quality-rules/ca1873) [C:\ISLAMU\GitHub\Event\Explore.Blazor.Client\Explore.Blazor.Client.csproj]
C:\ISLAMU\GitHub\Event\Explore.Blazor.Client\Pages\Events\EventList.razor.cs(288,18): warning CA1860: Préférez comparer « Count » à 0 au lieu d’utiliser « Any() », à la fois pour plus de clarté et pour des performances (https://learn.microsoft.com/dotnet/fundamentals/code-analysis/quality-rules/ca1860) [C:\ISLAMU\GitHub\Event\Explore.Blazor.Client\Explore.Blazor.Client.csproj]
C:\ISLAMU\GitHub\Event\Explore.Blazor.Client\Pages\Events\EventList.razor.cs(288,42): warning CA1860: Préférez comparer « Count » à 0 au lieu d’utiliser « Any() », à la fois pour plus de clarté et pour des performances (https://learn.microsoft.com/dotnet/fundamentals/code-analysis/quality-rules/ca1860) [C:\ISLAMU\GitHub\Event\Explore.Blazor.Client\Explore.Blazor.Client.csproj]
C:\ISLAMU\GitHub\Event\Explore.Blazor.Client\Pages\Events\EventList.razor.cs(297,18): warning CA1860: Préférez comparer « Count » à 0 au lieu d’utiliser « Any() », à la fois pour plus de clarté et pour des performances (https://learn.microsoft.com/dotnet/fundamentals/code-analysis/quality-rules/ca1860) [C:\ISLAMU\GitHub\Event\Explore.Blazor.Client\Explore.Blazor.Client.csproj]
C:\ISLAMU\GitHub\Event\Explore.Blazor.Client\Pages\Events\EventList.razor.cs(297,37): warning CA1860: Préférez comparer « Count » à 0 au lieu d’utiliser « Any() », à la fois pour plus de clarté et pour des performances (https://learn.microsoft.com/dotnet/fundamentals/code-analysis/quality-rules/ca1860) [C:\ISLAMU\GitHub\Event\Explore.Blazor.Client\Explore.Blazor.Client.csproj]
C:\ISLAMU\GitHub\Event\Explore.Blazor.Client\Services\AuthStateService.cs(74,13): warning CA1873: L’évaluation de cet argument peut être coûteuse et inutile si la journalisation est désactivée (https://learn.microsoft.com/dotnet/fundamentals/code-analysis/quality-rules/ca1873) [C:\ISLAMU\GitHub\Event\Explore.Blazor.Client\Explore.Blazor.Client.csproj]
C:\ISLAMU\GitHub\Event\Explore.Blazor.Client\Services\AuthStateService.cs(103,9): warning CA1873: L’évaluation de cet argument peut être coûteuse et inutile si la journalisation est désactivée (https://learn.microsoft.com/dotnet/fundamentals/code-analysis/quality-rules/ca1873) [C:\ISLAMU\GitHub\Event\Explore.Blazor.Client\Explore.Blazor.Client.csproj]
C:\ISLAMU\GitHub\Event\Explore.Blazor.Client\Pages\Events\Components\EventFilterBar.razor(1,1): warning MUD0002: Illegal Attribute 'Dense' on 'MudTextField' using pattern 'LowerCase' source location '(7716,8)-(7716,64)' (https://mudblazor.com/features/analyzers) [C:\ISLAMU\GitHub\Event\Explore.Blazor.Client\Explore.Blazor.Client.csproj]
C:\ISLAMU\GitHub\Event\Explore.Blazor.Client\Pages\Events\Components\EventFilterBar.razor(1,1): warning MUD0002: Illegal Attribute 'Dense' on 'MudDateRangePicker' using pattern 'LowerCase' source location '(4208,20)-(4208,74)' (https://mudblazor.com/features/analyzers) [C:\ISLAMU\GitHub\Event\Explore.Blazor.Client\Explore.Blazor.Client.csproj]
C:\ISLAMU\GitHub\Event\Explore.Blazor.Client\Pages\Organizations\CreateOrganization.razor(1,1): warning MUD0002: Illegal Attribute 'Icon' on 'MudStep' using pattern 'LowerCase' source location '(702,24)-(710,25)' (https://mudblazor.com/features/analyzers) [C:\ISLAMU\GitHub\Event\Explore.Blazor.Client\Explore.Blazor.Client.csproj]
C:\ISLAMU\GitHub\Event\Explore.Blazor.Client\Pages\Organizations\CreateOrganization.razor(1,1): warning MUD0002: Illegal Attribute 'Icon' on 'MudStep' using pattern 'LowerCase' source location '(1652,24)-(1660,25)' (https://mudblazor.com/features/analyzers) [C:\ISLAMU\GitHub\Event\Explore.Blazor.Client\Explore.Blazor.Client.csproj]
C:\ISLAMU\GitHub\Event\Explore.Blazor.Client\Pages\Organizations\CreateOrganization.razor(1,1): warning MUD0002: Illegal Attribute 'Icon' on 'MudStep' using pattern 'LowerCase' source location '(2132,24)-(2140,25)' (https://mudblazor.com/features/analyzers) [C:\ISLAMU\GitHub\Event\Explore.Blazor.Client\Explore.Blazor.Client.csproj]
C:\ISLAMU\GitHub\Event\Explore.Blazor.Client\Pages\Events\CreateEvent.razor.cs(314,13): warning CA1860: Préférez comparer « Count » à 0 au lieu d’utiliser « Any() », à la fois pour plus de clarté et pour des performances (https://learn.microsoft.com/dotnet/fundamentals/code-analysis/quality-rules/ca1860) [C:\ISLAMU\GitHub\Event\Explore.Blazor.Client\Explore.Blazor.Client.csproj]
C:\ISLAMU\GitHub\Event\Explore.Blazor.Client\Pages\User\UserProfile.razor.cs(74,17): warning CA1873: L’évaluation de cet argument peut être coûteuse et inutile si la journalisation est désactivée (https://learn.microsoft.com/dotnet/fundamentals/code-analysis/quality-rules/ca1873) [C:\ISLAMU\GitHub\Event\Explore.Blazor.Client\Explore.Blazor.Client.csproj]
C:\ISLAMU\GitHub\Event\Explore.Blazor.Client\Pages\Onboarding\InstanceOnboarding.razor(1,1): warning MUD0002: Illegal Attribute 'Direction' on 'MudStack' using pattern 'LowerCase' source location '(421,24)-(421,90)' (https://mudblazor.com/features/analyzers) [C:\ISLAMU\GitHub\Event\Explore.Blazor.Client\Explore.Blazor.Client.csproj]
C:\ISLAMU\GitHub\Event\Explore.Blazor.Client\Pages\Onboarding\InstanceOnboarding.razor(1,1): warning MUD0002: Illegal Attribute 'Direction' on 'MudStack' using pattern 'LowerCase' source location '(1009,48)-(1009,116)' (https://mudblazor.com/features/analyzers) [C:\ISLAMU\GitHub\Event\Explore.Blazor.Client\Explore.Blazor.Client.csproj]
C:\ISLAMU\GitHub\Event\Explore.Blazor.Client\Pages\Onboarding\InstanceOnboarding.razor(1,1): warning MUD0002: Illegal Attribute 'Direction' on 'MudStack' using pattern 'LowerCase' source location '(1388,48)-(1388,116)' (https://mudblazor.com/features/analyzers) [C:\ISLAMU\GitHub\Event\Explore.Blazor.Client\Explore.Blazor.Client.csproj]
C:\ISLAMU\GitHub\Event\Explore.Blazor.Client\Pages\Landing\LandingPageForNonUsers.razor(1,1): warning MUD0002: Illegal Attribute 'CycleInterval' on 'MudCarousel' using pattern 'LowerCase' source location '(2417,16)-(2417,78)' (https://mudblazor.com/features/analyzers) [C:\ISLAMU\GitHub\Event\Explore.Blazor.Client\Explore.Blazor.Client.csproj]
C:\ISLAMU\GitHub\Event\Explore.Blazor.Client\Pages\Events\Components\EventFilterBar.razor(1,1): warning MUD0002: Illegal Attribute 'Dense' on 'MudTextField' using pattern 'LowerCase' source location '(7921,8)-(7921,64)' (https://mudblazor.com/features/analyzers) [C:\ISLAMU\GitHub\Event\Explore.Blazor.Client\Explore.Blazor.Client.csproj]
C:\ISLAMU\GitHub\Event\Explore.Blazor.Client\Pages\User\Components\SettingsPrivacy.razor(1,1): warning MUD0002: Illegal Attribute 'Checked' on 'MudSwitch' using pattern 'LowerCase' source location '(1112,20)-(1112,76)' (https://mudblazor.com/features/analyzers) [C:\ISLAMU\GitHub\Event\Explore.Blazor.Client\Explore.Blazor.Client.csproj]
C:\ISLAMU\GitHub\Event\Explore.Blazor.Client\Pages\User\UserProfile.razor.cs(114,13): warning CA1873: L’évaluation de cet argument peut être coûteuse et inutile si la journalisation est désactivée (https://learn.microsoft.com/dotnet/fundamentals/code-analysis/quality-rules/ca1873) [C:\ISLAMU\GitHub\Event\Explore.Blazor.Client\Explore.Blazor.Client.csproj]
C:\ISLAMU\GitHub\Event\Explore.Blazor.Client\Pages\User\Components\SettingsPrivacy.razor(1,1): warning MUD0002: Illegal Attribute 'Checked' on 'MudSwitch' using pattern 'LowerCase' source location '(1270,20)-(1270,77)' (https://mudblazor.com/features/analyzers) [C:\ISLAMU\GitHub\Event\Explore.Blazor.Client\Explore.Blazor.Client.csproj]
C:\ISLAMU\GitHub\Event\Explore.Blazor.Client\Services\AnalyticsInterop.cs(111,28): warning CA1816: Changez AnalyticsInterop.DisposeAsync() pour appeler GC.SuppressFinalize(object). Cette opération empêche les types dérivés qui introduisent un finaliseur d'avoir à réimplémenter 'IDisposable' pour l'appeler. (https://learn.microsoft.com/dotnet/fundamentals/code-analysis/quality-rules/ca1816) [C:\ISLAMU\GitHub\Event\Explore.Blazor.Client\Explore.Blazor.Client.csproj]
C:\ISLAMU\GitHub\Event\Explore.Blazor.Client\Pages\User\UserProfile.razor.cs(129,13): warning CA1873: L’évaluation de cet argument peut être coûteuse et inutile si la journalisation est désactivée (https://learn.microsoft.com/dotnet/fundamentals/code-analysis/quality-rules/ca1873) [C:\ISLAMU\GitHub\Event\Explore.Blazor.Client\Explore.Blazor.Client.csproj]
C:\ISLAMU\GitHub\Event\Explore.Blazor.Client\Pages\Events\Components\EventFilterBar.razor(1,1): warning MUD0002: Illegal Attribute 'Title' on 'MudToggleItem' using pattern 'LowerCase' source location '(7964,8)-(7964,64)' (https://mudblazor.com/features/analyzers) [C:\ISLAMU\GitHub\Event\Explore.Blazor.Client\Explore.Blazor.Client.csproj]
C:\ISLAMU\GitHub\Event\Explore.Blazor.Client\Pages\Events\CreateEvent.razor.cs(414,17): warning CA1873: L’évaluation de cet argument peut être coûteuse et inutile si la journalisation est désactivée (https://learn.microsoft.com/dotnet/fundamentals/code-analysis/quality-rules/ca1873) [C:\ISLAMU\GitHub\Event\Explore.Blazor.Client\Explore.Blazor.Client.csproj]
C:\ISLAMU\GitHub\Event\Explore.Blazor.Client\Pages\Events\CreateEvent.razor.cs(425,17): warning CA1873: L’évaluation de cet argument peut être coûteuse et inutile si la journalisation est désactivée (https://learn.microsoft.com/dotnet/fundamentals/code-analysis/quality-rules/ca1873) [C:\ISLAMU\GitHub\Event\Explore.Blazor.Client\Explore.Blazor.Client.csproj]
C:\ISLAMU\GitHub\Event\Explore.Blazor.Client\Pages\Events\Components\EventFilterBar.razor(1,1): warning MUD0002: Illegal Attribute 'Title' on 'MudToggleItem' using pattern 'LowerCase' source location '(7980,8)-(7980,64)' (https://mudblazor.com/features/analyzers) [C:\ISLAMU\GitHub\Event\Explore.Blazor.Client\Explore.Blazor.Client.csproj]
C:\ISLAMU\GitHub\Event\Explore.Blazor.Client\Pages\Onboarding\InstanceOnboarding.razor(1,1): warning MUD0002: Illegal Attribute 'Direction' on 'MudStack' using pattern 'LowerCase' source location '(3503,32)-(3503,99)' (https://mudblazor.com/features/analyzers) [C:\ISLAMU\GitHub\Event\Explore.Blazor.Client\Explore.Blazor.Client.csproj]
C:\ISLAMU\GitHub\Event\Explore.Blazor.Client\Pages\Events\CreateEvent.razor.cs(474,26): warning CA1860: Préférez comparer « Count » à 0 au lieu d’utiliser « Any() », à la fois pour plus de clarté et pour des performances (https://learn.microsoft.com/dotnet/fundamentals/code-analysis/quality-rules/ca1860) [C:\ISLAMU\GitHub\Event\Explore.Blazor.Client\Explore.Blazor.Client.csproj]
C:\ISLAMU\GitHub\Event\Explore.Blazor.Client\Pages\Events\CreateEvent.razor.cs(478,29): warning CA1860: Préférez comparer « Count » à 0 au lieu d’utiliser « Any() », à la fois pour plus de clarté et pour des performances (https://learn.microsoft.com/dotnet/fundamentals/code-analysis/quality-rules/ca1860) [C:\ISLAMU\GitHub\Event\Explore.Blazor.Client\Explore.Blazor.Client.csproj]
C:\ISLAMU\GitHub\Event\Explore.Blazor.Client\Pages\Events\CreateEvent.razor.cs(527,34): warning CA1860: Préférez comparer « Count » à 0 au lieu d’utiliser « Any() », à la fois pour plus de clarté et pour des performances (https://learn.microsoft.com/dotnet/fundamentals/code-analysis/quality-rules/ca1860) [C:\ISLAMU\GitHub\Event\Explore.Blazor.Client\Explore.Blazor.Client.csproj]
C:\ISLAMU\GitHub\Event\Explore.Blazor.Client\Pages\Events\CreateEvent.razor.cs(559,17): warning CA1873: L’évaluation de cet argument peut être coûteuse et inutile si la journalisation est désactivée (https://learn.microsoft.com/dotnet/fundamentals/code-analysis/quality-rules/ca1873) [C:\ISLAMU\GitHub\Event\Explore.Blazor.Client\Explore.Blazor.Client.csproj]
C:\ISLAMU\GitHub\Event\Explore.Blazor.Client\Pages\Events\CreateEvent.razor.cs(580,13): warning CA1873: L’évaluation de cet argument peut être coûteuse et inutile si la journalisation est désactivée (https://learn.microsoft.com/dotnet/fundamentals/code-analysis/quality-rules/ca1873) [C:\ISLAMU\GitHub\Event\Explore.Blazor.Client\Explore.Blazor.Client.csproj]
C:\ISLAMU\GitHub\Event\Explore.Blazor.Client\Pages\Events\CreateEvent.razor.cs(590,17): warning CA1873: L’évaluation de cet argument peut être coûteuse et inutile si la journalisation est désactivée (https://learn.microsoft.com/dotnet/fundamentals/code-analysis/quality-rules/ca1873) [C:\ISLAMU\GitHub\Event\Explore.Blazor.Client\Explore.Blazor.Client.csproj]
C:\ISLAMU\GitHub\Event\Explore.Blazor.Client\Pages\Events\CreateEvent.razor.cs(592,21): warning CA1860: Préférez comparer « Count » à 0 au lieu d’utiliser « Any() », à la fois pour plus de clarté et pour des performances (https://learn.microsoft.com/dotnet/fundamentals/code-analysis/quality-rules/ca1860) [C:\ISLAMU\GitHub\Event\Explore.Blazor.Client\Explore.Blazor.Client.csproj]
C:\ISLAMU\GitHub\Event\Explore.Blazor.Client\Pages\Events\CreateEvent.razor.cs(592,50): warning CA1860: Préférez comparer « Count » à 0 au lieu d’utiliser « Any() », à la fois pour plus de clarté et pour des performances (https://learn.microsoft.com/dotnet/fundamentals/code-analysis/quality-rules/ca1860) [C:\ISLAMU\GitHub\Event\Explore.Blazor.Client\Explore.Blazor.Client.csproj]
C:\ISLAMU\GitHub\Event\Explore.Blazor.Client\Pages\Events\CreateEvent.razor.cs(624,49): warning CA1860: Préférez comparer « Count » à 0 au lieu d’utiliser « Any() », à la fois pour plus de clarté et pour des performances (https://learn.microsoft.com/dotnet/fundamentals/code-analysis/quality-rules/ca1860) [C:\ISLAMU\GitHub\Event\Explore.Blazor.Client\Explore.Blazor.Client.csproj]
C:\ISLAMU\GitHub\Event\Explore.Blazor.Client\Services\LookupCacheService.cs(149,13): warning CA1873: L’évaluation de cet argument peut être coûteuse et inutile si la journalisation est désactivée (https://learn.microsoft.com/dotnet/fundamentals/code-analysis/quality-rules/ca1873) [C:\ISLAMU\GitHub\Event\Explore.Blazor.Client\Explore.Blazor.Client.csproj]
C:\ISLAMU\GitHub\Event\Explore.Blazor.Client\Services\LookupCacheService.cs(160,17): warning CA1873: L’évaluation de cet argument peut être coûteuse et inutile si la journalisation est désactivée (https://learn.microsoft.com/dotnet/fundamentals/code-analysis/quality-rules/ca1873) [C:\ISLAMU\GitHub\Event\Explore.Blazor.Client\Explore.Blazor.Client.csproj]
C:\ISLAMU\GitHub\Event\Explore.Blazor.Client\Services\LookupCacheService.cs(164,13): warning CA1873: L’évaluation de cet argument peut être coûteuse et inutile si la journalisation est désactivée (https://learn.microsoft.com/dotnet/fundamentals/code-analysis/quality-rules/ca1873) [C:\ISLAMU\GitHub\Event\Explore.Blazor.Client\Explore.Blazor.Client.csproj]
C:\ISLAMU\GitHub\Event\Explore.Blazor.Client\Pages\Events\EventList.razor.cs(676,34): warning CA1860: Préférez comparer « Count » à 0 au lieu d’utiliser « Any() », à la fois pour plus de clarté et pour des performances (https://learn.microsoft.com/dotnet/fundamentals/code-analysis/quality-rules/ca1860) [C:\ISLAMU\GitHub\Event\Explore.Blazor.Client\Explore.Blazor.Client.csproj]
C:\ISLAMU\GitHub\Event\Explore.Blazor.Client\Services\LookupCacheService.cs(175,17): warning CA1816: Changez LookupCacheService.Dispose() pour appeler GC.SuppressFinalize(object). Cette opération empêche les types dérivés qui introduisent un finaliseur d'avoir à réimplémenter 'IDisposable' pour l'appeler. (https://learn.microsoft.com/dotnet/fundamentals/code-analysis/quality-rules/ca1816) [C:\ISLAMU\GitHub\Event\Explore.Blazor.Client\Explore.Blazor.Client.csproj]
C:\ISLAMU\GitHub\Event\Explore.Blazor.Client\Pages\Events\Components\EventFilterBar.razor(1,1): warning MUD0002: Illegal Attribute 'Title' on 'MudToggleItem' using pattern 'LowerCase' source location '(7996,8)-(7996,64)' (https://mudblazor.com/features/analyzers) [C:\ISLAMU\GitHub\Event\Explore.Blazor.Client\Explore.Blazor.Client.csproj]
C:\ISLAMU\GitHub\Event\Explore.Blazor.Client\Services\EventAspectService.cs(35,13): warning CA1873: L’évaluation de cet argument peut être coûteuse et inutile si la journalisation est désactivée (https://learn.microsoft.com/dotnet/fundamentals/code-analysis/quality-rules/ca1873) [C:\ISLAMU\GitHub\Event\Explore.Blazor.Client\Explore.Blazor.Client.csproj]
C:\ISLAMU\GitHub\Event\Explore.Blazor.Client\Services\EventAspectService.cs(60,13): warning CA1873: L’évaluation de cet argument peut être coûteuse et inutile si la journalisation est désactivée (https://learn.microsoft.com/dotnet/fundamentals/code-analysis/quality-rules/ca1873) [C:\ISLAMU\GitHub\Event\Explore.Blazor.Client\Explore.Blazor.Client.csproj]
C:\ISLAMU\GitHub\Event\Explore.Blazor.Client\Services\EventAspectService.cs(126,13): warning CA1873: L’évaluation de cet argument peut être coûteuse et inutile si la journalisation est désactivée (https://learn.microsoft.com/dotnet/fundamentals/code-analysis/quality-rules/ca1873) [C:\ISLAMU\GitHub\Event\Explore.Blazor.Client\Explore.Blazor.Client.csproj]
C:\ISLAMU\GitHub\Event\Explore.Blazor.Client\Services\EventAspectService.cs(152,13): warning CA1873: L’évaluation de cet argument peut être coûteuse et inutile si la journalisation est désactivée (https://learn.microsoft.com/dotnet/fundamentals/code-analysis/quality-rules/ca1873) [C:\ISLAMU\GitHub\Event\Explore.Blazor.Client\Explore.Blazor.Client.csproj]
C:\ISLAMU\GitHub\Event\Explore.Blazor.Client\Pages\Admin\Instance\Components\InstanceAdminSettingsLayout.razor(1,1): warning MUD0002: Illegal Attribute 'DisablePadding' on 'MudList' using pattern 'LowerCase' source location '(1023,28)-(1023,90)' (https://mudblazor.com/features/analyzers) [C:\ISLAMU\GitHub\Event\Explore.Blazor.Client\Explore.Blazor.Client.csproj]
C:\ISLAMU\GitHub\Event\Explore.Blazor.Client\Services\EventRegistrationService.cs(39,13): warning CA1873: L’évaluation de cet argument peut être coûteuse et inutile si la journalisation est désactivée (https://learn.microsoft.com/dotnet/fundamentals/code-analysis/quality-rules/ca1873) [C:\ISLAMU\GitHub\Event\Explore.Blazor.Client\Explore.Blazor.Client.csproj]
C:\ISLAMU\GitHub\Event\Explore.Blazor.Client\Pages\User\UserProfile.razor(1,1): warning MUD0002: Illegal Attribute 'DisablePadding' on 'MudList' using pattern 'LowerCase' source location '(1500,32)-(1500,95)' (https://mudblazor.com/features/analyzers) [C:\ISLAMU\GitHub\Event\Explore.Blazor.Client\Explore.Blazor.Client.csproj]
C:\ISLAMU\GitHub\Event\Explore.Blazor.Client\Services\EventRegistrationService.cs(95,13): warning CA1873: L’évaluation de cet argument peut être coûteuse et inutile si la journalisation est désactivée (https://learn.microsoft.com/dotnet/fundamentals/code-analysis/quality-rules/ca1873) [C:\ISLAMU\GitHub\Event\Explore.Blazor.Client\Explore.Blazor.Client.csproj]
C:\ISLAMU\GitHub\Event\Explore.Blazor.Client\Services\CookieConsentInterop.cs(61,28): warning CA1816: Changez CookieConsentInterop.DisposeAsync() pour appeler GC.SuppressFinalize(object). Cette opération empêche les types dérivés qui introduisent un finaliseur d'avoir à réimplémenter 'IDisposable' pour l'appeler. (https://learn.microsoft.com/dotnet/fundamentals/code-analysis/quality-rules/ca1816) [C:\ISLAMU\GitHub\Event\Explore.Blazor.Client\Explore.Blazor.Client.csproj]
C:\ISLAMU\GitHub\Event\Explore.Blazor.Client\Services\EventRegistrationService.cs(153,13): warning CA1873: L’évaluation de cet argument peut être coûteuse et inutile si la journalisation est désactivée (https://learn.microsoft.com/dotnet/fundamentals/code-analysis/quality-rules/ca1873) [C:\ISLAMU\GitHub\Event\Explore.Blazor.Client\Explore.Blazor.Client.csproj]
C:\ISLAMU\GitHub\Event\Explore.Blazor.Client\Services\LandingPageService.cs(57,13): warning CA1873: L’évaluation de cet argument peut être coûteuse et inutile si la journalisation est désactivée (https://learn.microsoft.com/dotnet/fundamentals/code-analysis/quality-rules/ca1873) [C:\ISLAMU\GitHub\Event\Explore.Blazor.Client\Explore.Blazor.Client.csproj]
C:\ISLAMU\GitHub\Event\Explore.Blazor.Client\Services\LandingPageService.cs(68,13): warning CA1873: L’évaluation de cet argument peut être coûteuse et inutile si la journalisation est désactivée (https://learn.microsoft.com/dotnet/fundamentals/code-analysis/quality-rules/ca1873) [C:\ISLAMU\GitHub\Event\Explore.Blazor.Client\Explore.Blazor.Client.csproj]
C:\ISLAMU\GitHub\Event\Explore.Blazor.Client\Services\LandingPageService.cs(107,13): warning CA1873: L’évaluation de cet argument peut être coûteuse et inutile si la journalisation est désactivée (https://learn.microsoft.com/dotnet/fundamentals/code-analysis/quality-rules/ca1873) [C:\ISLAMU\GitHub\Event\Explore.Blazor.Client\Explore.Blazor.Client.csproj]
C:\ISLAMU\GitHub\Event\Explore.Blazor.Client\Pages\User\Components\SettingsLayout.razor(1,1): warning MUD0002: Illegal Attribute 'DisablePadding' on 'MudList' using pattern 'LowerCase' source location '(407,28)-(407,90)' (https://mudblazor.com/features/analyzers) [C:\ISLAMU\GitHub\Event\Explore.Blazor.Client\Explore.Blazor.Client.csproj]
C:\ISLAMU\GitHub\Event\Explore.Blazor.Client\Pages\Events\Dialogs\SessionSelectionDialog.razor(1,1): warning MUD0002: Illegal Attribute 'OnClick' on 'MudPaper' using pattern 'LowerCase' source location '(295,20)-(295,86)' (https://mudblazor.com/features/analyzers) [C:\ISLAMU\GitHub\Event\Explore.Blazor.Client\Explore.Blazor.Client.csproj]
C:\ISLAMU\GitHub\Event\Explore.Blazor.Client\Pages\Events\Dialogs\SessionSelectionDialog.razor(1,1): warning MUD0002: Illegal Attribute 'OnClick' on 'MudPaper' using pattern 'LowerCase' source location '(530,20)-(538,21)' (https://mudblazor.com/features/analyzers) [C:\ISLAMU\GitHub\Event\Explore.Blazor.Client\Explore.Blazor.Client.csproj]
C:\ISLAMU\GitHub\Event\Explore.Blazor.Client\Services\Http\S3UploadMessageHandler.cs(35,17): warning CA1873: L’évaluation de cet argument peut être coûteuse et inutile si la journalisation est désactivée (https://learn.microsoft.com/dotnet/fundamentals/code-analysis/quality-rules/ca1873) [C:\ISLAMU\GitHub\Event\Explore.Blazor.Client\Explore.Blazor.Client.csproj]
C:\ISLAMU\GitHub\Event\Explore.Blazor.Client\Services\Http\S3UploadMessageHandler.cs(49,25): warning CA1873: L’évaluation de cet argument peut être coûteuse et inutile si la journalisation est désactivée (https://learn.microsoft.com/dotnet/fundamentals/code-analysis/quality-rules/ca1873) [C:\ISLAMU\GitHub\Event\Explore.Blazor.Client\Explore.Blazor.Client.csproj]
C:\ISLAMU\GitHub\Event\Explore.Blazor.Client\Services\Http\BrowserCredentialsMessageHandler.cs(57,17): warning CA1873: L’évaluation de cet argument peut être coûteuse et inutile si la journalisation est désactivée (https://learn.microsoft.com/dotnet/fundamentals/code-analysis/quality-rules/ca1873) [C:\ISLAMU\GitHub\Event\Explore.Blazor.Client\Explore.Blazor.Client.csproj]
C:\ISLAMU\GitHub\Event\Explore.Blazor.Client\Services\Http\BrowserCredentialsMessageHandler.cs(64,21): warning CA1873: L’évaluation de cet argument peut être coûteuse et inutile si la journalisation est désactivée (https://learn.microsoft.com/dotnet/fundamentals/code-analysis/quality-rules/ca1873) [C:\ISLAMU\GitHub\Event\Explore.Blazor.Client\Explore.Blazor.Client.csproj]
C:\ISLAMU\GitHub\Event\Explore.Blazor.Client\Services\ImageStorageService.cs(150,13): warning CA1873: L’évaluation de cet argument peut être coûteuse et inutile si la journalisation est désactivée (https://learn.microsoft.com/dotnet/fundamentals/code-analysis/quality-rules/ca1873) [C:\ISLAMU\GitHub\Event\Explore.Blazor.Client\Explore.Blazor.Client.csproj]
C:\ISLAMU\GitHub\Event\Explore.Blazor.Client\Services\ImageStorageService.cs(166,13): warning CA1873: L’évaluation de cet argument peut être coûteuse et inutile si la journalisation est désactivée (https://learn.microsoft.com/dotnet/fundamentals/code-analysis/quality-rules/ca1873) [C:\ISLAMU\GitHub\Event\Explore.Blazor.Client\Explore.Blazor.Client.csproj]
C:\ISLAMU\GitHub\Event\Explore.Blazor.Client\Pages\Events\EventList.razor.cs(954,41): warning CA1860: Préférez comparer « Count » à 0 au lieu d’utiliser « Any() », à la fois pour plus de clarté et pour des performances (https://learn.microsoft.com/dotnet/fundamentals/code-analysis/quality-rules/ca1860) [C:\ISLAMU\GitHub\Event\Explore.Blazor.Client\Explore.Blazor.Client.csproj]
C:\ISLAMU\GitHub\Event\Explore.Blazor.Client\Services\Http\BffUnauthorizedHandler.cs(67,17): warning CA1873: L’évaluation de cet argument peut être coûteuse et inutile si la journalisation est désactivée (https://learn.microsoft.com/dotnet/fundamentals/code-analysis/quality-rules/ca1873) [C:\ISLAMU\GitHub\Event\Explore.Blazor.Client\Explore.Blazor.Client.csproj]
C:\ISLAMU\GitHub\Event\Explore.Blazor.Client\Services\Http\BffUnauthorizedHandler.cs(75,17): warning CA1873: L’évaluation de cet argument peut être coûteuse et inutile si la journalisation est désactivée (https://learn.microsoft.com/dotnet/fundamentals/code-analysis/quality-rules/ca1873) [C:\ISLAMU\GitHub\Event\Explore.Blazor.Client\Explore.Blazor.Client.csproj]
C:\ISLAMU\GitHub\Event\Explore.Blazor.Client\Services\Http\BffUnauthorizedHandler.cs(82,17): warning CA1873: L’évaluation de cet argument peut être coûteuse et inutile si la journalisation est désactivée (https://learn.microsoft.com/dotnet/fundamentals/code-analysis/quality-rules/ca1873) [C:\ISLAMU\GitHub\Event\Explore.Blazor.Client\Explore.Blazor.Client.csproj]
C:\ISLAMU\GitHub\Event\Explore.Blazor.Client\Services\ImageStorageService.cs(187,13): warning CA1873: L’évaluation de cet argument peut être coûteuse et inutile si la journalisation est désactivée (https://learn.microsoft.com/dotnet/fundamentals/code-analysis/quality-rules/ca1873) [C:\ISLAMU\GitHub\Event\Explore.Blazor.Client\Explore.Blazor.Client.csproj]
C:\ISLAMU\GitHub\Event\Explore.Blazor.Client\Services\ImageStorageService.cs(216,13): warning CA1873: L’évaluation de cet argument peut être coûteuse et inutile si la journalisation est désactivée (https://learn.microsoft.com/dotnet/fundamentals/code-analysis/quality-rules/ca1873) [C:\ISLAMU\GitHub\Event\Explore.Blazor.Client\Explore.Blazor.Client.csproj]
C:\ISLAMU\GitHub\Event\Explore.Blazor.Client\Services\ImageStorageService.cs(285,17): warning CA1873: L’évaluation de cet argument peut être coûteuse et inutile si la journalisation est désactivée (https://learn.microsoft.com/dotnet/fundamentals/code-analysis/quality-rules/ca1873) [C:\ISLAMU\GitHub\Event\Explore.Blazor.Client\Explore.Blazor.Client.csproj]
C:\ISLAMU\GitHub\Event\Explore.Blazor.Client\Services\ImageStorageService.cs(318,13): warning CA1873: L’évaluation de cet argument peut être coûteuse et inutile si la journalisation est désactivée (https://learn.microsoft.com/dotnet/fundamentals/code-analysis/quality-rules/ca1873) [C:\ISLAMU\GitHub\Event\Explore.Blazor.Client\Explore.Blazor.Client.csproj]
C:\ISLAMU\GitHub\Event\Explore.Blazor.Client\Services\ImageStorageService.cs(396,13): warning CA1873: L’évaluation de cet argument peut être coûteuse et inutile si la journalisation est désactivée (https://learn.microsoft.com/dotnet/fundamentals/code-analysis/quality-rules/ca1873) [C:\ISLAMU\GitHub\Event\Explore.Blazor.Client\Explore.Blazor.Client.csproj]
C:\ISLAMU\GitHub\Event\Explore.Blazor.Client\Services\ImageStorageService.cs(402,13): warning CA1873: L’évaluation de cet argument peut être coûteuse et inutile si la journalisation est désactivée (https://learn.microsoft.com/dotnet/fundamentals/code-analysis/quality-rules/ca1873) [C:\ISLAMU\GitHub\Event\Explore.Blazor.Client\Explore.Blazor.Client.csproj]
C:\ISLAMU\GitHub\Event\Explore.Blazor.Client\Services\ImageStorageService.cs(415,13): warning CA1873: L’évaluation de cet argument peut être coûteuse et inutile si la journalisation est désactivée (https://learn.microsoft.com/dotnet/fundamentals/code-analysis/quality-rules/ca1873) [C:\ISLAMU\GitHub\Event\Explore.Blazor.Client\Explore.Blazor.Client.csproj]
C:\ISLAMU\GitHub\Event\Explore.Blazor.Client\Services\ImageStorageService.cs(441,13): warning CA1873: L’évaluation de cet argument peut être coûteuse et inutile si la journalisation est désactivée (https://learn.microsoft.com/dotnet/fundamentals/code-analysis/quality-rules/ca1873) [C:\ISLAMU\GitHub\Event\Explore.Blazor.Client\Explore.Blazor.Client.csproj]
C:\ISLAMU\GitHub\Event\Explore.Blazor.Client\Services\ImageStorageService.cs(356,17): warning CA1873: L’évaluation de cet argument peut être coûteuse et inutile si la journalisation est désactivée (https://learn.microsoft.com/dotnet/fundamentals/code-analysis/quality-rules/ca1873) [C:\ISLAMU\GitHub\Event\Explore.Blazor.Client\Explore.Blazor.Client.csproj]
C:\ISLAMU\GitHub\Event\Explore.Blazor.Client\Pages\Events\Dialogs\ManageSpeakersDialog.razor(1,1): warning MUD0002: Illegal Attribute 'Clickable' on 'MudList' using pattern 'LowerCase' source location '(431,20)-(431,77)' (https://mudblazor.com/features/analyzers) [C:\ISLAMU\GitHub\Event\Explore.Blazor.Client\Explore.Blazor.Client.csproj]
C:\ISLAMU\GitHub\Event\Explore.Blazor.Client\Services\ImageStorageService.cs(273,22): warning CA2000: Appelez System.IDisposable.Dispose sur l'objet créé par 'new StringContent(fileData.ContentType)' avant que toutes les références s'y rapportant ne soient hors étendue (https://learn.microsoft.com/dotnet/fundamentals/code-analysis/quality-rules/ca2000) [C:\ISLAMU\GitHub\Event\Explore.Blazor.Client\Explore.Blazor.Client.csproj]
C:\ISLAMU\GitHub\Event\Explore.Blazor.Client\Services\ImageStorageService.cs(272,22): warning CA2000: Appelez System.IDisposable.Dispose sur l'objet créé par 'new StringContent(uploadUrl)' avant que toutes les références s'y rapportant ne soient hors étendue (https://learn.microsoft.com/dotnet/fundamentals/code-analysis/quality-rules/ca2000) [C:\ISLAMU\GitHub\Event\Explore.Blazor.Client\Explore.Blazor.Client.csproj]
C:\ISLAMU\GitHub\Event\Explore.Blazor.Client\Pages\Events\EventEdit.razor.cs(221,53): warning CA1311: Spécifiez une culture ou utilisez une version invariante pour éviter toute dépendance implicite par rapport à la culture actuelle (https://learn.microsoft.com/dotnet/fundamentals/code-analysis/quality-rules/ca1311) [C:\ISLAMU\GitHub\Event\Explore.Blazor.Client\Explore.Blazor.Client.csproj]
C:\ISLAMU\GitHub\Event\Explore.Blazor.Client\Pages\Events\EventEdit.razor.cs(221,36): warning CA1304: Le comportement de 'string.ToLower()' peut varier en fonction des paramètres régionaux de l'utilisateur actuel. Remplacez cet appel dans 'EventEdit.OnImageFileSelected(IBrowserFile)' par un appel à 'string.ToLower(CultureInfo)'. (https://learn.microsoft.com/dotnet/fundamentals/code-analysis/quality-rules/ca1304) [C:\ISLAMU\GitHub\Event\Explore.Blazor.Client\Explore.Blazor.Client.csproj]
C:\ISLAMU\GitHub\Event\Explore.Blazor.Client\Pages\Events\EventEdit.razor.cs(348,13): warning CA1860: Préférez comparer « Count » à 0 au lieu d’utiliser « Any() », à la fois pour plus de clarté et pour des performances (https://learn.microsoft.com/dotnet/fundamentals/code-analysis/quality-rules/ca1860) [C:\ISLAMU\GitHub\Event\Explore.Blazor.Client\Explore.Blazor.Client.csproj]
C:\ISLAMU\GitHub\Event\Explore.Blazor.Client\Pages\Events\EventList.razor.cs(1076,28): warning CA1816: Changez EventList.DisposeAsync() pour appeler GC.SuppressFinalize(object). Cette opération empêche les types dérivés qui introduisent un finaliseur d'avoir à réimplémenter 'IDisposable' pour l'appeler. (https://learn.microsoft.com/dotnet/fundamentals/code-analysis/quality-rules/ca1816) [C:\ISLAMU\GitHub\Event\Explore.Blazor.Client\Explore.Blazor.Client.csproj]
C:\ISLAMU\GitHub\Event\Explore.Blazor.Client\Pages\Admin\Instance\Components\InstanceTenantsSection.razor(1,1): warning MUD0002: Illegal Attribute 'Title' on 'MudIconButton' using pattern 'LowerCase' source location '(1124,20)-(1124,83)' (https://mudblazor.com/features/analyzers) [C:\ISLAMU\GitHub\Event\Explore.Blazor.Client\Explore.Blazor.Client.csproj]
C:\ISLAMU\GitHub\Event\Explore.Blazor.Client\Pages\Events\EventEdit.razor.cs(422,34): warning CA1860: Préférez comparer « Count » à 0 au lieu d’utiliser « Any() », à la fois pour plus de clarté et pour des performances (https://learn.microsoft.com/dotnet/fundamentals/code-analysis/quality-rules/ca1860) [C:\ISLAMU\GitHub\Event\Explore.Blazor.Client\Explore.Blazor.Client.csproj]
C:\ISLAMU\GitHub\Event\Explore.Blazor.Client\Pages\Events\EventEdit.razor.cs(480,49): warning CA1860: Préférez comparer « Count » à 0 au lieu d’utiliser « Any() », à la fois pour plus de clarté et pour des performances (https://learn.microsoft.com/dotnet/fundamentals/code-analysis/quality-rules/ca1860) [C:\ISLAMU\GitHub\Event\Explore.Blazor.Client\Explore.Blazor.Client.csproj]
C:\ISLAMU\GitHub\Event\Explore.Blazor.Client\Services\ImageStorageService.cs(476,13): warning CA1873: L’évaluation de cet argument peut être coûteuse et inutile si la journalisation est désactivée (https://learn.microsoft.com/dotnet/fundamentals/code-analysis/quality-rules/ca1873) [C:\ISLAMU\GitHub\Event\Explore.Blazor.Client\Explore.Blazor.Client.csproj]
C:\ISLAMU\GitHub\Event\Explore.Blazor.Client\Services\ImageStorageService.cs(491,13): warning CA1873: L’évaluation de cet argument peut être coûteuse et inutile si la journalisation est désactivée (https://learn.microsoft.com/dotnet/fundamentals/code-analysis/quality-rules/ca1873) [C:\ISLAMU\GitHub\Event\Explore.Blazor.Client\Explore.Blazor.Client.csproj]
C:\ISLAMU\GitHub\Event\Explore.Blazor.Client\Services\ImageStorageService.cs(505,13): warning CA1873: L’évaluation de cet argument peut être coûteuse et inutile si la journalisation est désactivée (https://learn.microsoft.com/dotnet/fundamentals/code-analysis/quality-rules/ca1873) [C:\ISLAMU\GitHub\Event\Explore.Blazor.Client\Explore.Blazor.Client.csproj]
C:\ISLAMU\GitHub\Event\Explore.Blazor.Client\Services\ImageStorageService.cs(523,13): warning CA1873: L’évaluation de cet argument peut être coûteuse et inutile si la journalisation est désactivée (https://learn.microsoft.com/dotnet/fundamentals/code-analysis/quality-rules/ca1873) [C:\ISLAMU\GitHub\Event\Explore.Blazor.Client\Explore.Blazor.Client.csproj]
C:\ISLAMU\GitHub\Event\Explore.Blazor.Client\Services\ImageStorageService.cs(529,17): warning CA1873: L’évaluation de cet argument peut être coûteuse et inutile si la journalisation est désactivée (https://learn.microsoft.com/dotnet/fundamentals/code-analysis/quality-rules/ca1873) [C:\ISLAMU\GitHub\Event\Explore.Blazor.Client\Explore.Blazor.Client.csproj]
C:\ISLAMU\GitHub\Event\Explore.Blazor.Client\Services\ImageStorageService.cs(558,17): warning CA1873: L’évaluation de cet argument peut être coûteuse et inutile si la journalisation est désactivée (https://learn.microsoft.com/dotnet/fundamentals/code-analysis/quality-rules/ca1873) [C:\ISLAMU\GitHub\Event\Explore.Blazor.Client\Explore.Blazor.Client.csproj]
C:\ISLAMU\GitHub\Event\Explore.Blazor.Client\Services\ImageStorageService.cs(566,17): warning CA1873: L’évaluation de cet argument peut être coûteuse et inutile si la journalisation est désactivée (https://learn.microsoft.com/dotnet/fundamentals/code-analysis/quality-rules/ca1873) [C:\ISLAMU\GitHub\Event\Explore.Blazor.Client\Explore.Blazor.Client.csproj]
C:\ISLAMU\GitHub\Event\Explore.Blazor.Client\Services\ImageStorageService.cs(605,13): warning CA1873: L’évaluation de cet argument peut être coûteuse et inutile si la journalisation est désactivée (https://learn.microsoft.com/dotnet/fundamentals/code-analysis/quality-rules/ca1873) [C:\ISLAMU\GitHub\Event\Explore.Blazor.Client\Explore.Blazor.Client.csproj]
C:\ISLAMU\GitHub\Event\Explore.Blazor.Client\Services\ImageStorageService.cs(668,17): warning CA1873: L’évaluation de cet argument peut être coûteuse et inutile si la journalisation est désactivée (https://learn.microsoft.com/dotnet/fundamentals/code-analysis/quality-rules/ca1873) [C:\ISLAMU\GitHub\Event\Explore.Blazor.Client\Explore.Blazor.Client.csproj]
C:\ISLAMU\GitHub\Event\Explore.Blazor.Client\Pages\User\Components\SettingsNotifications.razor(1,1): warning MUD0002: Illegal Attribute 'Checked' on 'MudSwitch' using pattern 'LowerCase' source location '(488,20)-(488,75)' (https://mudblazor.com/features/analyzers) [C:\ISLAMU\GitHub\Event\Explore.Blazor.Client\Explore.Blazor.Client.csproj]
C:\ISLAMU\GitHub\Event\Explore.Blazor.Client\Pages\User\Components\SettingsNotifications.razor(1,1): warning MUD0002: Illegal Attribute 'Checked' on 'MudSwitch' using pattern 'LowerCase' source location '(646,20)-(646,75)' (https://mudblazor.com/features/analyzers) [C:\ISLAMU\GitHub\Event\Explore.Blazor.Client\Explore.Blazor.Client.csproj]
C:\ISLAMU\GitHub\Event\Explore.Blazor.Client\Pages\User\Components\SettingsNotifications.razor(1,1): warning MUD0002: Illegal Attribute 'Checked' on 'MudSwitch' using pattern 'LowerCase' source location '(804,20)-(804,76)' (https://mudblazor.com/features/analyzers) [C:\ISLAMU\GitHub\Event\Explore.Blazor.Client\Explore.Blazor.Client.csproj]
C:\ISLAMU\GitHub\Event\Explore.Blazor.Client\Pages\User\Components\SettingsNotifications.razor(1,1): warning MUD0002: Illegal Attribute 'Checked' on 'MudSwitch' using pattern 'LowerCase' source location '(1043,20)-(1043,76)' (https://mudblazor.com/features/analyzers) [C:\ISLAMU\GitHub\Event\Explore.Blazor.Client\Explore.Blazor.Client.csproj]
C:\ISLAMU\GitHub\Event\Explore.Blazor.Client\Pages\User\Components\SettingsNotifications.razor(1,1): warning MUD0002: Illegal Attribute 'Checked' on 'MudSwitch' using pattern 'LowerCase' source location '(1201,20)-(1201,77)' (https://mudblazor.com/features/analyzers) [C:\ISLAMU\GitHub\Event\Explore.Blazor.Client\Explore.Blazor.Client.csproj]
C:\ISLAMU\GitHub\Event\Explore.Blazor.Client\Pages\Onboarding\AuthProviderConfiguration.razor(1,1): warning MUD0002: Illegal Attribute 'Direction' on 'MudStack' using pattern 'LowerCase' source location '(2155,20)-(2155,87)' (https://mudblazor.com/features/analyzers) [C:\ISLAMU\GitHub\Event\Explore.Blazor.Client\Explore.Blazor.Client.csproj]
C:\ISLAMU\GitHub\Event\Explore.Blazor.Client\Pages\Onboarding\AuthProviderConfiguration.razor(1,1): warning MUD0002: Illegal Attribute 'Direction' on 'MudStack' using pattern 'LowerCase' source location '(653,28)-(653,94)' (https://mudblazor.com/features/analyzers) [C:\ISLAMU\GitHub\Event\Explore.Blazor.Client\Explore.Blazor.Client.csproj]
C:\ISLAMU\GitHub\Event\Explore.Blazor.Client\Pages\Onboarding\AuthProviderConfiguration.razor(1,1): warning MUD0002: Illegal Attribute 'Direction' on 'MudStack' using pattern 'LowerCase' source location '(1353,28)-(1353,95)' (https://mudblazor.com/features/analyzers) [C:\ISLAMU\GitHub\Event\Explore.Blazor.Client\Explore.Blazor.Client.csproj]
C:\ISLAMU\GitHub\Event\Explore.Blazor.Client\Pages\Onboarding\AuthProviderConfiguration.razor(1,1): warning MUD0002: Illegal Attribute 'Direction' on 'MudStack' using pattern 'LowerCase' source location '(1748,28)-(1748,95)' (https://mudblazor.com/features/analyzers) [C:\ISLAMU\GitHub\Event\Explore.Blazor.Client\Explore.Blazor.Client.csproj]
C:\ISLAMU\GitHub\Event\Explore.Blazor.Client\Pages\Events\EventDetail.razor.cs(239,45): warning CA1860: Préférez comparer « Count » à 0 au lieu d’utiliser « Any() », à la fois pour plus de clarté et pour des performances (https://learn.microsoft.com/dotnet/fundamentals/code-analysis/quality-rules/ca1860) [C:\ISLAMU\GitHub\Event\Explore.Blazor.Client\Explore.Blazor.Client.csproj]
C:\ISLAMU\GitHub\Event\Explore.Blazor.Client\Pages\Events\EventDetail.razor.cs(213,13): warning CA1873: L’évaluation de cet argument peut être coûteuse et inutile si la journalisation est désactivée (https://learn.microsoft.com/dotnet/fundamentals/code-analysis/quality-rules/ca1873) [C:\ISLAMU\GitHub\Event\Explore.Blazor.Client\Explore.Blazor.Client.csproj]
C:\ISLAMU\GitHub\Event\Explore.Blazor.Client\Pages\Events\EventDetail.razor.cs(281,17): warning CA1873: L’évaluation de cet argument peut être coûteuse et inutile si la journalisation est désactivée (https://learn.microsoft.com/dotnet/fundamentals/code-analysis/quality-rules/ca1873) [C:\ISLAMU\GitHub\Event\Explore.Blazor.Client\Explore.Blazor.Client.csproj]
C:\ISLAMU\GitHub\Event\Explore.Blazor.Client\Pages\Events\EventDetail.razor.cs(316,9): warning CA1873: L’évaluation de cet argument peut être coûteuse et inutile si la journalisation est désactivée (https://learn.microsoft.com/dotnet/fundamentals/code-analysis/quality-rules/ca1873) [C:\ISLAMU\GitHub\Event\Explore.Blazor.Client\Explore.Blazor.Client.csproj]
C:\ISLAMU\GitHub\Event\Explore.Blazor.Client\Pages\Events\EventDetail.razor.cs(256,14): warning CA1860: Préférez comparer « Count » à 0 au lieu d’utiliser « Any() », à la fois pour plus de clarté et pour des performances (https://learn.microsoft.com/dotnet/fundamentals/code-analysis/quality-rules/ca1860) [C:\ISLAMU\GitHub\Event\Explore.Blazor.Client\Explore.Blazor.Client.csproj]
C:\ISLAMU\GitHub\Event\Explore.Blazor.Client\Pages\Events\EventDetail.razor.cs(98,13): warning CA1873: L’évaluation de cet argument peut être coûteuse et inutile si la journalisation est désactivée (https://learn.microsoft.com/dotnet/fundamentals/code-analysis/quality-rules/ca1873) [C:\ISLAMU\GitHub\Event\Explore.Blazor.Client\Explore.Blazor.Client.csproj]
C:\ISLAMU\GitHub\Event\Explore.Blazor.Client\Pages\Events\EventDetail.razor.cs(103,17): warning CA1873: L’évaluation de cet argument peut être coûteuse et inutile si la journalisation est désactivée (https://learn.microsoft.com/dotnet/fundamentals/code-analysis/quality-rules/ca1873) [C:\ISLAMU\GitHub\Event\Explore.Blazor.Client\Explore.Blazor.Client.csproj]
C:\ISLAMU\GitHub\Event\Explore.Blazor.Client\Pages\Events\EventDetail.razor.cs(110,17): warning CA1873: L’évaluation de cet argument peut être coûteuse et inutile si la journalisation est désactivée (https://learn.microsoft.com/dotnet/fundamentals/code-analysis/quality-rules/ca1873) [C:\ISLAMU\GitHub\Event\Explore.Blazor.Client\Explore.Blazor.Client.csproj]
C:\ISLAMU\GitHub\Event\Explore.Blazor.Client\Pages\Events\EventDetail.razor.cs(460,40): warning CA1860: Préférez comparer « Count » à 0 au lieu d’utiliser « Any() », à la fois pour plus de clarté et pour des performances (https://learn.microsoft.com/dotnet/fundamentals/code-analysis/quality-rules/ca1860) [C:\ISLAMU\GitHub\Event\Explore.Blazor.Client\Explore.Blazor.Client.csproj]
C:\ISLAMU\GitHub\Event\Explore.Blazor.Client\Pages\Events\EventDetail.razor.cs(548,13): warning CA1873: L’évaluation de cet argument peut être coûteuse et inutile si la journalisation est désactivée (https://learn.microsoft.com/dotnet/fundamentals/code-analysis/quality-rules/ca1873) [C:\ISLAMU\GitHub\Event\Explore.Blazor.Client\Explore.Blazor.Client.csproj]
C:\ISLAMU\GitHub\Event\Explore.Blazor.Client\Pages\Events\EventDetail.razor.cs(593,9): warning CA1873: L’évaluation de cet argument peut être coûteuse et inutile si la journalisation est désactivée (https://learn.microsoft.com/dotnet/fundamentals/code-analysis/quality-rules/ca1873) [C:\ISLAMU\GitHub\Event\Explore.Blazor.Client\Explore.Blazor.Client.csproj]
C:\ISLAMU\GitHub\Event\Explore.Blazor.Client\Pages\Events\EventDetail.razor.cs(602,9): warning CA1873: L’évaluation de cet argument peut être coûteuse et inutile si la journalisation est désactivée (https://learn.microsoft.com/dotnet/fundamentals/code-analysis/quality-rules/ca1873) [C:\ISLAMU\GitHub\Event\Explore.Blazor.Client\Explore.Blazor.Client.csproj]
C:\ISLAMU\GitHub\Event\Explore.Blazor.Client\Pages\Events\EventDetail.razor.cs(611,9): warning CA1873: L’évaluation de cet argument peut être coûteuse et inutile si la journalisation est désactivée (https://learn.microsoft.com/dotnet/fundamentals/code-analysis/quality-rules/ca1873) [C:\ISLAMU\GitHub\Event\Explore.Blazor.Client\Explore.Blazor.Client.csproj]
C:\ISLAMU\GitHub\Event\Explore.Blazor.Client\Pages\Events\CreateEvent.razor(1,1): warning MUD0002: Illegal Attribute 'DisableToolbar' on 'MudDatePicker' using pattern 'LowerCase' source location '(3307,28)-(3307,91)' (https://mudblazor.com/features/analyzers) [C:\ISLAMU\GitHub\Event\Explore.Blazor.Client\Explore.Blazor.Client.csproj]
C:\ISLAMU\GitHub\Event\Explore.Blazor.Client\Pages\Events\CreateEvent.razor(1,1): warning MUD0002: Illegal Attribute 'DisableToolbar' on 'MudDatePicker' using pattern 'LowerCase' source location '(3506,28)-(3506,91)' (https://mudblazor.com/features/analyzers) [C:\ISLAMU\GitHub\Event\Explore.Blazor.Client\Explore.Blazor.Client.csproj]
C:\ISLAMU\GitHub\Event\Explore.Blazor.Client\Pages\Events\EventEdit.razor(1,1): warning MUD0002: Illegal Attribute 'DisableToolbar' on 'MudDatePicker' using pattern 'LowerCase' source location '(1695,28)-(1695,91)' (https://mudblazor.com/features/analyzers) [C:\ISLAMU\GitHub\Event\Explore.Blazor.Client\Explore.Blazor.Client.csproj]
C:\ISLAMU\GitHub\Event\Explore.Blazor.Client\Pages\Events\EventEdit.razor(1,1): warning MUD0002: Illegal Attribute 'DisableToolbar' on 'MudDatePicker' using pattern 'LowerCase' source location '(1894,28)-(1894,91)' (https://mudblazor.com/features/analyzers) [C:\ISLAMU\GitHub\Event\Explore.Blazor.Client\Explore.Blazor.Client.csproj]
C:\ISLAMU\GitHub\Event\Explore.Blazor.Client\Pages\Events\EventDetail.razor(1,1): warning MUD0002: Illegal Attribute 'Elevation' on 'MudButton' using pattern 'LowerCase' source location '(2179,28)-(2179,83)' (https://mudblazor.com/features/analyzers) [C:\ISLAMU\GitHub\Event\Explore.Blazor.Client\Explore.Blazor.Client.csproj]
    328 Avertissement(s)
    0 Erreur(s)

Temps écoulé 00:00:18.67
